Data/merged_raw.csv
Date,StoreID,ProductID,Quantity,Price,Quantity_perWeek,Price_Total_perOrder
20220912,4051653300272,4260705920010,"1,000","4,29","-52,000","4,29"
20220913,4051653300272,4260705920010,"1,000","4,29","-45,000","4,29"
20220914,4051653300272,4260705920010,"1,000","4,29","-46,000","4,29"
20220915,4051653300272,4260705920010,"1,000","4,29","-47,000","4,29"
20220829,4051653300272,4260705920010,"2,000","4,29","-50,000","8,58"
20220830,4051653300272,4260705920010,"1,000","4,29","-46,000","4,29"
20220831,4051653300272,4260705920010,"3,000","4,29","-49,000","12,87"
20220901,4051653300272,4260705920010,"1,000","4,29","-50,000","4,29"
20220902,4051653300272,4260705920010,"1,000","4,29","-51,000","4,29"
20220903,4051653300272,4260705920010,"1,000","4,29","-52,000","4,29"
20220711,4051653300272,4260705920010,"1,000","4,29","-52,000","4,29"
20220712,4051653300272,4260705920010,"1,000","4,29","-45,000","4,29"
20220713,4051653300272,4260705920010,"1,000","4,29","-46,000","4,29"
20220714,4051653300272,4260705920010,"1,000","4,29","-47,000","4,29"
20220715,4051653300272,4260705920010,"1,000","4,29","-48,000","4,29"
20220716,4051653300272,4260705920010,"2,000","4,29","-50,000","8,58"
20221227,4051653300272,4260705920010,"1,000","4,29","-1,000","4,29"
20221230,4051653300272,4260705920010,"1,000","4,29","-2,000","4,29"
20221231,4051653300272,4260705920010,"1,000","4,29","-3,000","4,29"
20220808,4051653300272,4260705920010,"1,000","4,29","-49,000","4,29"
20220809,4051653300272,4260705920010,"1,000","4,29","-45,000","4,29"
20220810,4051653300272,4260705920010,"1,000","4,29","-46,000","4,29"
20220811,4051653300272,4260705920010,"1,000","4,29","-47,000","4,29"
20220812,4051653300272,4260705920010,"1,000","4,29","-48,000","4,29"
20221212,4051653300272,4260705920010,"1,000","4,29","-6,000","4,29"
20221213,4051653300272,4260705920010,"1,000","4,29","-2,000","4,29"
20221214,4051653300272,4260705920010,"1,000","4,29","-3,000","4,29"
20221215,4051653300272,4260705920010,"1,000","4,29","-4,000","4,29"
20221216,4051653300272,4260705920010,"1,000","4,29","-5,000","4,29"
20221217,4051653300272,4260705920010,"1,000","4,29","-6,000","4,29"
20220509,4051653300272,4260705920010,"1,000","3,99","-1,000","3,99"
20220510,4051653300272,4260705920010,"1,000","3,99","-2,000","3,99"
20220511,4051653300272,4260705920010,"2,000","3,99","-4,000","7,98"
20220513,4051653300272,4260705920010,"1,000","3,99","-5,000","3,99"
20220514,4051653300272,4260705920010,"1,000","3,99","-6,000","3,99"
20220516,4051653300272,4260705920010,"1,000","3,99","-7,000","3,99"
20220517,4051653300272,4260705920010,"1,000","3,99","-8,000","3,99"
20220518,4051653300272,4260705920010,"1,000","3,99","-9,000","3,99"
20220519,4051653300272,4260705920010,"1,000","3,99","-10,000","3,99"
20220520,4051653300272,4260705920010,"2,000","3,99","-12,000","7,98"
20220521,4051653300272,4260705920010,"2,000","3,99","-14,000","7,98"
20220523,4051653300272,4260705920010,"1,000","3,99","-15,000","3,99"
20220524,4051653300272,4260705920010,"1,000","3,99","-16,000","3,99"
20220525,4051653300272,4260705920010,"2,000","3,99","-18,000","7,98"
20220527,4051653300272,4260705920010,"2,000","3,99","-20,000","7,98"
20220528,4051653300272,4260705920010,"2,000","3,99","-22,000","7,98"
20220530,4051653300272,4260705920010,"1,000","3,99","-23,000","3,99"
20220601,4051653300272,4260705920010,"1,000","3,99","-24,000","3,99"
20220602,4051653300272,4260705920010,"1,000","3,99","-25,000","3,99"
20220603,4051653300272,4260705920010,"2,000","3,99","-27,000","7,98"
20220604,4051653300272,4260705920010,"2,000","3,99","-29,000","7,98"
20220607,4051653300272,4260705920010,"1,000","3,99","-30,000","3,99"
20220608,4051653300272,4260705920010,"1,000","3,99","-31,000","3,99"
20220609,4051653300272,4260705920010,"1,000","3,99","-32,000","3,99"
20220610,4051653300272,4260705920010,"2,000","3,99","-34,000","7,98"
20220611,4051653300272,4260705920010,"2,000","3,99","-36,000","7,98"
20220613,4051653300272,4260705920010,"1,000","3,99","-37,000","3,99"
20220614,4051653300272,4260705920010,"1,000","3,99","-38,000","3,99"
20220615,4051653300272,4260705920010,"1,000","3,99","-39,000","3,99"
20220616,4051653300272,4260705920010,"1,000","3,99","-40,000","3,99"
20220617,4051653300272,4260705920010,"2,000","3,99","-42,000","7,98"
20220618,4051653300272,4260705920010,"1,000","3,99","-43,000","3,99"
20230130,4051653300272,4260705920010,"1,000","4,29","-1,000","4,29"
20230131,4051653300272,4260705920010,"1,000","4,29","-2,000","4,29"
20230201,4051653300272,4260705920010,"1,000","4,29","-3,000","4,29"
20230202,4051653300272,4260705920010,"1,000","4,29","-4,000","4,29"
20230203,4051653300272,4260705920010,"1,000","4,29","-5,000","4,29"
20230204,4051653300272,4260705920010,"1,000","4,29","-6,000","4,29"
20221010,4051653300272,4260705920010,"1,000","4,29","-6,000","4,29"
20221011,4051653300272,4260705920010,"1,000","4,29","-2,000","4,29"
20221012,4051653300272,4260705920010,"1,000","4,29","-3,000","4,29"
20221013,4051653300272,4260705920010,"1,000","4,29","-4,000","4,29"
20221015,4051653300272,4260705920010,"1,000","4,29","-5,000","4,29"
20221219,4051653300272,4260705920010,"1,000","4,29","-7,000","4,29"
20221220,4051653300272,4260705920010,"1,000","4,29","-2,000","4,29"
20221222,4051653300272,4260705920010,"1,000","4,29","-3,000","4,29"
20221223,4051653300272,4260705920010,"1,000","4,29","-4,000","4,29"
20220704,4051653300272,4260705920010,"2,000","4,29","-53,000","8,58"
20220705,4051653300272,4260705920010,"1,000","4,29","-46,000","4,29"
20220707,4051653300272,4260705920010,"1,000","4,29","-47,000","4,29"
20220708,4051653300272,4260705920010,"1,000","4,29","-48,000","4,29"
20220709,4051653300272,4260705920010,"3,000","4,29","-51,000","12,87"
20220621,4051653300272,4260705920010,"1,000","3,99","-44,000","3,99"
20220622,4051653300272,4260705920010,"1,000","3,99","-45,000","3,99"
20220623,4051653300272,4260705920010,"1,000","3,99","-46,000","3,99"
20220624,4051653300272,4260705920010,"1,000","3,99","-47,000","3,99"
20220625,4051653300272,4260705920010,"1,000","3,99","-48,000","3,99"
20221114,4051653300272,4260705920010,"1,000","4,29","-9,000","4,29"
20221116,4051653300272,4260705920010,"1,000","4,29","-2,000","4,29"
20221117,4051653300272,4260705920010,"1,000","4,29","-3,000","4,29"
20221118,4051653300272,4260705920010,"2,000","4,29","-5,000","8,58"
20221119,4051653300272,4260705920010,"1,000","4,29","-6,000","4,29"
20221101,4051653300272,4260705920010,"1,000","4,29","-1,000","4,29"
20221102,4051653300272,4260705920010,"1,000","4,29","-2,000","4,29"
20221103,4051653300272,4260705920010,"1,000","4,29","-3,000","4,29"
20221104,4051653300272,4260705920010,"1,000","4,29","-4,000","4,29"
20220801,4051653300272,4260705920010,"1,000","4,29","-50,000","4,29"
20220804,4051653300272,4260705920010,"1,000","4,29","-45,000","4,29"
20220805,4051653300272,4260705920010,"1,000","4,29","-46,000","4,29"
20220806,4051653300272,4260705920010,"2,000","4,29","-48,000","8,58"
20230109,4051653300272,4260705920010,"1,000","4,29","-1,000","4,29"
20230111,4051653300272,4260705920010,"1,000","4,29","-2,000","4,29"
20230112,4051653300272,4260705920010,"1,000","4,29","-3,000","4,29"
20230113,4051653300272,4260705920010,"1,000","4,29","-4,000","4,29"
20230114,4051653300272,4260705920010,"1,000","4,29","-5,000","4,29"
20220817,4051653300272,4260705920010,"1,000","4,29","-44,000","4,29"
20220819,4051653300272,4260705920010,"1,000","4,29","-45,000","4,29"
20220820,4051653300272,4260705920010,"1,000","4,29","-46,000","4,29"
20221028,4051653300272,4260705920010,"1,000","4,29","-1,000","4,29"
20221029,4051653300272,4260705920010,"1,000","4,29","-2,000","4,29"
20221004,4051653300272,4260705920010,"1,000","4,29","-1,000","4,29"
20221005,4051653300272,4260705920010,"1,000","4,29","-2,000","4,29"
20221006,4051653300272,4260705920010,"1,000","4,29","-3,000","4,29"
20221007,4051653300272,4260705920010,"1,000","4,29","-4,000","4,29"
20221008,4051653300272,4260705920010,"1,000","4,29","-5,000","4,29"
20220719,4051653300272,4260705920010,"1,000","4,29","-44,000","4,29"
20220720,4051653300272,4260705920010,"1,000","4,29","-45,000","4,29"
20220721,4051653300272,4260705920010,"1,000","4,29","-46,000","4,29"
20220722,4051653300272,4260705920010,"1,000","4,29","-47,000","4,29"
20220723,4051653300272,4260705920010,"1,000","4,29","-48,000","4,29"
20230116,4051653300272,4260705920010,"1,000","4,29","-6,000","4,29"
20230117,4051653300272,4260705920010,"1,000","4,29","-7,000","4,29"
20230118,4051653300272,4260705920010,"1,000","4,29","-3,000","4,29"
20230119,4051653300272,4260705920010,"1,000","4,29","-4,000","4,29"
20230120,4051653300272,4260705920010,"1,000","4,29","-5,000","4,29"
20221107,4051653300272,4260705920010,"1,000","4,29","-5,000","4,29"
20221108,4051653300272,4260705920010,"1,000","4,29","-2,000","4,29"
20221109,4051653300272,4260705920010,"1,000","4,29","-3,000","4,29"
20221110,4051653300272,4260705920010,"1,000","4,29","-4,000","4,29"
20221111,4051653300272,4260705920010,"3,000","4,29","-7,000","12,87"
20221112,4051653300272,4260705920010,"1,000","4,29","-8,000","4,29"
20230102,4051653300272,4260705920010,"1,000","4,29","-1,000","4,29"
20230103,4051653300272,4260705920010,"1,000","4,29","-2,000","4,29"
20230106,4051653300272,4260705920010,"1,000","4,29","-3,000","4,29"
20230107,4051653300272,4260705920010,"1,000","4,29","-4,000","4,29"
20220725,4051653300272,4260705920010,"1,000","4,29","-49,000","4,29"
20220726,4051653300272,4260705920010,"2,000","4,29","-46,000","8,58"
20220727,4051653300272,4260705920010,"1,000","4,29","-47,000","4,29"
20220728,4051653300272,4260705920010,"1,000","4,29","-48,000","4,29"
20220729,4051653300272,4260705920010,"1,000","4,29","-49,000","4,29"
20220905,4051653300272,4260705920010,"1,000","4,29","-53,000","4,29"
20220906,4051653300272,4260705920010,"1,000","4,29","-45,000","4,29"
20220907,4051653300272,4260705920010,"1,000","4,29","-46,000","4,29"
20220908,4051653300272,4260705920010,"1,000","4,29","-47,000","4,29"
20220909,4051653300272,4260705920010,"2,000","4,29","-49,000","8,58"
20220910,4051653300272,4260705920010,"2,000","4,29","-51,000","8,58"
20220627,4051653300272,4260705920010,"1,000","3,99","-49,000","3,99"
20220628,4051653300272,4260705920010,"1,000","3,99","-45,000","3,99"
20220629,4051653300272,4260705920010,"1,000","3,99","-46,000","3,99"
20220630,4051653300272,4260705920010,"1,000","3,99","-47,000","3,99"
20220701,4051653300272,4260705920010,"2,000","3,99","-49,000","7,98"
20220702,4051653300272,4260705920010,"2,000","3,99","-51,000","7,98"
20221129,4051653300272,4260705920010,"1,000","4,29","-1,000","4,29"
20221130,4051653300272,4260705920010,"1,000","4,29","-2,000","4,29"
20221202,4051653300272,4260705920010,"1,000","4,29","-3,000","4,29"
20221203,4051653300272,4260705920010,"1,000","4,29","-4,000","4,29"
20221205,4051653300272,4260705920010,"1,000","4,29","-5,000","4,29"
20221206,4051653300272,4260705920010,"1,000","4,29","-2,000","4,29"
20221207,4051653300272,4260705920010,"1,000","4,29","-3,000","4,29"
20221209,4051653300272,4260705920010,"1,000","4,29","-4,000","4,29"
20221210,4051653300272,4260705920010,"1,000","4,29","-5,000","4,29"
20220929,4051653300272,4260705920010,"1,000","4,29","-44,000","4,29"
20220930,4051653300272,4260705920010,"1,000","4,29","-44,000","4,29"
20221001,4051653300272,4260705920010,"2,000","4,29","-46,000","8,58"
20221121,4051653300272,4260705920010,"1,000","4,29","-7,000","4,29"
20221122,4051653300272,4260705920010,"1,000","4,29","-2,000","4,29"
20221123,4051653300272,4260705920010,"1,000","4,29","-3,000","4,29"
20221124,4051653300272,4260705920010,"1,000","4,29","-4,000","4,29"
20221125,4051653300272,4260705920010,"1,000","4,29","-5,000","4,29"
20221126,4051653300272,4260705920010,"1,000","4,29","-6,000","4,29"
20221020,4051653300272,4260705920010,"1,000","4,29","-1,000","4,29"
20221021,4051653300272,4260705920010,"1,000","4,29","-2,000","4,29"
20221022,4051653300272,4260705920010,"1,000","4,29","-3,000","4,29"
20220822,4051653300272,4260705920010,"1,000","4,29","-47,000","4,29"
20220824,4051653300272,4260705920010,"1,000","4,29","-45,000","4,29"
20220825,4051653300272,4260705920010,"1,000","4,29","-46,000","4,29"
20220826,4051653300272,4260705920010,"1,000","4,29","-47,000","4,29"
20220827,4051653300272,4260705920010,"1,000","4,29","-48,000","4,29"
20230123,4051653300272,4260705920010,"1,000","4,29","-1,000","4,29"
20230124,4051653300272,4260705920010,"1,000","4,29","-2,000","4,29"
20230125,4051653300272,4260705920010,"1,000","4,29","-3,000","4,29"
20230127,4051653300272,4260705920010,"1,000","4,29","-4,000","4,29"
20230128,4051653300272,4260705920010,"1,000","4,29","-5,000","4,29"
