Data/merged_raw.csv
Date,StoreID,ProductID,Quantity,Price,Quantity_perWeek,Price_Total_perOrder
20220912,4051653300272,4260705920027,"1,000","3,59","-40,000","3,59"
20220913,4051653300272,4260705920027,"1,000","3,59","-35,000","3,59"
20220914,4051653300272,4260705920027,"1,000","3,59","-36,000","3,59"
20220829,4051653300272,4260705920027,"2,000","3,59","-39,000","7,18"
20220830,4051653300272,4260705920027,"1,000","3,59","-36,000","3,59"
20220831,4051653300272,4260705920027,"1,000","3,59","-37,000","3,59"
20220901,4051653300272,4260705920027,"1,000","3,59","-38,000","3,59"
20220902,4051653300272,4260705920027,"1,000","3,59","-39,000","3,59"
20220903,4051653300272,4260705920027,"1,000","3,59","-40,000","3,59"
20220711,4051653300272,4260705920027,"1,000","3,59","-40,000","3,59"
20220712,4051653300272,4260705920027,"1,000","3,59","-35,000","3,59"
20220713,4051653300272,4260705920027,"1,000","3,59","-36,000","3,59"
20220714,4051653300272,4260705920027,"1,000","3,59","-37,000","3,59"
20220715,4051653300272,4260705920027,"1,000","3,59","-38,000","3,59"
20220716,4051653300272,4260705920027,"1,000","3,59","-39,000","3,59"
20221227,4051653300272,4260705920027,"1,000","3,89","-1,000","3,89"
20221228,4051653300272,4260705920027,"1,000","3,89","-2,000","3,89"
20220808,4051653300272,4260705920027,"1,000","3,59","-39,000","3,59"
20220809,4051653300272,4260705920027,"1,000","3,59","-35,000","3,59"
20220810,4051653300272,4260705920027,"1,000","3,59","-36,000","3,59"
20220811,4051653300272,4260705920027,"1,000","3,59","-37,000","3,59"
20221212,4051653300272,4260705920027,"1,000","3,89","-4,000","3,89"
20221214,4051653300272,4260705920027,"1,000","3,89","-2,000","3,89"
20220509,4051653300272,4260705920027,"1,000","3,49","-1,000","3,49"
20220510,4051653300272,4260705920027,"1,000","3,49","-2,000","3,49"
20220511,4051653300272,4260705920027,"2,000","3,49","-4,000","6,98"
20220512,4051653300272,4260705920027,"1,000","3,49","-5,000","3,49"
20220513,4051653300272,4260705920027,"1,000","3,49","-6,000","3,49"
20220517,4051653300272,4260705920027,"1,000","3,49","-7,000","3,49"
20220518,4051653300272,4260705920027,"1,000","3,49","-8,000","3,49"
20220519,4051653300272,4260705920027,"1,000","3,49","-9,000","3,49"
20220520,4051653300272,4260705920027,"2,000","3,49","-11,000","6,98"
20220521,4051653300272,4260705920027,"1,000","3,49","-12,000","3,49"
20220523,4051653300272,4260705920027,"1,000","3,49","-13,000","3,49"
20220524,4051653300272,4260705920027,"1,000","3,49","-14,000","3,49"
20220525,4051653300272,4260705920027,"1,000","3,49","-15,000","3,49"
20220527,4051653300272,4260705920027,"1,000","3,49","-16,000","3,49"
20220528,4051653300272,4260705920027,"1,000","3,49","-17,000","3,49"
20220530,4051653300272,4260705920027,"1,000","3,49","-18,000","3,49"
20220531,4051653300272,4260705920027,"1,000","3,49","-19,000","3,49"
20220601,4051653300272,4260705920027,"1,000","3,49","-20,000","3,49"
20220602,4051653300272,4260705920027,"1,000","3,49","-21,000","3,49"
20220603,4051653300272,4260705920027,"1,000","3,49","-22,000","3,49"
20220604,4051653300272,4260705920027,"1,000","3,49","-23,000","3,49"
20220607,4051653300272,4260705920027,"1,000","3,49","-24,000","3,49"
20220608,4051653300272,4260705920027,"1,000","3,49","-25,000","3,49"
20220609,4051653300272,4260705920027,"1,000","3,49","-26,000","3,49"
20220610,4051653300272,4260705920027,"1,000","3,49","-27,000","3,49"
20220611,4051653300272,4260705920027,"1,000","3,49","-28,000","3,49"
20220613,4051653300272,4260705920027,"1,000","3,49","-29,000","3,49"
20220614,4051653300272,4260705920027,"1,000","3,49","-30,000","3,49"
20220615,4051653300272,4260705920027,"1,000","3,49","-31,000","3,49"
20220616,4051653300272,4260705920027,"1,000","3,49","-32,000","3,49"
20220617,4051653300272,4260705920027,"1,000","3,49","-33,000","3,49"
20221010,4051653300272,4260705920027,"1,000","3,59","-6,000","3,59"
20221012,4051653300272,4260705920027,"1,000","3,59","-2,000","3,59"
20221014,4051653300272,4260705920027,"1,000","3,59","-3,000","3,59"
20221015,4051653300272,4260705920027,"1,000","3,59","-4,000","3,59"
20221220,4051653300272,4260705920027,"1,000","3,89","-1,000","3,89"
20221221,4051653300272,4260705920027,"1,000","3,89","-2,000","3,89"
20220704,4051653300272,4260705920027,"1,000","3,59","-38,000","3,59"
20220705,4051653300272,4260705920027,"1,000","3,59","-35,000","3,59"
20220706,4051653300272,4260705920027,"1,000","3,59","-36,000","3,59"
20220707,4051653300272,4260705920027,"1,000","3,59","-37,000","3,59"
20220708,4051653300272,4260705920027,"1,000","3,59","-38,000","3,59"
20220709,4051653300272,4260705920027,"1,000","3,59","-39,000","3,59"
20220620,4051653300272,4260705920027,"1,000","3,49","-34,000","3,49"
20220621,4051653300272,4260705920027,"1,000","3,49","-35,000","3,49"
20220622,4051653300272,4260705920027,"1,000","3,49","-36,000","3,49"
20220623,4051653300272,4260705920027,"1,000","3,49","-37,000","3,49"
20220624,4051653300272,4260705920027,"1,000","3,49","-38,000","3,49"
20220625,4051653300272,4260705920027,"1,000","3,49","-39,000","3,49"
20221118,4051653300272,4260705920027,"1,000","3,89","-1,000","3,89"
20220801,4051653300272,4260705920027,"1,000","3,59","-39,000","3,59"
20220803,4051653300272,4260705920027,"1,000","3,59","-35,000","3,59"
20220804,4051653300272,4260705920027,"1,000","3,59","-36,000","3,59"
20220805,4051653300272,4260705920027,"1,000","3,59","-37,000","3,59"
20220806,4051653300272,4260705920027,"1,000","3,59","-38,000","3,59"
20230114,4051653300272,4260705920027,"1,000","3,89","-1,000","3,89"
20220816,4051653300272,4260705920027,"1,000","3,59","-34,000","3,59"
20220817,4051653300272,4260705920027,"1,000","3,59","-35,000","3,59"
20220820,4051653300272,4260705920027,"2,000","3,59","-37,000","7,18"
20221024,4051653300272,4260705920027,"1,000","3,89","-4,000","3,89"
20221027,4051653300272,4260705920027,"1,000","3,89","-2,000","3,89"
20221029,4051653300272,4260705920027,"1,000","3,89","-3,000","3,89"
20221005,4051653300272,4260705920027,"1,000","3,59","-1,000","3,59"
20221006,4051653300272,4260705920027,"1,000","3,59","-2,000","3,59"
20221007,4051653300272,4260705920027,"1,000","3,59","-3,000","3,59"
20221008,4051653300272,4260705920027,"2,000","3,59","-5,000","7,18"
20220718,4051653300272,4260705920027,"1,000","3,59","-40,000","3,59"
20220719,4051653300272,4260705920027,"1,000","3,59","-35,000","3,59"
20220721,4051653300272,4260705920027,"1,000","3,59","-36,000","3,59"
20220722,4051653300272,4260705920027,"1,000","3,59","-37,000","3,59"
20220723,4051653300272,4260705920027,"1,000","3,59","-38,000","3,59"
20230116,4051653300272,4260705920027,"1,000","3,89","-2,000","3,89"
20230117,4051653300272,4260705920027,"1,000","3,89","-3,000","3,89"
20230121,4051653300272,4260705920027,"2,000","3,89","-4,000","7,78"
20230102,4051653300272,4260705920027,"1,000","3,89","-1,000","3,89"
20220725,4051653300272,4260705920027,"1,000","3,59","-39,000","3,59"
20220726,4051653300272,4260705920027,"1,000","3,59","-35,000","3,59"
20220727,4051653300272,4260705920027,"1,000","3,59","-36,000","3,59"
20220728,4051653300272,4260705920027,"1,000","3,59","-37,000","3,59"
20220730,4051653300272,4260705920027,"1,000","3,59","-38,000","3,59"
20220905,4051653300272,4260705920027,"1,000","3,59","-41,000","3,59"
20220906,4051653300272,4260705920027,"1,000","3,59","-35,000","3,59"
20220907,4051653300272,4260705920027,"1,000","3,59","-36,000","3,59"
20220908,4051653300272,4260705920027,"1,000","3,59","-37,000","3,59"
20220909,4051653300272,4260705920027,"1,000","3,59","-38,000","3,59"
20220910,4051653300272,4260705920027,"1,000","3,59","-39,000","3,59"
20220628,4051653300272,4260705920027,"1,000","3,49","-34,000","3,49"
20220629,4051653300272,4260705920027,"1,000","3,49","-35,000","3,49"
20220630,4051653300272,4260705920027,"1,000","3,49","-36,000","3,49"
20220702,4051653300272,4260705920027,"1,000","3,49","-37,000","3,49"
20221205,4051653300272,4260705920027,"1,000","3,89","-1,000","3,89"
20221206,4051653300272,4260705920027,"1,000","3,89","-2,000","3,89"
20221207,4051653300272,4260705920027,"1,000","3,89","-3,000","3,89"
20220929,4051653300272,4260705920027,"1,000","3,59","-34,000","3,59"
20220930,4051653300272,4260705920027,"1,000","3,59","-34,000","3,59"
20221001,4051653300272,4260705920027,"1,000","3,59","-35,000","3,59"
20221125,4051653300272,4260705920027,"1,000","3,89","-1,000","3,89"
20221017,4051653300272,4260705920027,"1,000","3,59","-5,000","3,59"
20221019,4051653300272,4260705920027,"1,000","3,59","-2,000","3,59"
20221020,4051653300272,4260705920027,"1,000","3,89","-3,000","3,89"
20220823,4051653300272,4260705920027,"1,000","3,59","-34,000","3,59"
20220825,4051653300272,4260705920027,"1,000","3,59","-35,000","3,59"
20220826,4051653300272,4260705920027,"1,000","3,59","-36,000","3,59"
20220827,4051653300272,4260705920027,"1,000","3,59","-37,000","3,59"
20230124,4051653300272,4260705920027,"1,000","3,89","-1,000","3,89"
