Data/merged_raw.csv
Date,StoreID,ProductID,Quantity,Price,Quantity_perWeek,Price_Total_perOrder
20220912,4051653300272,4260705920034,"1,000","3,39","-48,000","3,39"
20220913,4051653300272,4260705920034,"1,000","3,39","-41,000","3,39"
20220914,4051653300272,4260705920034,"1,000","3,39","-42,000","3,39"
20220915,4051653300272,4260705920034,"1,000","3,39","-43,000","3,39"
20220829,4051653300272,4260705920034,"2,000","3,39","-46,000","6,78"
20220830,4051653300272,4260705920034,"1,000","3,39","-42,000","3,39"
20220831,4051653300272,4260705920034,"2,000","3,39","-44,000","6,78"
20220901,4051653300272,4260705920034,"1,000","3,39","-45,000","3,39"
20220902,4051653300272,4260705920034,"1,000","3,39","-46,000","3,39"
20220903,4051653300272,4260705920034,"1,000","3,39","-47,000","3,39"
20220711,4051653300272,4260705920034,"1,000","3,39","-48,000","3,39"
20220712,4051653300272,4260705920034,"1,000","3,39","-41,000","3,39"
20220713,4051653300272,4260705920034,"1,000","3,39","-42,000","3,39"
20220714,4051653300272,4260705920034,"1,000","3,39","-43,000","3,39"
20220715,4051653300272,4260705920034,"1,000","3,39","-44,000","3,39"
20220716,4051653300272,4260705920034,"2,000","3,39","-46,000","6,78"
20221227,4051653300272,4260705920034,"1,000","3,89","-1,000","3,89"
20221228,4051653300272,4260705920034,"1,000","3,89","-2,000","3,89"
20221229,4051653300272,4260705920034,"1,000","3,89","-3,000","3,89"
20221231,4051653300272,4260705920034,"1,000","3,89","-4,000","3,89"
20220808,4051653300272,4260705920034,"2,000","3,39","-47,000","6,78"
20220809,4051653300272,4260705920034,"2,000","3,39","-43,000","6,78"
20220810,4051653300272,4260705920034,"1,000","3,39","-44,000","3,39"
20220811,4051653300272,4260705920034,"2,000","3,39","-46,000","6,78"
20220812,4051653300272,4260705920034,"2,000","3,39","-48,000","6,78"
20220813,4051653300272,4260705920034,"1,000","3,39","-49,000","3,39"
20221212,4051653300272,4260705920034,"1,000","3,89","-4,000","3,89"
20221213,4051653300272,4260705920034,"1,000","3,89","-2,000","3,89"
20221215,4051653300272,4260705920034,"1,000","3,89","-3,000","3,89"
20220509,4051653300272,4260705920034,"1,000","3,29","-1,000","3,29"
20220511,4051653300272,4260705920034,"2,000","3,29","-3,000","6,58"
20220512,4051653300272,4260705920034,"1,000","3,29","-4,000","3,29"
20220513,4051653300272,4260705920034,"1,000","3,29","-5,000","3,29"
20220514,4051653300272,4260705920034,"2,000","3,29","-7,000","6,58"
20220516,4051653300272,4260705920034,"2,000","3,29","-9,000","6,58"
20220518,4051653300272,4260705920034,"1,000","3,29","-10,000","3,29"
20220519,4051653300272,4260705920034,"1,000","3,29","-11,000","3,29"
20220520,4051653300272,4260705920034,"1,000","3,29","-12,000","3,29"
20220521,4051653300272,4260705920034,"2,000","3,29","-14,000","6,58"
20220523,4051653300272,4260705920034,"1,000","3,29","-15,000","3,29"
20220524,4051653300272,4260705920034,"1,000","3,29","-16,000","3,29"
20220525,4051653300272,4260705920034,"2,000","3,29","-18,000","6,58"
20220527,4051653300272,4260705920034,"1,000","3,29","-19,000","3,29"
20220528,4051653300272,4260705920034,"2,000","3,29","-21,000","6,58"
20220530,4051653300272,4260705920034,"1,000","3,29","-22,000","3,29"
20220531,4051653300272,4260705920034,"1,000","3,29","-23,000","3,29"
20220601,4051653300272,4260705920034,"1,000","3,29","-24,000","3,29"
20220602,4051653300272,4260705920034,"1,000","3,29","-25,000","3,29"
20220603,4051653300272,4260705920034,"1,000","3,29","-26,000","3,29"
20220604,4051653300272,4260705920034,"2,000","3,29","-28,000","6,58"
20220607,4051653300272,4260705920034,"1,000","3,29","-29,000","3,29"
20220608,4051653300272,4260705920034,"1,000","3,29","-30,000","3,29"
20220609,4051653300272,4260705920034,"1,000","3,29","-31,000","3,29"
20220610,4051653300272,4260705920034,"2,000","3,29","-33,000","6,58"
20220613,4051653300272,4260705920034,"1,000","3,29","-34,000","3,29"
20220614,4051653300272,4260705920034,"1,000","3,29","-35,000","3,29"
20220615,4051653300272,4260705920034,"1,000","3,29","-36,000","3,29"
20220616,4051653300272,4260705920034,"1,000","3,29","-37,000","3,29"
20220617,4051653300272,4260705920034,"2,000","3,29","-39,000","6,58"
20230130,4051653300272,4260705920034,"1,000","3,89","-1,000","3,89"
20230131,4051653300272,4260705920034,"1,000","3,89","-2,000","3,89"
20230202,4051653300272,4260705920034,"2,000","3,89","-4,000","7,78"
20230203,4051653300272,4260705920034,"1,000","3,89","-5,000","3,89"
20221011,4051653300272,4260705920034,"1,000","3,39","-1,000","3,39"
20221013,4051653300272,4260705920034,"1,000","3,39","-2,000","3,39"
20221014,4051653300272,4260705920034,"1,000","3,39","-3,000","3,39"
20221015,4051653300272,4260705920034,"1,000","3,39","-4,000","3,39"
20221220,4051653300272,4260705920034,"1,000","3,89","-1,000","3,89"
20221221,4051653300272,4260705920034,"1,000","3,89","-2,000","3,89"
20221222,4051653300272,4260705920034,"1,000","3,89","-3,000","3,89"
20220704,4051653300272,4260705920034,"1,000","3,39","-44,000","3,39"
20220705,4051653300272,4260705920034,"1,000","3,39","-41,000","3,39"
20220706,4051653300272,4260705920034,"1,000","3,39","-42,000","3,39"
20220707,4051653300272,4260705920034,"1,000","3,39","-43,000","3,39"
20220708,4051653300272,4260705920034,"1,000","3,39","-44,000","3,39"
20220709,4051653300272,4260705920034,"3,000","3,39","-47,000","10,17"
20220620,4051653300272,4260705920034,"1,000","3,29","-40,000","3,29"
20220621,4051653300272,4260705920034,"1,000","3,29","-41,000","3,29"
20220622,4051653300272,4260705920034,"1,000","3,29","-42,000","3,29"
20220623,4051653300272,4260705920034,"1,000","3,29","-43,000","3,29"
20220624,4051653300272,4260705920034,"1,000","3,29","-44,000","3,29"
20220625,4051653300272,4260705920034,"1,000","3,29","-45,000","3,29"
20221115,4051653300272,4260705920034,"1,000","3,89","-1,000","3,89"
20221117,4051653300272,4260705920034,"1,000","3,89","-2,000","3,89"
20221118,4051653300272,4260705920034,"1,000","3,89","-3,000","3,89"
20221119,4051653300272,4260705920034,"1,000","3,89","-4,000","3,89"
20221103,4051653300272,4260705920034,"1,000","3,89","-1,000","3,89"
20221105,4051653300272,4260705920034,"1,000","3,89","-2,000","3,89"
20220801,4051653300272,4260705920034,"2,000","3,39","-48,000","6,78"
20220802,4051653300272,4260705920034,"1,000","3,39","-42,000","3,39"
20220804,4051653300272,4260705920034,"1,000","3,39","-43,000","3,39"
20220806,4051653300272,4260705920034,"2,000","3,39","-45,000","6,78"
20230109,4051653300272,4260705920034,"1,000","3,89","-1,000","3,89"
20230111,4051653300272,4260705920034,"1,000","3,89","-2,000","3,89"
20230112,4051653300272,4260705920034,"1,000","3,89","-3,000","3,89"
20230113,4051653300272,4260705920034,"1,000","3,89","-4,000","3,89"
20230114,4051653300272,4260705920034,"1,000","3,89","-5,000","3,89"
20220816,4051653300272,4260705920034,"1,000","3,39","-40,000","3,39"
20220818,4051653300272,4260705920034,"1,000","3,39","-41,000","3,39"
20220819,4051653300272,4260705920034,"1,000","3,39","-42,000","3,39"
20220820,4051653300272,4260705920034,"3,000","3,39","-45,000","10,17"
20221028,4051653300272,4260705920034,"1,000","3,89","-1,000","3,89"
20221029,4051653300272,4260705920034,"1,000","3,89","-2,000","3,89"
20221004,4051653300272,4260705920034,"1,000","3,39","-1,000","3,39"
20221005,4051653300272,4260705920034,"1,000","3,39","-2,000","3,39"
20221006,4051653300272,4260705920034,"1,000","3,39","-3,000","3,39"
20221007,4051653300272,4260705920034,"1,000","3,39","-4,000","3,39"
20221008,4051653300272,4260705920034,"1,000","3,39","-5,000","3,39"
20220719,4051653300272,4260705920034,"2,000","3,39","-41,000","6,78"
20220720,4051653300272,4260705920034,"1,000","3,39","-42,000","3,39"
20220721,4051653300272,4260705920034,"1,000","3,39","-43,000","3,39"
20220722,4051653300272,4260705920034,"2,000","3,39","-45,000","6,78"
20220723,4051653300272,4260705920034,"2,000","3,39","-47,000","6,78"
20230117,4051653300272,4260705920034,"1,000","3,89","-6,000","3,89"
20230118,4051653300272,4260705920034,"2,000","3,89","-3,000","7,78"
20230119,4051653300272,4260705920034,"1,000","3,89","-4,000","3,89"
20230120,4051653300272,4260705920034,"1,000","3,89","-5,000","3,89"
20230121,4051653300272,4260705920034,"1,000","3,89","-6,000","3,89"
20221107,4051653300272,4260705920034,"1,000","3,89","-3,000","3,89"
20221108,4051653300272,4260705920034,"1,000","3,89","-2,000","3,89"
20221109,4051653300272,4260705920034,"1,000","3,89","-3,000","3,89"
20221110,4051653300272,4260705920034,"1,000","3,89","-4,000","3,89"
20221112,4051653300272,4260705920034,"1,000","3,89","-5,000","3,89"
20230102,4051653300272,4260705920034,"1,000","3,89","-1,000","3,89"
20230103,4051653300272,4260705920034,"1,000","3,89","-2,000","3,89"
20230106,4051653300272,4260705920034,"1,000","3,89","-3,000","3,89"
20220725,4051653300272,4260705920034,"1,000","3,39","-48,000","3,39"
20220726,4051653300272,4260705920034,"1,000","3,39","-41,000","3,39"
20220727,4051653300272,4260705920034,"1,000","3,39","-42,000","3,39"
20220728,4051653300272,4260705920034,"1,000","3,39","-43,000","3,39"
20220729,4051653300272,4260705920034,"1,000","3,39","-44,000","3,39"
20220730,4051653300272,4260705920034,"2,000","3,39","-46,000","6,78"
20220905,4051653300272,4260705920034,"1,000","3,39","-48,000","3,39"
20220906,4051653300272,4260705920034,"1,000","3,39","-41,000","3,39"
20220907,4051653300272,4260705920034,"1,000","3,39","-42,000","3,39"
20220908,4051653300272,4260705920034,"1,000","3,39","-43,000","3,39"
20220909,4051653300272,4260705920034,"2,000","3,39","-45,000","6,78"
20220910,4051653300272,4260705920034,"2,000","3,39","-47,000","6,78"
20220628,4051653300272,4260705920034,"1,000","3,29","-40,000","3,29"
20220701,4051653300272,4260705920034,"1,000","3,29","-41,000","3,29"
20220702,4051653300272,4260705920034,"2,000","3,29","-43,000","6,58"
20221129,4051653300272,4260705920034,"1,000","3,89","-1,000","3,89"
20221130,4051653300272,4260705920034,"1,000","3,89","-2,000","3,89"
20221201,4051653300272,4260705920034,"1,000","3,89","-3,000","3,89"
20221202,4051653300272,4260705920034,"1,000","3,89","-4,000","3,89"
20221206,4051653300272,4260705920034,"1,000","3,89","-1,000","3,89"
20221207,4051653300272,4260705920034,"1,000","3,89","-2,000","3,89"
20221208,4051653300272,4260705920034,"1,000","3,89","-3,000","3,89"
20220929,4051653300272,4260705920034,"1,000","3,39","-40,000","3,39"
20220930,4051653300272,4260705920034,"1,000","3,39","-40,000","3,39"
20221001,4051653300272,4260705920034,"1,000","3,39","-41,000","3,39"
20221122,4051653300272,4260705920034,"1,000","3,89","-1,000","3,89"
20221123,4051653300272,4260705920034,"1,000","3,89","-2,000","3,89"
20221124,4051653300272,4260705920034,"1,000","3,89","-3,000","3,89"
20221125,4051653300272,4260705920034,"1,000","3,89","-4,000","3,89"
20221017,4051653300272,4260705920034,"1,000","3,39","-5,000","3,39"
20221019,4051653300272,4260705920034,"1,000","3,39","-2,000","3,39"
20221020,4051653300272,4260705920034,"1,000","3,89","-3,000","3,89"
20221021,4051653300272,4260705920034,"1,000","3,89","-4,000","3,89"
20221022,4051653300272,4260705920034,"1,000","3,89","-5,000","3,89"
20220822,4051653300272,4260705920034,"1,000","3,39","-46,000","3,39"
20220823,4051653300272,4260705920034,"1,000","3,39","-41,000","3,39"
20220825,4051653300272,4260705920034,"1,000","3,39","-42,000","3,39"
20220826,4051653300272,4260705920034,"1,000","3,39","-43,000","3,39"
20220827,4051653300272,4260705920034,"1,000","3,39","-44,000","3,39"
20230123,4051653300272,4260705920034,"1,000","3,89","-1,000","3,89"
20230124,4051653300272,4260705920034,"1,000","3,89","-2,000","3,89"
20230125,4051653300272,4260705920034,"1,000","3,89","-3,000","3,89"
20230126,4051653300272,4260705920034,"1,000","3,89","-4,000","3,89"
20230127,4051653300272,4260705920034,"1,000","3,89","-5,000","3,89"
