Data/merged_raw.csv
Date,StoreID,ProductID,Quantity,Price,Quantity_perWeek,Price_Total_perOrder
20220912,4051653300272,4260705920072,"2,000","5,79","-85,000","11,58"
20220914,4051653300272,4260705920072,"2,000","5,79","-73,000","11,58"
20220915,4051653300272,4260705920072,"1,000","5,79","-74,000","5,79"
20220916,4051653300272,4260705920072,"2,000","5,79","-76,000","11,58"
20220917,4051653300272,4260705920072,"1,000","5,79","-77,000","5,79"
20220829,4051653300272,4260705920072,"3,000","5,79","-83,000","17,37"
20220830,4051653300272,4260705920072,"2,000","5,79","-74,000","11,58"
20220831,4051653300272,4260705920072,"4,000","5,79","-78,000","23,16"
20220901,4051653300272,4260705920072,"2,000","5,79","-80,000","11,58"
20220902,4051653300272,4260705920072,"2,000","5,79","-82,000","11,58"
20220903,4051653300272,4260705920072,"2,000","5,79","-84,000","11,58"
20220711,4051653300272,4260705920072,"2,000","5,79","-85,000","11,58"
20220712,4051653300272,4260705920072,"2,000","5,79","-73,000","11,58"
20220713,4051653300272,4260705920072,"2,000","5,79","-75,000","11,58"
20220714,4051653300272,4260705920072,"2,000","5,79","-77,000","11,58"
20220715,4051653300272,4260705920072,"2,000","5,79","-79,000","11,58"
20220716,4051653300272,4260705920072,"2,000","5,79","-81,000","11,58"
20221230,4051653300272,4260705920072,"1,000","5,99","-1,000","5,99"
20220808,4051653300272,4260705920072,"2,000","5,79","-82,000","11,58"
20220809,4051653300272,4260705920072,"2,000","5,79","-73,000","11,58"
20220810,4051653300272,4260705920072,"2,000","5,79","-75,000","11,58"
20220811,4051653300272,4260705920072,"2,000","5,79","-77,000","11,58"
20220812,4051653300272,4260705920072,"2,000","5,79","-79,000","11,58"
20220813,4051653300272,4260705920072,"2,000","5,79","-81,000","11,58"
20221212,4051653300272,4260705920072,"1,000","5,99","-7,000","5,99"
20221213,4051653300272,4260705920072,"1,000","5,99","-2,000","5,99"
20221214,4051653300272,4260705920072,"1,000","5,99","-3,000","5,99"
20221215,4051653300272,4260705920072,"1,000","5,99","-4,000","5,99"
20221216,4051653300272,4260705920072,"1,000","5,99","-5,000","5,99"
20221217,4051653300272,4260705920072,"2,000","5,99","-7,000","11,98"
20220509,4051653300272,4260705920072,"1,000","5,49","-1,000","5,49"
20220510,4051653300272,4260705920072,"1,000","5,49","-2,000","5,49"
20220511,4051653300272,4260705920072,"2,000","5,49","-4,000","10,98"
20220512,4051653300272,4260705920072,"2,000","5,49","-6,000","10,98"
20220513,4051653300272,4260705920072,"2,000","5,49","-8,000","10,98"
20220514,4051653300272,4260705920072,"2,000","5,49","-10,000","10,98"
20220516,4051653300272,4260705920072,"2,000","5,49","-12,000","10,98"
20220517,4051653300272,4260705920072,"1,000","5,49","-13,000","5,49"
20220518,4051653300272,4260705920072,"2,000","5,49","-15,000","10,98"
20220519,4051653300272,4260705920072,"2,000","5,49","-17,000","10,98"
20220520,4051653300272,4260705920072,"3,000","5,49","-20,000","16,47"
20220521,4051653300272,4260705920072,"3,000","5,49","-23,000","16,47"
20220523,4051653300272,4260705920072,"2,000","5,49","-25,000","10,98"
20220524,4051653300272,4260705920072,"2,000","5,49","-27,000","10,98"
20220525,4051653300272,4260705920072,"3,000","5,49","-30,000","16,47"
20220527,4051653300272,4260705920072,"3,000","5,49","-33,000","16,47"
20220528,4051653300272,4260705920072,"3,000","5,49","-36,000","16,47"
20220530,4051653300272,4260705920072,"2,000","5,49","-38,000","10,98"
20220531,4051653300272,4260705920072,"2,000","5,49","-40,000","10,98"
20220601,4051653300272,4260705920072,"2,000","5,49","-42,000","10,98"
20220602,4051653300272,4260705920072,"1,000","5,49","-43,000","5,49"
20220603,4051653300272,4260705920072,"3,000","5,49","-46,000","16,47"
20220604,4051653300272,4260705920072,"3,000","5,49","-49,000","16,47"
20220607,4051653300272,4260705920072,"1,000","5,49","-50,000","5,49"
20220608,4051653300272,4260705920072,"2,000","5,49","-52,000","10,98"
20220609,4051653300272,4260705920072,"1,000","5,49","-53,000","5,49"
20220610,4051653300272,4260705920072,"2,000","5,49","-55,000","10,98"
20220611,4051653300272,4260705920072,"3,000","5,49","-58,000","16,47"
20220613,4051653300272,4260705920072,"2,000","5,49","-60,000","10,98"
20220614,4051653300272,4260705920072,"2,000","5,49","-62,000","10,98"
20220615,4051653300272,4260705920072,"2,000","5,49","-64,000","10,98"
20220616,4051653300272,4260705920072,"2,000","5,49","-66,000","10,98"
20220617,4051653300272,4260705920072,"2,000","5,49","-68,000","10,98"
20220618,4051653300272,4260705920072,"1,000","5,49","-69,000","5,49"
20230131,4051653300272,4260705920072,"2,000","5,99","-2,000","11,98"
20230201,4051653300272,4260705920072,"1,000","5,99","-3,000","5,99"
20230202,4051653300272,4260705920072,"1,000","5,99","-4,000","5,99"
20230203,4051653300272,4260705920072,"1,000","5,99","-5,000","5,99"
20230204,4051653300272,4260705920072,"1,000","5,99","-6,000","5,99"
20221011,4051653300272,4260705920072,"2,000","5,79","-2,000","11,58"
20221012,4051653300272,4260705920072,"2,000","5,79","-4,000","11,58"
20221013,4051653300272,4260705920072,"1,000","5,79","-5,000","5,79"
20221014,4051653300272,4260705920072,"2,000","5,79","-7,000","11,58"
20221015,4051653300272,4260705920072,"2,000","5,79","-9,000","11,58"
20221219,4051653300272,4260705920072,"1,000","5,99","-8,000","5,99"
20221220,4051653300272,4260705920072,"1,000","5,99","-2,000","5,99"
20221221,4051653300272,4260705920072,"1,000","5,99","-3,000","5,99"
20221222,4051653300272,4260705920072,"1,000","5,99","-4,000","5,99"
20221223,4051653300272,4260705920072,"1,000","5,99","-5,000","5,99"
20220704,4051653300272,4260705920072,"3,000","5,79","-85,000","17,37"
20220705,4051653300272,4260705920072,"2,000","5,79","-74,000","11,58"
20220706,4051653300272,4260705920072,"2,000","5,79","-76,000","11,58"
20220707,4051653300272,4260705920072,"2,000","5,79","-78,000","11,58"
20220708,4051653300272,4260705920072,"2,000","5,79","-80,000","11,58"
20220709,4051653300272,4260705920072,"3,000","5,79","-83,000","17,37"
20220919,4051653300272,4260705920072,"2,000","5,79","-79,000","11,58"
20220920,4051653300272,4260705920072,"2,000","5,79","-73,000","11,58"
20220922,4051653300272,4260705920072,"2,000","5,79","-75,000","11,58"
20220923,4051653300272,4260705920072,"3,000","5,79","-78,000","17,37"
20220924,4051653300272,4260705920072,"4,000","5,79","-82,000","23,16"
20220620,4051653300272,4260705920072,"1,000","5,49","-70,000","5,49"
20220621,4051653300272,4260705920072,"2,000","5,49","-72,000","10,98"
20220622,4051653300272,4260705920072,"2,000","5,49","-74,000","10,98"
20220623,4051653300272,4260705920072,"1,000","5,49","-75,000","5,49"
20220624,4051653300272,4260705920072,"2,000","5,49","-77,000","10,98"
20220625,4051653300272,4260705920072,"2,000","5,49","-79,000","10,98"
20221116,4051653300272,4260705920072,"1,000","5,99","-1,000","5,99"
20221117,4051653300272,4260705920072,"1,000","5,99","-2,000","5,99"
20221118,4051653300272,4260705920072,"1,000","5,99","-3,000","5,99"
20221119,4051653300272,4260705920072,"2,000","5,99","-5,000","11,98"
20221101,4051653300272,4260705920072,"1,000","5,99","-1,000","5,99"
20221102,4051653300272,4260705920072,"1,000","5,99","-2,000","5,99"
20221105,4051653300272,4260705920072,"1,000","5,99","-3,000","5,99"
20220801,4051653300272,4260705920072,"2,000","5,79","-82,000","11,58"
20220802,4051653300272,4260705920072,"2,000","5,79","-73,000","11,58"
20220803,4051653300272,4260705920072,"2,000","5,79","-75,000","11,58"
20220804,4051653300272,4260705920072,"1,000","5,79","-76,000","5,79"
20220805,4051653300272,4260705920072,"2,000","5,79","-78,000","11,58"
20220806,4051653300272,4260705920072,"2,000","5,79","-80,000","11,58"
20230109,4051653300272,4260705920072,"1,000","5,99","-1,000","5,99"
20230110,4051653300272,4260705920072,"1,000","5,99","-2,000","5,99"
20230111,4051653300272,4260705920072,"1,000","5,99","-3,000","5,99"
20230112,4051653300272,4260705920072,"1,000","5,99","-4,000","5,99"
20230113,4051653300272,4260705920072,"1,000","5,99","-5,000","5,99"
20230114,4051653300272,4260705920072,"1,000","5,99","-6,000","5,99"
20220815,4051653300272,4260705920072,"2,000","5,79","-83,000","11,58"
20220816,4051653300272,4260705920072,"2,000","5,79","-73,000","11,58"
20220817,4051653300272,4260705920072,"2,000","5,79","-75,000","11,58"
20220818,4051653300272,4260705920072,"2,000","5,79","-77,000","11,58"
20220819,4051653300272,4260705920072,"2,000","5,79","-79,000","11,58"
20220820,4051653300272,4260705920072,"3,000","5,79","-82,000","17,37"
20221024,4051653300272,4260705920072,"1,000","5,99","-12,000","5,99"
20221025,4051653300272,4260705920072,"1,000","5,99","-2,000","5,99"
20221026,4051653300272,4260705920072,"2,000","5,99","-4,000","11,98"
20221027,4051653300272,4260705920072,"1,000","5,99","-5,000","5,99"
20221028,4051653300272,4260705920072,"2,000","5,99","-7,000","11,98"
20221029,4051653300272,4260705920072,"2,000","5,99","-9,000","11,98"
20221004,4051653300272,4260705920072,"2,000","5,79","-2,000","11,58"
20221005,4051653300272,4260705920072,"2,000","5,79","-4,000","11,58"
20221006,4051653300272,4260705920072,"2,000","5,79","-6,000","11,58"
20221007,4051653300272,4260705920072,"2,000","5,79","-8,000","11,58"
20221008,4051653300272,4260705920072,"2,000","5,79","-10,000","11,58"
20220718,4051653300272,4260705920072,"2,000","5,79","-83,000","11,58"
20220719,4051653300272,4260705920072,"2,000","5,79","-73,000","11,58"
20220720,4051653300272,4260705920072,"2,000","5,79","-75,000","11,58"
20220721,4051653300272,4260705920072,"2,000","5,79","-77,000","11,58"
20220722,4051653300272,4260705920072,"2,000","5,79","-79,000","11,58"
20220723,4051653300272,4260705920072,"2,000","5,79","-81,000","11,58"
20230116,4051653300272,4260705920072,"1,000","5,99","-7,000","5,99"
20230117,4051653300272,4260705920072,"1,000","5,99","-8,000","5,99"
20230118,4051653300272,4260705920072,"2,000","5,99","-4,000","11,98"
20230119,4051653300272,4260705920072,"1,000","5,99","-5,000","5,99"
20230120,4051653300272,4260705920072,"1,000","5,99","-6,000","5,99"
20221107,4051653300272,4260705920072,"1,000","5,99","-4,000","5,99"
20221108,4051653300272,4260705920072,"1,000","5,99","-2,000","5,99"
20221109,4051653300272,4260705920072,"1,000","5,99","-3,000","5,99"
20221110,4051653300272,4260705920072,"1,000","5,99","-4,000","5,99"
20221111,4051653300272,4260705920072,"1,000","5,99","-5,000","5,99"
20221112,4051653300272,4260705920072,"2,000","5,99","-7,000","11,98"
20230102,4051653300272,4260705920072,"1,000","5,99","-1,000","5,99"
20230104,4051653300272,4260705920072,"1,000","5,99","-2,000","5,99"
20230105,4051653300272,4260705920072,"1,000","5,99","-3,000","5,99"
20230106,4051653300272,4260705920072,"1,000","5,99","-4,000","5,99"
20230107,4051653300272,4260705920072,"1,000","5,99","-5,000","5,99"
20220725,4051653300272,4260705920072,"2,000","5,79","-83,000","11,58"
20220726,4051653300272,4260705920072,"3,000","5,79","-74,000","17,37"
20220727,4051653300272,4260705920072,"2,000","5,79","-76,000","11,58"
20220728,4051653300272,4260705920072,"1,000","5,79","-77,000","5,79"
20220729,4051653300272,4260705920072,"1,000","5,79","-78,000","5,79"
20220730,4051653300272,4260705920072,"2,000","5,79","-80,000","11,58"
20220905,4051653300272,4260705920072,"2,000","5,79","-86,000","11,58"
20220906,4051653300272,4260705920072,"2,000","5,79","-73,000","11,58"
20220907,4051653300272,4260705920072,"2,000","5,79","-75,000","11,58"
20220908,4051653300272,4260705920072,"2,000","5,79","-77,000","11,58"
20220909,4051653300272,4260705920072,"3,000","5,79","-80,000","17,37"
20220910,4051653300272,4260705920072,"3,000","5,79","-83,000","17,37"
20220627,4051653300272,4260705920072,"1,000","5,49","-80,000","5,49"
20220628,4051653300272,4260705920072,"2,000","5,49","-72,000","10,98"
20220629,4051653300272,4260705920072,"2,000","5,49","-74,000","10,98"
20220630,4051653300272,4260705920072,"2,000","5,49","-76,000","10,98"
20220701,4051653300272,4260705920072,"3,000","5,49","-79,000","16,47"
20220702,4051653300272,4260705920072,"3,000","5,49","-82,000","16,47"
20221128,4051653300272,4260705920072,"1,000","5,99","-6,000","5,99"
20221129,4051653300272,4260705920072,"1,000","5,99","-2,000","5,99"
20221130,4051653300272,4260705920072,"1,000","5,99","-3,000","5,99"
20221201,4051653300272,4260705920072,"1,000","5,99","-4,000","5,99"
20221202,4051653300272,4260705920072,"1,000","5,99","-5,000","5,99"
20221203,4051653300272,4260705920072,"1,000","5,99","-6,000","5,99"
20221205,4051653300272,4260705920072,"1,000","5,99","-7,000","5,99"
20221206,4051653300272,4260705920072,"1,000","5,99","-2,000","5,99"
20221207,4051653300272,4260705920072,"1,000","5,99","-3,000","5,99"
20221208,4051653300272,4260705920072,"1,000","5,99","-4,000","5,99"
20221209,4051653300272,4260705920072,"1,000","5,99","-5,000","5,99"
20221210,4051653300272,4260705920072,"1,000","5,99","-6,000","5,99"
20220926,4051653300272,4260705920072,"2,000","5,79","-84,000","11,58"
20220927,4051653300272,4260705920072,"2,000","5,79","-73,000","11,58"
20220928,4051653300272,4260705920072,"2,000","5,79","-75,000","11,58"
20220929,4051653300272,4260705920072,"2,000","5,79","-77,000","11,58"
20220930,4051653300272,4260705920072,"3,000","5,79","-72,000","17,37"
20221001,4051653300272,4260705920072,"3,000","5,79","-75,000","17,37"
20221121,4051653300272,4260705920072,"1,000","5,99","-6,000","5,99"
20221122,4051653300272,4260705920072,"1,000","5,99","-2,000","5,99"
20221124,4051653300272,4260705920072,"1,000","5,99","-3,000","5,99"
20221126,4051653300272,4260705920072,"2,000","5,99","-5,000","11,98"
20221017,4051653300272,4260705920072,"1,000","5,79","-10,000","5,79"
20221018,4051653300272,4260705920072,"2,000","5,79","-3,000","11,58"
20221019,4051653300272,4260705920072,"2,000","5,79","-5,000","11,58"
20221020,4051653300272,4260705920072,"2,000","5,99","-7,000","11,98"
20221021,4051653300272,4260705920072,"2,000","5,99","-9,000","11,98"
20221022,4051653300272,4260705920072,"2,000","5,99","-11,000","11,98"
20220822,4051653300272,4260705920072,"2,000","5,79","-84,000","11,58"
20220823,4051653300272,4260705920072,"2,000","5,79","-73,000","11,58"
20220824,4051653300272,4260705920072,"2,000","5,79","-75,000","11,58"
20220825,4051653300272,4260705920072,"1,000","5,79","-76,000","5,79"
20220826,4051653300272,4260705920072,"2,000","5,79","-78,000","11,58"
20220827,4051653300272,4260705920072,"2,000","5,79","-80,000","11,58"
20230123,4051653300272,4260705920072,"1,000","5,99","-1,000","5,99"
20230124,4051653300272,4260705920072,"1,000","5,99","-2,000","5,99"
20230125,4051653300272,4260705920072,"1,000","5,99","-3,000","5,99"
20230126,4051653300272,4260705920072,"1,000","5,99","-4,000","5,99"
20230127,4051653300272,4260705920072,"1,000","5,99","-5,000","5,99"
20230128,4051653300272,4260705920072,"1,000","5,99","-6,000","5,99"
