Data/merged_raw.csv
Date,StoreID,ProductID,Quantity,Price,Quantity_perWeek,Price_Total_perOrder
20220912,4051653300272,4260705920096,"1,000","5,59","-45,000","5,59"
20220916,4051653300272,4260705920096,"2,000","5,59","-40,000","11,18"
20220917,4051653300272,4260705920096,"2,000","5,59","-42,000","11,18"
20220829,4051653300272,4260705920096,"3,000","5,59","-46,000","16,77"
20220830,4051653300272,4260705920096,"1,000","5,59","-41,000","5,59"
20220902,4051653300272,4260705920096,"1,000","5,59","-42,000","5,59"
20220903,4051653300272,4260705920096,"1,000","5,59","-43,000","5,59"
20220712,4051653300272,4260705920096,"1,000","5,59","-38,000","5,59"
20220713,4051653300272,4260705920096,"1,000","5,59","-39,000","5,59"
20220714,4051653300272,4260705920096,"1,000","5,59","-40,000","5,59"
20220715,4051653300272,4260705920096,"1,000","5,59","-41,000","5,59"
20220716,4051653300272,4260705920096,"1,000","5,59","-42,000","5,59"
20221229,4051653300272,4260705920096,"1,000","5,59","-1,000","5,59"
20221230,4051653300272,4260705920096,"1,000","5,59","-2,000","5,59"
20220808,4051653300272,4260705920096,"2,000","5,59","-49,000","11,18"
20220809,4051653300272,4260705920096,"2,000","5,59","-41,000","11,18"
20220810,4051653300272,4260705920096,"1,000","5,59","-42,000","5,59"
20220811,4051653300272,4260705920096,"2,000","5,59","-44,000","11,18"
20220812,4051653300272,4260705920096,"2,000","5,59","-46,000","11,18"
20220813,4051653300272,4260705920096,"1,000","5,59","-47,000","5,59"
20221213,4051653300272,4260705920096,"1,000","5,59","-1,000","5,59"
20221214,4051653300272,4260705920096,"1,000","5,59","-2,000","5,59"
20221215,4051653300272,4260705920096,"1,000","5,59","-3,000","5,59"
20221216,4051653300272,4260705920096,"1,000","5,59","-4,000","5,59"
20220509,4051653300272,4260705920096,"1,000","5,49","-1,000","5,49"
20220510,4051653300272,4260705920096,"1,000","5,49","-2,000","5,49"
20220511,4051653300272,4260705920096,"1,000","5,49","-3,000","5,49"
20220512,4051653300272,4260705920096,"2,000","5,49","-5,000","10,98"
20220513,4051653300272,4260705920096,"1,000","5,49","-6,000","5,49"
20220514,4051653300272,4260705920096,"2,000","5,49","-8,000","10,98"
20220516,4051653300272,4260705920096,"1,000","5,49","-9,000","5,49"
20220518,4051653300272,4260705920096,"1,000","5,49","-10,000","5,49"
20220519,4051653300272,4260705920096,"1,000","5,49","-11,000","5,49"
20220520,4051653300272,4260705920096,"2,000","5,49","-13,000","10,98"
20220521,4051653300272,4260705920096,"2,000","5,49","-15,000","10,98"
20220523,4051653300272,4260705920096,"1,000","5,49","-16,000","5,49"
20220524,4051653300272,4260705920096,"1,000","5,49","-17,000","5,49"
20220525,4051653300272,4260705920096,"2,000","5,49","-19,000","10,98"
20220527,4051653300272,4260705920096,"2,000","5,49","-21,000","10,98"
20220528,4051653300272,4260705920096,"2,000","5,49","-23,000","10,98"
20220531,4051653300272,4260705920096,"1,000","5,49","-24,000","5,49"
20220601,4051653300272,4260705920096,"1,000","5,49","-25,000","5,49"
20220602,4051653300272,4260705920096,"1,000","5,49","-26,000","5,49"
20220603,4051653300272,4260705920096,"1,000","5,49","-27,000","5,49"
20220604,4051653300272,4260705920096,"2,000","5,49","-29,000","10,98"
20220609,4051653300272,4260705920096,"1,000","5,49","-30,000","5,49"
20220610,4051653300272,4260705920096,"1,000","5,49","-31,000","5,49"
20220613,4051653300272,4260705920096,"1,000","5,49","-32,000","5,49"
20220614,4051653300272,4260705920096,"1,000","5,49","-33,000","5,49"
20220615,4051653300272,4260705920096,"1,000","5,49","-34,000","5,49"
20220616,4051653300272,4260705920096,"1,000","5,49","-35,000","5,49"
20220617,4051653300272,4260705920096,"1,000","5,49","-36,000","5,49"
20220618,4051653300272,4260705920096,"1,000","5,49","-37,000","5,49"
20230131,4051653300272,4260705920096,"1,000","5,59","-1,000","5,59"
20230201,4051653300272,4260705920096,"1,000","5,59","-2,000","5,59"
20230202,4051653300272,4260705920096,"1,000","5,59","-3,000","5,59"
20230204,4051653300272,4260705920096,"1,000","5,59","-4,000","5,59"
20221010,4051653300272,4260705920096,"1,000","5,59","-6,000","5,59"
20221011,4051653300272,4260705920096,"1,000","5,59","-2,000","5,59"
20221013,4051653300272,4260705920096,"1,000","5,59","-3,000","5,59"
20221015,4051653300272,4260705920096,"1,000","5,59","-4,000","5,59"
20221221,4051653300272,4260705920096,"1,000","5,59","-1,000","5,59"
20221223,4051653300272,4260705920096,"1,000","5,59","-2,000","5,59"
20220704,4051653300272,4260705920096,"1,000","5,59","-46,000","5,59"
20220705,4051653300272,4260705920096,"1,000","5,59","-39,000","5,59"
20220706,4051653300272,4260705920096,"1,000","5,59","-40,000","5,59"
20220707,4051653300272,4260705920096,"1,000","5,59","-41,000","5,59"
20220709,4051653300272,4260705920096,"2,000","5,59","-43,000","11,18"
20220919,4051653300272,4260705920096,"1,000","5,59","-43,000","5,59"
20220920,4051653300272,4260705920096,"1,000","5,59","-39,000","5,59"
20220921,4051653300272,4260705920096,"1,000","5,59","-40,000","5,59"
20220922,4051653300272,4260705920096,"1,000","5,59","-41,000","5,59"
20220923,4051653300272,4260705920096,"2,000","5,59","-43,000","11,18"
20220924,4051653300272,4260705920096,"1,000","5,59","-44,000","5,59"
20220620,4051653300272,4260705920096,"1,000","5,49","-38,000","5,49"
20220621,4051653300272,4260705920096,"1,000","5,49","-39,000","5,49"
20220622,4051653300272,4260705920096,"1,000","5,49","-40,000","5,49"
20220623,4051653300272,4260705920096,"1,000","5,49","-41,000","5,49"
20220624,4051653300272,4260705920096,"1,000","5,49","-42,000","5,49"
20220625,4051653300272,4260705920096,"1,000","5,49","-43,000","5,49"
20221114,4051653300272,4260705920096,"1,000","5,59","-7,000","5,59"
20221116,4051653300272,4260705920096,"1,000","5,59","-2,000","5,59"
20221117,4051653300272,4260705920096,"1,000","5,59","-3,000","5,59"
20221118,4051653300272,4260705920096,"1,000","5,59","-4,000","5,59"
20221102,4051653300272,4260705920096,"1,000","5,59","-1,000","5,59"
20221103,4051653300272,4260705920096,"1,000","5,59","-2,000","5,59"
20221104,4051653300272,4260705920096,"1,000","5,59","-3,000","5,59"
20221105,4051653300272,4260705920096,"1,000","5,59","-4,000","5,59"
20220801,4051653300272,4260705920096,"2,000","5,59","-44,000","11,18"
20220802,4051653300272,4260705920096,"1,000","5,59","-40,000","5,59"
20220803,4051653300272,4260705920096,"2,000","5,59","-42,000","11,18"
20220804,4051653300272,4260705920096,"2,000","5,59","-44,000","11,18"
20220805,4051653300272,4260705920096,"2,000","5,59","-46,000","11,18"
20220806,4051653300272,4260705920096,"1,000","5,59","-47,000","5,59"
20230109,4051653300272,4260705920096,"1,000","5,59","-1,000","5,59"
20230110,4051653300272,4260705920096,"1,000","5,59","-2,000","5,59"
20230111,4051653300272,4260705920096,"1,000","5,59","-3,000","5,59"
20230112,4051653300272,4260705920096,"1,000","5,59","-4,000","5,59"
20230113,4051653300272,4260705920096,"1,000","5,59","-5,000","5,59"
20230114,4051653300272,4260705920096,"1,000","5,59","-6,000","5,59"
20220815,4051653300272,4260705920096,"1,000","5,59","-48,000","5,59"
20220816,4051653300272,4260705920096,"2,000","5,59","-40,000","11,18"
20220818,4051653300272,4260705920096,"1,000","5,59","-41,000","5,59"
20220819,4051653300272,4260705920096,"1,000","5,59","-42,000","5,59"
20220820,4051653300272,4260705920096,"1,000","5,59","-43,000","5,59"
20221027,4051653300272,4260705920096,"1,000","5,59","-1,000","5,59"
20221028,4051653300272,4260705920096,"1,000","5,59","-2,000","5,59"
20221029,4051653300272,4260705920096,"1,000","5,59","-3,000","5,59"
20221004,4051653300272,4260705920096,"1,000","5,59","-1,000","5,59"
20221005,4051653300272,4260705920096,"1,000","5,59","-2,000","5,59"
20221006,4051653300272,4260705920096,"1,000","5,59","-3,000","5,59"
20221007,4051653300272,4260705920096,"1,000","5,59","-4,000","5,59"
20221008,4051653300272,4260705920096,"1,000","5,59","-5,000","5,59"
20220718,4051653300272,4260705920096,"2,000","5,59","-44,000","11,18"
20220719,4051653300272,4260705920096,"2,000","5,59","-41,000","11,18"
20220720,4051653300272,4260705920096,"2,000","5,59","-43,000","11,18"
20220722,4051653300272,4260705920096,"2,000","5,59","-45,000","11,18"
20220723,4051653300272,4260705920096,"2,000","5,59","-47,000","11,18"
20230116,4051653300272,4260705920096,"1,000","5,59","-7,000","5,59"
20230117,4051653300272,4260705920096,"1,000","5,59","-8,000","5,59"
20230118,4051653300272,4260705920096,"1,000","5,59","-3,000","5,59"
20230119,4051653300272,4260705920096,"1,000","5,59","-4,000","5,59"
20230121,4051653300272,4260705920096,"1,000","5,59","-5,000","5,59"
20221107,4051653300272,4260705920096,"1,000","5,59","-5,000","5,59"
20221108,4051653300272,4260705920096,"1,000","5,59","-2,000","5,59"
20221109,4051653300272,4260705920096,"1,000","5,59","-3,000","5,59"
20221110,4051653300272,4260705920096,"1,000","5,59","-4,000","5,59"
20221111,4051653300272,4260705920096,"1,000","5,59","-5,000","5,59"
20221112,4051653300272,4260705920096,"1,000","5,59","-6,000","5,59"
20230102,4051653300272,4260705920096,"1,000","5,59","-1,000","5,59"
20230104,4051653300272,4260705920096,"1,000","5,59","-2,000","5,59"
20230106,4051653300272,4260705920096,"1,000","5,59","-3,000","5,59"
20230107,4051653300272,4260705920096,"1,000","5,59","-4,000","5,59"
20220726,4051653300272,4260705920096,"2,000","5,59","-39,000","11,18"
20220727,4051653300272,4260705920096,"2,000","5,59","-41,000","11,18"
20220729,4051653300272,4260705920096,"1,000","5,59","-42,000","5,59"
20220905,4051653300272,4260705920096,"1,000","5,59","-44,000","5,59"
20220906,4051653300272,4260705920096,"1,000","5,59","-39,000","5,59"
20220907,4051653300272,4260705920096,"1,000","5,59","-40,000","5,59"
20220908,4051653300272,4260705920096,"1,000","5,59","-41,000","5,59"
20220909,4051653300272,4260705920096,"2,000","5,59","-43,000","11,18"
20220910,4051653300272,4260705920096,"1,000","5,59","-44,000","5,59"
20220627,4051653300272,4260705920096,"1,000","5,49","-44,000","5,49"
20220628,4051653300272,4260705920096,"1,000","5,49","-39,000","5,49"
20220629,4051653300272,4260705920096,"1,000","5,49","-40,000","5,49"
20220630,4051653300272,4260705920096,"1,000","5,49","-41,000","5,49"
20220701,4051653300272,4260705920096,"1,000","5,49","-42,000","5,49"
20220702,4051653300272,4260705920096,"3,000","5,49","-45,000","16,47"
20221129,4051653300272,4260705920096,"1,000","5,59","-1,000","5,59"
20221130,4051653300272,4260705920096,"1,000","5,59","-2,000","5,59"
20221201,4051653300272,4260705920096,"1,000","5,59","-3,000","5,59"
20221203,4051653300272,4260705920096,"1,000","5,59","-4,000","5,59"
20221207,4051653300272,4260705920096,"1,000","5,59","-1,000","5,59"
20221208,4051653300272,4260705920096,"1,000","5,59","-2,000","5,59"
20221209,4051653300272,4260705920096,"1,000","5,59","-3,000","5,59"
20220926,4051653300272,4260705920096,"1,000","5,59","-45,000","5,59"
20220928,4051653300272,4260705920096,"1,000","5,59","-39,000","5,59"
20220929,4051653300272,4260705920096,"1,000","5,59","-40,000","5,59"
20220930,4051653300272,4260705920096,"1,000","5,59","-38,000","5,59"
20221001,4051653300272,4260705920096,"2,000","5,59","-40,000","11,18"
20221125,4051653300272,4260705920096,"1,000","5,59","-1,000","5,59"
20221126,4051653300272,4260705920096,"1,000","5,59","-2,000","5,59"
20221017,4051653300272,4260705920096,"1,000","5,59","-5,000","5,59"
20221018,4051653300272,4260705920096,"1,000","5,59","-2,000","5,59"
20221020,4051653300272,4260705920096,"1,000","5,59","-3,000","5,59"
20220822,4051653300272,4260705920096,"1,000","5,59","-44,000","5,59"
20220823,4051653300272,4260705920096,"1,000","5,59","-39,000","5,59"
20220824,4051653300272,4260705920096,"1,000","5,59","-40,000","5,59"
20220825,4051653300272,4260705920096,"1,000","5,59","-41,000","5,59"
20220826,4051653300272,4260705920096,"1,000","5,59","-42,000","5,59"
20220827,4051653300272,4260705920096,"1,000","5,59","-43,000","5,59"
20230124,4051653300272,4260705920096,"1,000","5,59","-1,000","5,59"
20230125,4051653300272,4260705920096,"1,000","5,59","-2,000","5,59"
20230127,4051653300272,4260705920096,"1,000","5,59","-3,000","5,59"
20230128,4051653300272,4260705920096,"1,000","5,59","-4,000","5,59"
