Data/merged_raw.csv
Date,StoreID,ProductID,Quantity,Price,Quantity_perWeek,Price_Total_perOrder
20220912,4051653300272,4260705920102,"1,000","6,79","-62,000","6,79"
20220913,4051653300272,4260705920102,"2,000","6,79","-55,000","13,58"
20220914,4051653300272,4260705920102,"2,000","6,79","-57,000","13,58"
20220915,4051653300272,4260705920102,"1,000","6,79","-58,000","6,79"
20220916,4051653300272,4260705920102,"1,000","6,79","-59,000","6,79"
20220917,4051653300272,4260705920102,"2,000","6,79","-61,000","13,58"
20220829,4051653300272,4260705920102,"1,000","6,79","-59,000","6,79"
20220830,4051653300272,4260705920102,"1,000","6,79","-54,000","6,79"
20220831,4051653300272,4260705920102,"2,000","6,79","-56,000","13,58"
20220901,4051653300272,4260705920102,"1,000","6,79","-57,000","6,79"
20220902,4051653300272,4260705920102,"1,000","6,79","-58,000","6,79"
20220903,4051653300272,4260705920102,"1,000","6,79","-59,000","6,79"
20220711,4051653300272,4260705920102,"1,000","6,79","-63,000","6,79"
20220712,4051653300272,4260705920102,"1,000","6,79","-54,000","6,79"
20220713,4051653300272,4260705920102,"2,000","6,79","-56,000","13,58"
20220714,4051653300272,4260705920102,"1,000","6,79","-57,000","6,79"
20220716,4051653300272,4260705920102,"2,000","6,79","-59,000","13,58"
20221227,4051653300272,4260705920102,"1,000","6,79","-1,000","6,79"
20221228,4051653300272,4260705920102,"1,000","6,79","-2,000","6,79"
20221229,4051653300272,4260705920102,"1,000","6,79","-3,000","6,79"
20221230,4051653300272,4260705920102,"2,000","6,79","-5,000","13,58"
20220808,4051653300272,4260705920102,"2,000","6,79","-61,000","13,58"
20220809,4051653300272,4260705920102,"2,000","6,79","-56,000","13,58"
20220810,4051653300272,4260705920102,"1,000","6,79","-57,000","6,79"
20220811,4051653300272,4260705920102,"1,000","6,79","-58,000","6,79"
20220812,4051653300272,4260705920102,"2,000","6,79","-60,000","13,58"
20220813,4051653300272,4260705920102,"2,000","6,79","-62,000","13,58"
20221212,4051653300272,4260705920102,"1,000","6,79","-6,000","6,79"
20221214,4051653300272,4260705920102,"1,000","6,79","-2,000","6,79"
20221215,4051653300272,4260705920102,"1,000","6,79","-3,000","6,79"
20221217,4051653300272,4260705920102,"2,000","6,79","-5,000","13,58"
20220509,4051653300272,4260705920102,"1,000","6,59","-1,000","6,59"
20220510,4051653300272,4260705920102,"1,000","6,59","-2,000","6,59"
20220511,4051653300272,4260705920102,"2,000","6,59","-4,000","13,18"
20220512,4051653300272,4260705920102,"1,000","6,59","-5,000","6,59"
20220513,4051653300272,4260705920102,"1,000","6,59","-6,000","6,59"
20220514,4051653300272,4260705920102,"2,000","6,59","-8,000","13,18"
20220516,4051653300272,4260705920102,"1,000","6,59","-9,000","6,59"
20220517,4051653300272,4260705920102,"1,000","6,59","-10,000","6,59"
20220518,4051653300272,4260705920102,"2,000","6,59","-12,000","13,18"
20220519,4051653300272,4260705920102,"2,000","6,59","-14,000","13,18"
20220520,4051653300272,4260705920102,"2,000","6,59","-16,000","13,18"
20220521,4051653300272,4260705920102,"2,000","6,59","-18,000","13,18"
20220523,4051653300272,4260705920102,"2,000","6,59","-20,000","13,18"
20220524,4051653300272,4260705920102,"2,000","6,59","-22,000","13,18"
20220525,4051653300272,4260705920102,"3,000","6,59","-25,000","19,77"
20220527,4051653300272,4260705920102,"2,000","6,59","-27,000","13,18"
20220528,4051653300272,4260705920102,"2,000","6,59","-29,000","13,18"
20220530,4051653300272,4260705920102,"1,000","6,59","-30,000","6,59"
20220531,4051653300272,4260705920102,"1,000","6,59","-31,000","6,59"
20220601,4051653300272,4260705920102,"2,000","6,59","-33,000","13,18"
20220603,4051653300272,4260705920102,"2,000","6,59","-35,000","13,18"
20220604,4051653300272,4260705920102,"2,000","6,59","-37,000","13,18"
20220607,4051653300272,4260705920102,"1,000","6,59","-38,000","6,59"
20220610,4051653300272,4260705920102,"3,000","6,59","-41,000","19,77"
20220611,4051653300272,4260705920102,"2,000","6,59","-43,000","13,18"
20220613,4051653300272,4260705920102,"2,000","6,59","-45,000","13,18"
20220614,4051653300272,4260705920102,"1,000","6,59","-46,000","6,59"
20220615,4051653300272,4260705920102,"2,000","6,59","-48,000","13,18"
20220616,4051653300272,4260705920102,"1,000","6,59","-49,000","6,59"
20220617,4051653300272,4260705920102,"2,000","6,59","-51,000","13,18"
20220618,4051653300272,4260705920102,"1,000","6,59","-52,000","6,59"
20230130,4051653300272,4260705920102,"1,000","6,79","-1,000","6,79"
20230201,4051653300272,4260705920102,"1,000","6,79","-2,000","6,79"
20230202,4051653300272,4260705920102,"1,000","6,79","-3,000","6,79"
20230203,4051653300272,4260705920102,"2,000","6,79","-5,000","13,58"
20230204,4051653300272,4260705920102,"2,000","6,79","-7,000","13,58"
20221011,4051653300272,4260705920102,"1,000","6,79","-1,000","6,79"
20221012,4051653300272,4260705920102,"1,000","6,79","-2,000","6,79"
20221013,4051653300272,4260705920102,"2,000","6,79","-4,000","13,58"
20221014,4051653300272,4260705920102,"1,000","6,79","-5,000","6,79"
20221015,4051653300272,4260705920102,"2,000","6,79","-7,000","13,58"
20221219,4051653300272,4260705920102,"1,000","6,79","-6,000","6,79"
20221220,4051653300272,4260705920102,"1,000","6,79","-2,000","6,79"
20221221,4051653300272,4260705920102,"1,000","6,79","-3,000","6,79"
20221222,4051653300272,4260705920102,"1,000","6,79","-4,000","6,79"
20220704,4051653300272,4260705920102,"2,000","6,79","-65,000","13,58"
20220705,4051653300272,4260705920102,"1,000","6,79","-55,000","6,79"
20220706,4051653300272,4260705920102,"2,000","6,79","-57,000","13,58"
20220707,4051653300272,4260705920102,"3,000","6,79","-60,000","20,37"
20220708,4051653300272,4260705920102,"1,000","6,79","-61,000","6,79"
20220709,4051653300272,4260705920102,"1,000","6,79","-62,000","6,79"
20220919,4051653300272,4260705920102,"1,000","6,79","-62,000","6,79"
20220920,4051653300272,4260705920102,"1,000","6,79","-54,000","6,79"
20220922,4051653300272,4260705920102,"1,000","6,79","-55,000","6,79"
20220924,4051653300272,4260705920102,"2,000","6,79","-57,000","13,58"
20220620,4051653300272,4260705920102,"1,000","6,59","-53,000","6,59"
20220621,4051653300272,4260705920102,"2,000","6,59","-55,000","13,18"
20220622,4051653300272,4260705920102,"2,000","6,59","-57,000","13,18"
20220624,4051653300272,4260705920102,"2,000","6,59","-59,000","13,18"
20220625,4051653300272,4260705920102,"2,000","6,59","-61,000","13,18"
20221116,4051653300272,4260705920102,"1,000","6,79","-1,000","6,79"
20221117,4051653300272,4260705920102,"1,000","6,79","-2,000","6,79"
20221118,4051653300272,4260705920102,"1,000","6,79","-3,000","6,79"
20221101,4051653300272,4260705920102,"1,000","6,79","-1,000","6,79"
20221103,4051653300272,4260705920102,"1,000","6,79","-2,000","6,79"
20221104,4051653300272,4260705920102,"1,000","6,79","-3,000","6,79"
20221105,4051653300272,4260705920102,"2,000","6,79","-5,000","13,58"
20220801,4051653300272,4260705920102,"2,000","6,79","-61,000","13,58"
20220802,4051653300272,4260705920102,"2,000","6,79","-56,000","13,58"
20220803,4051653300272,4260705920102,"1,000","6,79","-57,000","6,79"
20220805,4051653300272,4260705920102,"1,000","6,79","-58,000","6,79"
20220806,4051653300272,4260705920102,"1,000","6,79","-59,000","6,79"
20230109,4051653300272,4260705920102,"1,000","6,79","-1,000","6,79"
20230112,4051653300272,4260705920102,"1,000","6,79","-2,000","6,79"
20230113,4051653300272,4260705920102,"2,000","6,79","-4,000","13,58"
20230114,4051653300272,4260705920102,"2,000","6,79","-6,000","13,58"
20220815,4051653300272,4260705920102,"1,000","6,79","-63,000","6,79"
20220816,4051653300272,4260705920102,"2,000","6,79","-55,000","13,58"
20220817,4051653300272,4260705920102,"1,000","6,79","-56,000","6,79"
20220818,4051653300272,4260705920102,"2,000","6,79","-58,000","13,58"
20220819,4051653300272,4260705920102,"1,000","6,79","-59,000","6,79"
20221024,4051653300272,4260705920102,"2,000","6,79","-8,000","13,58"
20221026,4051653300272,4260705920102,"1,000","6,79","-3,000","6,79"
20221027,4051653300272,4260705920102,"2,000","6,79","-5,000","13,58"
20221028,4051653300272,4260705920102,"1,000","6,79","-6,000","6,79"
20221029,4051653300272,4260705920102,"1,000","6,79","-7,000","6,79"
20221004,4051653300272,4260705920102,"1,000","6,79","-1,000","6,79"
20221005,4051653300272,4260705920102,"2,000","6,79","-3,000","13,58"
20221006,4051653300272,4260705920102,"1,000","6,79","-4,000","6,79"
20221007,4051653300272,4260705920102,"2,000","6,79","-6,000","13,58"
20221008,4051653300272,4260705920102,"1,000","6,79","-7,000","6,79"
20220719,4051653300272,4260705920102,"2,000","6,79","-54,000","13,58"
20220720,4051653300272,4260705920102,"2,000","6,79","-56,000","13,58"
20220722,4051653300272,4260705920102,"3,000","6,79","-59,000","20,37"
20220723,4051653300272,4260705920102,"2,000","6,79","-61,000","13,58"
20230116,4051653300272,4260705920102,"1,000","6,79","-7,000","6,79"
20230117,4051653300272,4260705920102,"1,000","6,79","-8,000","6,79"
20230118,4051653300272,4260705920102,"1,000","6,79","-3,000","6,79"
20230119,4051653300272,4260705920102,"2,000","6,79","-5,000","13,58"
20230120,4051653300272,4260705920102,"1,000","6,79","-6,000","6,79"
20221107,4051653300272,4260705920102,"1,000","6,79","-6,000","6,79"
20221108,4051653300272,4260705920102,"1,000","6,79","-2,000","6,79"
20221109,4051653300272,4260705920102,"1,000","6,79","-3,000","6,79"
20221111,4051653300272,4260705920102,"1,000","6,79","-4,000","6,79"
20221112,4051653300272,4260705920102,"1,000","6,79","-5,000","6,79"
20230102,4051653300272,4260705920102,"1,000","6,79","-1,000","6,79"
20230104,4051653300272,4260705920102,"1,000","6,79","-2,000","6,79"
20230105,4051653300272,4260705920102,"1,000","6,79","-3,000","6,79"
20230106,4051653300272,4260705920102,"2,000","6,79","-5,000","13,58"
20230107,4051653300272,4260705920102,"1,000","6,79","-6,000","6,79"
20220725,4051653300272,4260705920102,"2,000","6,79","-63,000","13,58"
20220726,4051653300272,4260705920102,"1,000","6,79","-55,000","6,79"
20220727,4051653300272,4260705920102,"2,000","6,79","-57,000","13,58"
20220728,4051653300272,4260705920102,"1,000","6,79","-58,000","6,79"
20220729,4051653300272,4260705920102,"1,000","6,79","-59,000","6,79"
20220905,4051653300272,4260705920102,"1,000","6,79","-60,000","6,79"
20220906,4051653300272,4260705920102,"2,000","6,79","-55,000","13,58"
20220907,4051653300272,4260705920102,"2,000","6,79","-57,000","13,58"
20220908,4051653300272,4260705920102,"2,000","6,79","-59,000","13,58"
20220909,4051653300272,4260705920102,"2,000","6,79","-61,000","13,58"
20220627,4051653300272,4260705920102,"2,000","6,59","-63,000","13,18"
20220628,4051653300272,4260705920102,"3,000","6,59","-57,000","19,77"
20220629,4051653300272,4260705920102,"2,000","6,59","-59,000","13,18"
20220630,4051653300272,4260705920102,"2,000","6,59","-61,000","13,18"
20220701,4051653300272,4260705920102,"1,000","6,59","-62,000","6,59"
20220702,4051653300272,4260705920102,"1,000","6,59","-63,000","6,59"
20221128,4051653300272,4260705920102,"1,000","6,79","-5,000","6,79"
20221129,4051653300272,4260705920102,"1,000","6,79","-2,000","6,79"
20221130,4051653300272,4260705920102,"1,000","6,79","-3,000","6,79"
20221202,4051653300272,4260705920102,"1,000","6,79","-4,000","6,79"
20221203,4051653300272,4260705920102,"1,000","6,79","-5,000","6,79"
20221205,4051653300272,4260705920102,"1,000","6,79","-6,000","6,79"
20221206,4051653300272,4260705920102,"1,000","6,79","-2,000","6,79"
20221207,4051653300272,4260705920102,"1,000","6,79","-3,000","6,79"
20221208,4051653300272,4260705920102,"1,000","6,79","-4,000","6,79"
20221210,4051653300272,4260705920102,"1,000","6,79","-5,000","6,79"
20220926,4051653300272,4260705920102,"1,000","6,79","-58,000","6,79"
20220927,4051653300272,4260705920102,"1,000","6,79","-54,000","6,79"
20220928,4051653300272,4260705920102,"1,000","6,79","-55,000","6,79"
20220929,4051653300272,4260705920102,"1,000","6,79","-56,000","6,79"
20220930,4051653300272,4260705920102,"2,000","6,79","-54,000","13,58"
20221001,4051653300272,4260705920102,"2,000","6,79","-56,000","13,58"
20221123,4051653300272,4260705920102,"1,000","6,79","-1,000","6,79"
20221124,4051653300272,4260705920102,"1,000","6,79","-2,000","6,79"
20221125,4051653300272,4260705920102,"1,000","6,79","-3,000","6,79"
20221126,4051653300272,4260705920102,"1,000","6,79","-4,000","6,79"
20221017,4051653300272,4260705920102,"1,000","6,79","-8,000","6,79"
20221018,4051653300272,4260705920102,"1,000","6,79","-2,000","6,79"
20221020,4051653300272,4260705920102,"2,000","6,79","-4,000","13,58"
20221022,4051653300272,4260705920102,"2,000","6,79","-6,000","13,58"
20220823,4051653300272,4260705920102,"2,000","6,79","-54,000","13,58"
20220824,4051653300272,4260705920102,"1,000","6,79","-55,000","6,79"
20220826,4051653300272,4260705920102,"1,000","6,79","-56,000","6,79"
20220827,4051653300272,4260705920102,"2,000","6,79","-58,000","13,58"
20230123,4051653300272,4260705920102,"1,000","6,79","-1,000","6,79"
20230124,4051653300272,4260705920102,"1,000","6,79","-2,000","6,79"
20230125,4051653300272,4260705920102,"1,000","6,79","-3,000","6,79"
20230126,4051653300272,4260705920102,"2,000","6,79","-5,000","13,58"
20230127,4051653300272,4260705920102,"2,000","6,79","-7,000","13,58"
20230128,4051653300272,4260705920102,"1,000","6,79","-8,000","6,79"
