Data/merged_raw.csv
Date,StoreID,ProductID,Quantity,Price,Quantity_perWeek,Price_Total_perOrder
20220912,4051653300272,4260705920249,"2,000","4,29","-103,000","8,58"
20220913,4051653300272,4260705920249,"2,000","4,29","-92,000","8,58"
20220914,4051653300272,4260705920249,"2,000","4,29","-94,000","8,58"
20220915,4051653300272,4260705920249,"2,000","4,29","-96,000","8,58"
20220916,4051653300272,4260705920249,"1,000","4,29","-97,000","4,29"
20220917,4051653300272,4260705920249,"2,000","4,29","-99,000","8,58"
20220829,4051653300272,4260705920249,"2,000","4,29","-100,000","8,58"
20220830,4051653300272,4260705920249,"2,000","4,29","-92,000","8,58"
20220831,4051653300272,4260705920249,"2,000","4,29","-94,000","8,58"
20220901,4051653300272,4260705920249,"2,000","4,29","-96,000","8,58"
20220902,4051653300272,4260705920249,"2,000","4,29","-98,000","8,58"
20220903,4051653300272,4260705920249,"2,000","4,29","-100,000","8,58"
20220711,4051653300272,4260705920249,"2,000","4,29","-108,000","8,58"
20220712,4051653300272,4260705920249,"3,000","4,29","-93,000","12,87"
20220713,4051653300272,4260705920249,"2,000","4,29","-95,000","8,58"
20220714,4051653300272,4260705920249,"2,000","4,29","-97,000","8,58"
20220715,4051653300272,4260705920249,"2,000","4,29","-99,000","8,58"
20220716,4051653300272,4260705920249,"3,000","4,29","-102,000","12,87"
20221227,4051653300272,4260705920249,"1,000","4,69","-1,000","4,69"
20221228,4051653300272,4260705920249,"1,000","4,69","-2,000","4,69"
20221230,4051653300272,4260705920249,"2,000","4,69","-4,000","9,38"
20220808,4051653300272,4260705920249,"3,000","4,29","-105,000","12,87"
20220809,4051653300272,4260705920249,"2,000","4,29","-93,000","8,58"
20220810,4051653300272,4260705920249,"2,000","4,29","-95,000","8,58"
20220811,4051653300272,4260705920249,"1,000","4,29","-96,000","4,29"
20220812,4051653300272,4260705920249,"3,000","4,29","-99,000","12,87"
20220813,4051653300272,4260705920249,"3,000","4,29","-102,000","12,87"
20221212,4051653300272,4260705920249,"1,000","4,69","-7,000","4,69"
20221213,4051653300272,4260705920249,"1,000","4,69","-2,000","4,69"
20221214,4051653300272,4260705920249,"1,000","4,69","-3,000","4,69"
20221215,4051653300272,4260705920249,"1,000","4,69","-4,000","4,69"
20221216,4051653300272,4260705920249,"1,000","4,69","-5,000","4,69"
20221217,4051653300272,4260705920249,"1,000","4,69","-6,000","4,69"
20220509,4051653300272,4260705920249,"2,000","3,99","-2,000","7,98"
20220510,4051653300272,4260705920249,"2,000","3,99","-4,000","7,98"
20220511,4051653300272,4260705920249,"2,000","3,99","-6,000","7,98"
20220512,4051653300272,4260705920249,"1,000","3,99","-7,000","3,99"
20220513,4051653300272,4260705920249,"2,000","3,99","-9,000","7,98"
20220514,4051653300272,4260705920249,"2,000","3,99","-11,000","7,98"
20220516,4051653300272,4260705920249,"2,000","3,99","-13,000","7,98"
20220517,4051653300272,4260705920249,"1,000","3,99","-14,000","3,99"
20220518,4051653300272,4260705920249,"2,000","3,99","-16,000","7,98"
20220519,4051653300272,4260705920249,"2,000","3,99","-18,000","7,98"
20220520,4051653300272,4260705920249,"4,000","3,99","-22,000","15,96"
20220521,4051653300272,4260705920249,"4,000","3,99","-26,000","15,96"
20220523,4051653300272,4260705920249,"3,000","3,99","-29,000","11,97"
20220524,4051653300272,4260705920249,"3,000","3,99","-32,000","11,97"
20220525,4051653300272,4260705920249,"4,000","3,99","-36,000","15,96"
20220527,4051653300272,4260705920249,"4,000","3,99","-40,000","15,96"
20220528,4051653300272,4260705920249,"4,000","3,99","-44,000","15,96"
20220530,4051653300272,4260705920249,"3,000","3,99","-47,000","11,97"
20220531,4051653300272,4260705920249,"3,000","3,99","-50,000","11,97"
20220601,4051653300272,4260705920249,"3,000","3,99","-53,000","11,97"
20220602,4051653300272,4260705920249,"3,000","3,99","-56,000","11,97"
20220603,4051653300272,4260705920249,"3,000","3,99","-59,000","11,97"
20220604,4051653300272,4260705920249,"2,000","3,99","-61,000","7,98"
20220607,4051653300272,4260705920249,"3,000","3,99","-64,000","11,97"
20220608,4051653300272,4260705920249,"2,000","3,99","-66,000","7,98"
20220609,4051653300272,4260705920249,"3,000","3,99","-69,000","11,97"
20220610,4051653300272,4260705920249,"1,000","3,99","-70,000","3,99"
20220611,4051653300272,4260705920249,"2,000","3,99","-72,000","7,98"
20220613,4051653300272,4260705920249,"3,000","3,99","-75,000","11,97"
20220614,4051653300272,4260705920249,"3,000","3,99","-78,000","11,97"
20220615,4051653300272,4260705920249,"3,000","3,99","-81,000","11,97"
20220616,4051653300272,4260705920249,"3,000","3,99","-84,000","11,97"
20220617,4051653300272,4260705920249,"2,000","3,99","-86,000","7,98"
20220618,4051653300272,4260705920249,"2,000","3,99","-88,000","7,98"
20230130,4051653300272,4260705920249,"1,000","4,69","-1,000","4,69"
20230131,4051653300272,4260705920249,"2,000","4,69","-3,000","9,38"
20230201,4051653300272,4260705920249,"1,000","4,69","-4,000","4,69"
20230203,4051653300272,4260705920249,"2,000","4,69","-6,000","9,38"
20230204,4051653300272,4260705920249,"1,000","4,69","-7,000","4,69"
20221010,4051653300272,4260705920249,"1,000","4,29","-10,000","4,29"
20221011,4051653300272,4260705920249,"2,000","4,29","-3,000","8,58"
20221012,4051653300272,4260705920249,"2,000","4,29","-5,000","8,58"
20221013,4051653300272,4260705920249,"2,000","4,29","-7,000","8,58"
20221014,4051653300272,4260705920249,"2,000","4,29","-9,000","8,58"
20221015,4051653300272,4260705920249,"2,000","4,29","-11,000","8,58"
20221219,4051653300272,4260705920249,"1,000","4,69","-7,000","4,69"
20221220,4051653300272,4260705920249,"1,000","4,69","-2,000","4,69"
20221221,4051653300272,4260705920249,"1,000","4,69","-3,000","4,69"
20221222,4051653300272,4260705920249,"1,000","4,69","-4,000","4,69"
20221223,4051653300272,4260705920249,"1,000","4,69","-5,000","4,69"
20220704,4051653300272,4260705920249,"3,000","4,29","-105,000","12,87"
20220705,4051653300272,4260705920249,"3,000","4,29","-94,000","12,87"
20220706,4051653300272,4260705920249,"3,000","4,29","-97,000","12,87"
20220707,4051653300272,4260705920249,"2,000","4,29","-99,000","8,58"
20220708,4051653300272,4260705920249,"2,000","4,29","-101,000","8,58"
20220709,4051653300272,4260705920249,"5,000","4,29","-106,000","21,45"
20220919,4051653300272,4260705920249,"2,000","4,29","-101,000","8,58"
20220920,4051653300272,4260705920249,"2,000","4,29","-92,000","8,58"
20220921,4051653300272,4260705920249,"2,000","4,29","-94,000","8,58"
20220922,4051653300272,4260705920249,"2,000","4,29","-96,000","8,58"
20220923,4051653300272,4260705920249,"3,000","4,29","-99,000","12,87"
20220924,4051653300272,4260705920249,"3,000","4,29","-102,000","12,87"
20220620,4051653300272,4260705920249,"3,000","3,99","-91,000","11,97"
20220621,4051653300272,4260705920249,"2,000","3,99","-93,000","7,98"
20220622,4051653300272,4260705920249,"2,000","3,99","-95,000","7,98"
20220623,4051653300272,4260705920249,"3,000","3,99","-98,000","11,97"
20220624,4051653300272,4260705920249,"2,000","3,99","-100,000","7,98"
20220625,4051653300272,4260705920249,"1,000","3,99","-101,000","3,99"
20221114,4051653300272,4260705920249,"1,000","4,69","-9,000","4,69"
20221115,4051653300272,4260705920249,"1,000","4,69","-2,000","4,69"
20221116,4051653300272,4260705920249,"1,000","4,69","-3,000","4,69"
20221117,4051653300272,4260705920249,"1,000","4,69","-4,000","4,69"
20221118,4051653300272,4260705920249,"4,000","4,69","-8,000","18,76"
20221119,4051653300272,4260705920249,"1,000","4,69","-9,000","4,69"
20221101,4051653300272,4260705920249,"1,000","4,69","-1,000","4,69"
20221102,4051653300272,4260705920249,"1,000","4,69","-2,000","4,69"
20221103,4051653300272,4260705920249,"1,000","4,69","-3,000","4,69"
20221104,4051653300272,4260705920249,"1,000","4,69","-4,000","4,69"
20221105,4051653300272,4260705920249,"2,000","4,69","-6,000","9,38"
20220801,4051653300272,4260705920249,"3,000","4,29","-100,000","12,87"
20220802,4051653300272,4260705920249,"2,000","4,29","-93,000","8,58"
20220803,4051653300272,4260705920249,"2,000","4,29","-95,000","8,58"
20220804,4051653300272,4260705920249,"2,000","4,29","-97,000","8,58"
20220805,4051653300272,4260705920249,"2,000","4,29","-99,000","8,58"
20220806,4051653300272,4260705920249,"3,000","4,29","-102,000","12,87"
20230109,4051653300272,4260705920249,"1,000","4,69","-1,000","4,69"
20230110,4051653300272,4260705920249,"1,000","4,69","-2,000","4,69"
20230111,4051653300272,4260705920249,"1,000","4,69","-3,000","4,69"
20230112,4051653300272,4260705920249,"1,000","4,69","-4,000","4,69"
20230113,4051653300272,4260705920249,"1,000","4,69","-5,000","4,69"
20230114,4051653300272,4260705920249,"1,000","4,69","-6,000","4,69"
20220815,4051653300272,4260705920249,"1,000","4,29","-103,000","4,29"
20220816,4051653300272,4260705920249,"2,000","4,29","-91,000","8,58"
20220817,4051653300272,4260705920249,"1,000","4,29","-92,000","4,29"
20220818,4051653300272,4260705920249,"3,000","4,29","-95,000","12,87"
20220819,4051653300272,4260705920249,"1,000","4,29","-96,000","4,29"
20220820,4051653300272,4260705920249,"4,000","4,29","-100,000","17,16"
20221025,4051653300272,4260705920249,"1,000","4,69","-1,000","4,69"
20221026,4051653300272,4260705920249,"2,000","4,69","-3,000","9,38"
20221027,4051653300272,4260705920249,"2,000","4,69","-5,000","9,38"
20221028,4051653300272,4260705920249,"1,000","4,69","-6,000","4,69"
20221029,4051653300272,4260705920249,"3,000","4,69","-9,000","14,07"
20221004,4051653300272,4260705920249,"2,000","4,29","-2,000","8,58"
20221005,4051653300272,4260705920249,"2,000","4,29","-4,000","8,58"
20221006,4051653300272,4260705920249,"2,000","4,29","-6,000","8,58"
20221007,4051653300272,4260705920249,"2,000","4,29","-8,000","8,58"
20221008,4051653300272,4260705920249,"1,000","4,29","-9,000","4,29"
20220718,4051653300272,4260705920249,"2,000","4,29","-104,000","8,58"
20220719,4051653300272,4260705920249,"3,000","4,29","-93,000","12,87"
20220720,4051653300272,4260705920249,"2,000","4,29","-95,000","8,58"
20220721,4051653300272,4260705920249,"3,000","4,29","-98,000","12,87"
20220722,4051653300272,4260705920249,"3,000","4,29","-101,000","12,87"
20220723,4051653300272,4260705920249,"3,000","4,29","-104,000","12,87"
20230116,4051653300272,4260705920249,"1,000","4,69","-7,000","4,69"
20230117,4051653300272,4260705920249,"1,000","4,69","-8,000","4,69"
20230118,4051653300272,4260705920249,"1,000","4,69","-3,000","4,69"
20230119,4051653300272,4260705920249,"1,000","4,69","-4,000","4,69"
20230120,4051653300272,4260705920249,"2,000","4,69","-6,000","9,38"
20230121,4051653300272,4260705920249,"1,000","4,69","-7,000","4,69"
20221107,4051653300272,4260705920249,"1,000","4,69","-7,000","4,69"
20221108,4051653300272,4260705920249,"1,000","4,69","-2,000","4,69"
20221109,4051653300272,4260705920249,"1,000","4,69","-3,000","4,69"
20221110,4051653300272,4260705920249,"1,000","4,69","-4,000","4,69"
20221111,4051653300272,4260705920249,"1,000","4,69","-5,000","4,69"
20221112,4051653300272,4260705920249,"3,000","4,69","-8,000","14,07"
20230102,4051653300272,4260705920249,"1,000","4,69","-1,000","4,69"
20230103,4051653300272,4260705920249,"1,000","4,69","-2,000","4,69"
20230104,4051653300272,4260705920249,"1,000","4,69","-3,000","4,69"
20230105,4051653300272,4260705920249,"1,000","4,69","-4,000","4,69"
20230106,4051653300272,4260705920249,"1,000","4,69","-5,000","4,69"
20230107,4051653300272,4260705920249,"1,000","4,69","-6,000","4,69"
20220725,4051653300272,4260705920249,"2,000","4,29","-106,000","8,58"
20220726,4051653300272,4260705920249,"2,000","4,29","-92,000","8,58"
20220727,4051653300272,4260705920249,"1,000","4,29","-93,000","4,29"
20220728,4051653300272,4260705920249,"1,000","4,29","-94,000","4,29"
20220729,4051653300272,4260705920249,"1,000","4,29","-95,000","4,29"
20220730,4051653300272,4260705920249,"2,000","4,29","-97,000","8,58"
20220905,4051653300272,4260705920249,"2,000","4,29","-102,000","8,58"
20220906,4051653300272,4260705920249,"2,000","4,29","-92,000","8,58"
20220907,4051653300272,4260705920249,"2,000","4,29","-94,000","8,58"
20220908,4051653300272,4260705920249,"1,000","4,29","-95,000","4,29"
20220909,4051653300272,4260705920249,"4,000","4,29","-99,000","17,16"
20220910,4051653300272,4260705920249,"2,000","4,29","-101,000","8,58"
20220627,4051653300272,4260705920249,"2,000","3,99","-103,000","7,98"
20220628,4051653300272,4260705920249,"2,000","3,99","-92,000","7,98"
20220629,4051653300272,4260705920249,"3,000","3,99","-95,000","11,97"
20220630,4051653300272,4260705920249,"2,000","3,99","-97,000","7,98"
20220701,4051653300272,4260705920249,"2,000","3,99","-99,000","7,98"
20220702,4051653300272,4260705920249,"3,000","3,99","-102,000","11,97"
20221129,4051653300272,4260705920249,"1,000","4,69","-1,000","4,69"
20221130,4051653300272,4260705920249,"1,000","4,69","-2,000","4,69"
20221201,4051653300272,4260705920249,"1,000","4,69","-3,000","4,69"
20221202,4051653300272,4260705920249,"1,000","4,69","-4,000","4,69"
20221203,4051653300272,4260705920249,"1,000","4,69","-5,000","4,69"
20221205,4051653300272,4260705920249,"1,000","4,69","-6,000","4,69"
20221206,4051653300272,4260705920249,"1,000","4,69","-2,000","4,69"
20221207,4051653300272,4260705920249,"1,000","4,69","-3,000","4,69"
20221208,4051653300272,4260705920249,"1,000","4,69","-4,000","4,69"
20221209,4051653300272,4260705920249,"1,000","4,69","-5,000","4,69"
20221210,4051653300272,4260705920249,"1,000","4,69","-6,000","4,69"
20220926,4051653300272,4260705920249,"2,000","4,29","-104,000","8,58"
20220927,4051653300272,4260705920249,"2,000","4,29","-92,000","8,58"
20220928,4051653300272,4260705920249,"2,000","4,29","-94,000","8,58"
20220929,4051653300272,4260705920249,"2,000","4,29","-96,000","8,58"
20220930,4051653300272,4260705920249,"4,000","4,29","-92,000","17,16"
20221001,4051653300272,4260705920249,"3,000","4,29","-95,000","12,87"
20221122,4051653300272,4260705920249,"1,000","4,69","-1,000","4,69"
20221123,4051653300272,4260705920249,"1,000","4,69","-2,000","4,69"
20221124,4051653300272,4260705920249,"2,000","4,69","-4,000","9,38"
20221125,4051653300272,4260705920249,"2,000","4,69","-6,000","9,38"
20221126,4051653300272,4260705920249,"2,000","4,69","-8,000","9,38"
20221017,4051653300272,4260705920249,"1,000","4,29","-12,000","4,29"
20221018,4051653300272,4260705920249,"1,000","4,29","-2,000","4,29"
20221019,4051653300272,4260705920249,"1,000","4,29","-3,000","4,29"
20221020,4051653300272,4260705920249,"2,000","4,69","-5,000","9,38"
20221021,4051653300272,4260705920249,"2,000","4,69","-7,000","9,38"
20221022,4051653300272,4260705920249,"1,000","4,69","-8,000","4,69"
20220822,4051653300272,4260705920249,"2,000","4,29","-102,000","8,58"
20220823,4051653300272,4260705920249,"2,000","4,29","-92,000","8,58"
20220824,4051653300272,4260705920249,"1,000","4,29","-93,000","4,29"
20220825,4051653300272,4260705920249,"1,000","4,29","-94,000","4,29"
20220826,4051653300272,4260705920249,"2,000","4,29","-96,000","8,58"
20220827,4051653300272,4260705920249,"2,000","4,29","-98,000","8,58"
20230123,4051653300272,4260705920249,"1,000","4,69","-1,000","4,69"
20230124,4051653300272,4260705920249,"1,000","4,69","-2,000","4,69"
20230125,4051653300272,4260705920249,"1,000","4,69","-3,000","4,69"
20230126,4051653300272,4260705920249,"1,000","4,69","-4,000","4,69"
20230127,4051653300272,4260705920249,"2,000","4,69","-6,000","9,38"
20230128,4051653300272,4260705920249,"1,000","4,69","-7,000","4,69"
