Data/merged_raw.csv
Date,StoreID,ProductID,Quantity,Price,Quantity_perWeek,Price_Total_perOrder
20220912,4051653300272,4260705920300,"1,000","15,49","-57,000","15,49"
20220913,4051653300272,4260705920300,"1,000","15,49","-51,000","15,49"
20220914,4051653300272,4260705920300,"1,000","15,49","-52,000","15,49"
20220916,4051653300272,4260705920300,"1,000","15,49","-53,000","15,49"
20220917,4051653300272,4260705920300,"2,000","15,49","-55,000","30,98"
20220829,4051653300272,4260705920300,"2,000","15,49","-55,000","30,98"
20220830,4051653300272,4260705920300,"1,000","15,49","-52,000","15,49"
20220831,4051653300272,4260705920300,"1,000","15,49","-53,000","15,49"
20220901,4051653300272,4260705920300,"1,000","15,49","-54,000","15,49"
20220902,4051653300272,4260705920300,"1,000","15,49","-55,000","15,49"
20220903,4051653300272,4260705920300,"1,000","15,49","-56,000","15,49"
20220712,4051653300272,4260705920300,"1,000","15,49","-50,000","15,49"
20220713,4051653300272,4260705920300,"1,000","15,49","-51,000","15,49"
20220714,4051653300272,4260705920300,"1,000","15,49","-52,000","15,49"
20220715,4051653300272,4260705920300,"1,000","15,49","-53,000","15,49"
20220716,4051653300272,4260705920300,"1,000","15,49","-54,000","15,49"
20221228,4051653300272,4260705920300,"1,000","15,49","-1,000","15,49"
20221229,4051653300272,4260705920300,"1,000","15,49","-2,000","15,49"
20221230,4051653300272,4260705920300,"1,000","15,49","-3,000","15,49"
20221231,4051653300272,4260705920300,"3,000","15,49","-6,000","46,47"
20220809,4051653300272,4260705920300,"2,000","15,49","-51,000","30,98"
20220810,4051653300272,4260705920300,"2,000","15,49","-53,000","30,98"
20220812,4051653300272,4260705920300,"2,000","15,49","-55,000","30,98"
20220813,4051653300272,4260705920300,"2,000","15,49","-57,000","30,98"
20221212,4051653300272,4260705920300,"1,000","15,49","-4,000","15,49"
20221213,4051653300272,4260705920300,"1,000","15,49","-2,000","15,49"
20221215,4051653300272,4260705920300,"1,000","15,49","-3,000","15,49"
20221216,4051653300272,4260705920300,"1,000","15,49","-4,000","15,49"
20221217,4051653300272,4260705920300,"1,000","15,49","-5,000","15,49"
20220509,4051653300272,4260705920300,"1,000","14,99","-1,000","14,99"
20220510,4051653300272,4260705920300,"1,000","14,99","-2,000","14,99"
20220511,4051653300272,4260705920300,"2,000","14,99","-4,000","29,98"
20220512,4051653300272,4260705920300,"2,000","14,99","-6,000","29,98"
20220513,4051653300272,4260705920300,"1,000","14,99","-7,000","14,99"
20220514,4051653300272,4260705920300,"1,000","14,99","-8,000","14,99"
20220516,4051653300272,4260705920300,"1,000","14,99","-9,000","14,99"
20220517,4051653300272,4260705920300,"2,000","14,99","-11,000","29,98"
20220518,4051653300272,4260705920300,"2,000","14,99","-13,000","29,98"
20220519,4051653300272,4260705920300,"2,000","14,99","-15,000","29,98"
20220520,4051653300272,4260705920300,"2,000","14,99","-17,000","29,98"
20220521,4051653300272,4260705920300,"3,000","14,99","-20,000","44,97"
20220524,4051653300272,4260705920300,"2,000","14,99","-22,000","29,98"
20220525,4051653300272,4260705920300,"4,000","14,99","-26,000","59,96"
20220527,4051653300272,4260705920300,"2,000","14,99","-28,000","29,98"
20220528,4051653300272,4260705920300,"2,000","14,99","-30,000","29,98"
20220530,4051653300272,4260705920300,"2,000","14,99","-32,000","29,98"
20220531,4051653300272,4260705920300,"2,000","14,99","-34,000","29,98"
20220601,4051653300272,4260705920300,"1,000","14,99","-35,000","14,99"
20220602,4051653300272,4260705920300,"1,000","14,99","-36,000","14,99"
20220603,4051653300272,4260705920300,"1,000","14,99","-37,000","14,99"
20220604,4051653300272,4260705920300,"1,000","14,99","-38,000","14,99"
20220607,4051653300272,4260705920300,"1,000","14,99","-39,000","14,99"
20220609,4051653300272,4260705920300,"1,000","14,99","-40,000","14,99"
20220610,4051653300272,4260705920300,"2,000","14,99","-42,000","29,98"
20220611,4051653300272,4260705920300,"2,000","14,99","-44,000","29,98"
20220614,4051653300272,4260705920300,"1,000","14,99","-45,000","14,99"
20220615,4051653300272,4260705920300,"1,000","14,99","-46,000","14,99"
20220616,4051653300272,4260705920300,"1,000","14,99","-47,000","14,99"
20220617,4051653300272,4260705920300,"1,000","14,99","-48,000","14,99"
20220618,4051653300272,4260705920300,"1,000","14,99","-49,000","14,99"
20230131,4051653300272,4260705920300,"2,000","15,49","-2,000","30,98"
20230201,4051653300272,4260705920300,"1,000","15,49","-3,000","15,49"
20230204,4051653300272,4260705920300,"1,000","15,49","-7,000","15,49"
20221011,4051653300272,4260705920300,"1,000","15,49","-1,000","15,49"
20221012,4051653300272,4260705920300,"1,000","15,49","-2,000","15,49"
20221013,4051653300272,4260705920300,"1,000","15,49","-3,000","15,49"
20221014,4051653300272,4260705920300,"1,000","15,49","-4,000","15,49"
20221015,4051653300272,4260705920300,"1,000","15,49","-5,000","15,49"
20221220,4051653300272,4260705920300,"1,000","15,49","-1,000","15,49"
20221221,4051653300272,4260705920300,"1,000","15,49","-2,000","15,49"
20221222,4051653300272,4260705920300,"1,000","15,49","-3,000","15,49"
20221223,4051653300272,4260705920300,"1,000","15,49","-4,000","15,49"
20220704,4051653300272,4260705920300,"1,000","15,49","-56,000","15,49"
20220705,4051653300272,4260705920300,"1,000","15,49","-51,000","15,49"
20220706,4051653300272,4260705920300,"1,000","15,49","-52,000","15,49"
20220707,4051653300272,4260705920300,"1,000","15,49","-53,000","15,49"
20220709,4051653300272,4260705920300,"2,000","15,49","-55,000","30,98"
20220919,4051653300272,4260705920300,"1,000","15,49","-56,000","15,49"
20220920,4051653300272,4260705920300,"1,000","15,49","-51,000","15,49"
20220921,4051653300272,4260705920300,"1,000","15,49","-52,000","15,49"
20220924,4051653300272,4260705920300,"1,000","15,49","-53,000","15,49"
20220620,4051653300272,4260705920300,"1,000","14,99","-50,000","14,99"
20220621,4051653300272,4260705920300,"1,000","14,99","-51,000","14,99"
20220623,4051653300272,4260705920300,"1,000","14,99","-52,000","14,99"
20220624,4051653300272,4260705920300,"1,000","14,99","-53,000","14,99"
20220625,4051653300272,4260705920300,"1,000","14,99","-54,000","14,99"
20221115,4051653300272,4260705920300,"1,000","15,49","-1,000","15,49"
20221116,4051653300272,4260705920300,"1,000","15,49","-2,000","15,49"
20221117,4051653300272,4260705920300,"1,000","15,49","-3,000","15,49"
20221118,4051653300272,4260705920300,"1,000","15,49","-4,000","15,49"
20221101,4051653300272,4260705920300,"1,000","15,49","-1,000","15,49"
20221102,4051653300272,4260705920300,"1,000","15,49","-2,000","15,49"
20221103,4051653300272,4260705920300,"1,000","15,49","-3,000","15,49"
20221104,4051653300272,4260705920300,"2,000","15,49","-5,000","30,98"
20221105,4051653300272,4260705920300,"1,000","15,49","-6,000","15,49"
20220801,4051653300272,4260705920300,"2,000","15,49","-56,000","30,98"
20220802,4051653300272,4260705920300,"1,000","15,49","-52,000","15,49"
20220804,4051653300272,4260705920300,"1,000","15,49","-53,000","15,49"
20220805,4051653300272,4260705920300,"2,000","15,49","-55,000","30,98"
20220806,4051653300272,4260705920300,"2,000","15,49","-57,000","30,98"
20230111,4051653300272,4260705920300,"1,000","15,49","-1,000","15,49"
20230112,4051653300272,4260705920300,"1,000","15,49","-2,000","15,49"
20230113,4051653300272,4260705920300,"1,000","15,49","-3,000","15,49"
20230114,4051653300272,4260705920300,"1,000","15,49","-4,000","15,49"
20220815,4051653300272,4260705920300,"2,000","15,49","-59,000","30,98"
20220816,4051653300272,4260705920300,"1,000","15,49","-52,000","15,49"
20220817,4051653300272,4260705920300,"1,000","15,49","-53,000","15,49"
20220818,4051653300272,4260705920300,"1,000","15,49","-54,000","15,49"
20220820,4051653300272,4260705920300,"1,000","15,49","-55,000","15,49"
20221025,4051653300272,4260705920300,"1,000","15,49","-1,000","15,49"
20221026,4051653300272,4260705920300,"1,000","15,49","-2,000","15,49"
20221027,4051653300272,4260705920300,"1,000","15,49","-3,000","15,49"
20221029,4051653300272,4260705920300,"1,000","15,49","-4,000","15,49"
20221004,4051653300272,4260705920300,"1,000","15,49","-1,000","15,49"
20221007,4051653300272,4260705920300,"1,000","15,49","-2,000","15,49"
20221008,4051653300272,4260705920300,"2,000","15,49","-4,000","30,98"
20220718,4051653300272,4260705920300,"2,000","15,49","-56,000","30,98"
20220719,4051653300272,4260705920300,"2,000","15,49","-53,000","30,98"
20220720,4051653300272,4260705920300,"1,000","15,49","-54,000","15,49"
20220721,4051653300272,4260705920300,"1,000","15,49","-55,000","15,49"
20220722,4051653300272,4260705920300,"2,000","15,49","-57,000","30,98"
20220723,4051653300272,4260705920300,"2,000","15,49","-59,000","30,98"
20230116,4051653300272,4260705920300,"1,000","15,49","-5,000","15,49"
20230117,4051653300272,4260705920300,"1,000","15,49","-6,000","15,49"
20230119,4051653300272,4260705920300,"1,000","15,49","-3,000","15,49"
20230120,4051653300272,4260705920300,"1,000","15,49","-4,000","15,49"
20221107,4051653300272,4260705920300,"1,000","15,49","-7,000","15,49"
20221108,4051653300272,4260705920300,"1,000","15,49","-2,000","15,49"
20221109,4051653300272,4260705920300,"1,000","15,49","-3,000","15,49"
20221110,4051653300272,4260705920300,"1,000","15,49","-4,000","15,49"
20221111,4051653300272,4260705920300,"1,000","15,49","-5,000","15,49"
20221112,4051653300272,4260705920300,"1,000","15,49","-6,000","15,49"
20230103,4051653300272,4260705920300,"1,000","15,49","-1,000","15,49"
20230104,4051653300272,4260705920300,"1,000","15,49","-2,000","15,49"
20230106,4051653300272,4260705920300,"1,000","15,49","-3,000","15,49"
20230107,4051653300272,4260705920300,"1,000","15,49","-4,000","15,49"
20220725,4051653300272,4260705920300,"2,000","15,49","-61,000","30,98"
20220727,4051653300272,4260705920300,"1,000","15,49","-52,000","15,49"
20220728,4051653300272,4260705920300,"1,000","15,49","-53,000","15,49"
20220729,4051653300272,4260705920300,"1,000","15,49","-54,000","15,49"
20220905,4051653300272,4260705920300,"1,000","15,49","-57,000","15,49"
20220906,4051653300272,4260705920300,"1,000","15,49","-51,000","15,49"
20220907,4051653300272,4260705920300,"1,000","15,49","-52,000","15,49"
20220909,4051653300272,4260705920300,"2,000","15,49","-54,000","30,98"
20220910,4051653300272,4260705920300,"2,000","15,49","-56,000","30,98"
20220628,4051653300272,4260705920300,"1,000","14,99","-50,000","14,99"
20220630,4051653300272,4260705920300,"1,000","14,99","-51,000","14,99"
20220701,4051653300272,4260705920300,"2,000","14,99","-53,000","29,98"
20220702,4051653300272,4260705920300,"2,000","14,99","-55,000","29,98"
20221130,4051653300272,4260705920300,"1,000","15,49","-1,000","15,49"
20221201,4051653300272,4260705920300,"1,000","15,49","-2,000","15,49"
20221202,4051653300272,4260705920300,"1,000","15,49","-3,000","15,49"
20221203,4051653300272,4260705920300,"1,000","15,49","-4,000","15,49"
20221205,4051653300272,4260705920300,"1,000","15,49","-5,000","15,49"
20221207,4051653300272,4260705920300,"1,000","15,49","-2,000","15,49"
20221210,4051653300272,4260705920300,"1,000","15,49","-3,000","15,49"
20220927,4051653300272,4260705920300,"1,000","15,49","-50,000","15,49"
20220928,4051653300272,4260705920300,"1,000","15,49","-51,000","15,49"
20220929,4051653300272,4260705920300,"1,000","15,49","-52,000","15,49"
20220930,4051653300272,4260705920300,"2,000","15,49","-51,000","30,98"
20221001,4051653300272,4260705920300,"2,000","15,49","-53,000","30,98"
20221121,4051653300272,4260705920300,"1,000","15,49","-5,000","15,49"
20221122,4051653300272,4260705920300,"1,000","15,49","-2,000","15,49"
20221123,4051653300272,4260705920300,"1,000","15,49","-3,000","15,49"
20221125,4051653300272,4260705920300,"1,000","15,49","-4,000","15,49"
20221126,4051653300272,4260705920300,"1,000","15,49","-5,000","15,49"
20221019,4051653300272,4260705920300,"1,000","15,49","-1,000","15,49"
20221020,4051653300272,4260705920300,"1,000","15,49","-2,000","15,49"
20221022,4051653300272,4260705920300,"1,000","15,49","-3,000","15,49"
20220822,4051653300272,4260705920300,"1,000","15,49","-56,000","15,49"
20220823,4051653300272,4260705920300,"1,000","15,49","-51,000","15,49"
20220825,4051653300272,4260705920300,"1,000","15,49","-52,000","15,49"
20220827,4051653300272,4260705920300,"1,000","15,49","-53,000","15,49"
20230123,4051653300272,4260705920300,"1,000","15,49","-1,000","15,49"
20230124,4051653300272,4260705920300,"1,000","15,49","-2,000","15,49"
