Data/merged_raw.csv
Date,StoreID,ProductID,Quantity,Price,Quantity_perWeek,Price_Total_perOrder
20220912,4051653300272,4260705920324,"2,000","10,99","-103,000","21,98"
20220913,4051653300272,4260705920324,"3,000","10,99","-89,000","32,97"
20220914,4051653300272,4260705920324,"2,000","10,99","-91,000","21,98"
20220915,4051653300272,4260705920324,"2,000","10,99","-93,000","21,98"
20220916,4051653300272,4260705920324,"2,000","10,99","-95,000","21,98"
20220917,4051653300272,4260705920324,"4,000","10,99","-99,000","43,96"
20220829,4051653300272,4260705920324,"3,000","10,99","-107,000","32,97"
20220830,4051653300272,4260705920324,"3,000","10,99","-90,000","32,97"
20220831,4051653300272,4260705920324,"2,000","10,99","-92,000","21,98"
20220901,4051653300272,4260705920324,"1,000","10,99","-93,000","10,99"
20220902,4051653300272,4260705920324,"3,000","10,99","-96,000","32,97"
20220903,4051653300272,4260705920324,"4,000","10,99","-100,000","43,96"
20220711,4051653300272,4260705920324,"3,000","10,99","-103,000","32,97"
20220712,4051653300272,4260705920324,"3,000","10,99","-90,000","32,97"
20220713,4051653300272,4260705920324,"3,000","10,99","-93,000","32,97"
20220714,4051653300272,4260705920324,"2,000","10,99","-95,000","21,98"
20220715,4051653300272,4260705920324,"2,000","10,99","-97,000","21,98"
20220716,4051653300272,4260705920324,"3,000","10,99","-100,000","32,97"
20221227,4051653300272,4260705920324,"2,000","10,99","-2,000","21,98"
20221228,4051653300272,4260705920324,"2,000","10,99","-4,000","21,98"
20221229,4051653300272,4260705920324,"3,000","10,99","-7,000","32,97"
20221230,4051653300272,4260705920324,"1,000","10,99","-8,000","10,99"
20220808,4051653300272,4260705920324,"2,000","10,99","-102,000","21,98"
20220809,4051653300272,4260705920324,"2,000","10,99","-88,000","21,98"
20220810,4051653300272,4260705920324,"2,000","10,99","-90,000","21,98"
20220811,4051653300272,4260705920324,"2,000","10,99","-92,000","21,98"
20220812,4051653300272,4260705920324,"3,000","10,99","-95,000","32,97"
20220813,4051653300272,4260705920324,"4,000","10,99","-99,000","43,96"
20221212,4051653300272,4260705920324,"1,000","10,99","-8,000","10,99"
20221213,4051653300272,4260705920324,"2,000","10,99","-3,000","21,98"
20221214,4051653300272,4260705920324,"2,000","10,99","-5,000","21,98"
20221215,4051653300272,4260705920324,"2,000","10,99","-7,000","21,98"
20221216,4051653300272,4260705920324,"3,000","10,99","-10,000","32,97"
20221217,4051653300272,4260705920324,"2,000","10,99","-12,000","21,98"
20220509,4051653300272,4260705920324,"2,000","9,99","-2,000","19,98"
20220510,4051653300272,4260705920324,"2,000","9,99","-4,000","19,98"
20220511,4051653300272,4260705920324,"2,000","9,99","-6,000","19,98"
20220512,4051653300272,4260705920324,"2,000","9,99","-8,000","19,98"
20220513,4051653300272,4260705920324,"2,000","9,99","-10,000","19,98"
20220514,4051653300272,4260705920324,"2,000","9,99","-12,000","19,98"
20220516,4051653300272,4260705920324,"2,000","9,99","-14,000","19,98"
20220517,4051653300272,4260705920324,"3,000","9,99","-17,000","29,97"
20220518,4051653300272,4260705920324,"3,000","9,99","-20,000","29,97"
20220519,4051653300272,4260705920324,"2,000","9,99","-22,000","19,98"
20220520,4051653300272,4260705920324,"4,000","9,99","-26,000","39,96"
20220521,4051653300272,4260705920324,"2,000","9,99","-28,000","19,98"
20220523,4051653300272,4260705920324,"2,000","9,99","-30,000","19,98"
20220524,4051653300272,4260705920324,"1,000","9,99","-31,000","9,99"
20220525,4051653300272,4260705920324,"3,000","9,99","-34,000","29,97"
20220527,4051653300272,4260705920324,"3,000","9,99","-37,000","29,97"
20220528,4051653300272,4260705920324,"5,000","9,99","-42,000","49,95"
20220530,4051653300272,4260705920324,"2,000","9,99","-44,000","19,98"
20220531,4051653300272,4260705920324,"3,000","9,99","-47,000","29,97"
20220601,4051653300272,4260705920324,"2,000","9,99","-49,000","19,98"
20220602,4051653300272,4260705920324,"1,000","9,99","-50,000","9,99"
20220603,4051653300272,4260705920324,"3,000","9,99","-53,000","29,97"
20220604,4051653300272,4260705920324,"3,000","9,99","-56,000","29,97"
20220607,4051653300272,4260705920324,"3,000","9,99","-59,000","29,97"
20220608,4051653300272,4260705920324,"3,000","9,99","-62,000","29,97"
20220609,4051653300272,4260705920324,"2,000","9,99","-64,000","19,98"
20220610,4051653300272,4260705920324,"3,000","9,99","-67,000","29,97"
20220611,4051653300272,4260705920324,"5,000","9,99","-72,000","49,95"
20220613,4051653300272,4260705920324,"1,000","9,99","-73,000","9,99"
20220614,4051653300272,4260705920324,"1,000","9,99","-74,000","9,99"
20220615,4051653300272,4260705920324,"3,000","9,99","-77,000","29,97"
20220616,4051653300272,4260705920324,"2,000","9,99","-79,000","19,98"
20220617,4051653300272,4260705920324,"3,000","9,99","-82,000","29,97"
20220618,4051653300272,4260705920324,"2,000","9,99","-84,000","19,98"
20230130,4051653300272,4260705920324,"1,000","10,99","-1,000","10,99"
20230131,4051653300272,4260705920324,"2,000","10,99","-3,000","21,98"
20230202,4051653300272,4260705920324,"2,000","10,99","-5,000","21,98"
20230203,4051653300272,4260705920324,"2,000","10,99","-7,000","21,98"
20230204,4051653300272,4260705920324,"2,000","10,99","-9,000","21,98"
20221010,4051653300272,4260705920324,"2,000","10,99","-18,000","21,98"
20221013,4051653300272,4260705920324,"2,000","10,99","-4,000","21,98"
20221014,4051653300272,4260705920324,"4,000","10,99","-8,000","43,96"
20221015,4051653300272,4260705920324,"2,000","10,99","-10,000","21,98"
20221219,4051653300272,4260705920324,"2,000","10,99","-14,000","21,98"
20221220,4051653300272,4260705920324,"2,000","10,99","-4,000","21,98"
20221221,4051653300272,4260705920324,"2,000","10,99","-6,000","21,98"
20221222,4051653300272,4260705920324,"3,000","10,99","-9,000","32,97"
20221223,4051653300272,4260705920324,"2,000","10,99","-11,000","21,98"
20220704,4051653300272,4260705920324,"2,000","10,99","-103,000","21,98"
20220705,4051653300272,4260705920324,"3,000","10,99","-89,000","32,97"
20220706,4051653300272,4260705920324,"3,000","10,99","-92,000","32,97"
20220707,4051653300272,4260705920324,"3,000","10,99","-95,000","32,97"
20220709,4051653300272,4260705920324,"5,000","10,99","-100,000","54,95"
20220919,4051653300272,4260705920324,"4,000","10,99","-103,000","43,96"
20220921,4051653300272,4260705920324,"1,000","10,99","-89,000","10,99"
20220922,4051653300272,4260705920324,"3,000","10,99","-92,000","32,97"
20220923,4051653300272,4260705920324,"3,000","10,99","-95,000","32,97"
20220620,4051653300272,4260705920324,"3,000","9,99","-87,000","29,97"
20220621,4051653300272,4260705920324,"2,000","9,99","-89,000","19,98"
20220622,4051653300272,4260705920324,"3,000","9,99","-92,000","29,97"
20220623,4051653300272,4260705920324,"3,000","9,99","-95,000","29,97"
20220624,4051653300272,4260705920324,"2,000","9,99","-97,000","19,98"
20220625,4051653300272,4260705920324,"4,000","9,99","-101,000","39,96"
20221114,4051653300272,4260705920324,"2,000","10,99","-12,000","21,98"
20221115,4051653300272,4260705920324,"2,000","10,99","-4,000","21,98"
20221116,4051653300272,4260705920324,"2,000","10,99","-6,000","21,98"
20221118,4051653300272,4260705920324,"2,000","10,99","-8,000","21,98"
20221119,4051653300272,4260705920324,"3,000","10,99","-11,000","32,97"
20221101,4051653300272,4260705920324,"2,000","10,99","-2,000","21,98"
20221102,4051653300272,4260705920324,"2,000","10,99","-4,000","21,98"
20221103,4051653300272,4260705920324,"2,000","10,99","-6,000","21,98"
20221104,4051653300272,4260705920324,"2,000","10,99","-8,000","21,98"
20221105,4051653300272,4260705920324,"2,000","10,99","-10,000","21,98"
20220801,4051653300272,4260705920324,"2,000","10,99","-100,000","21,98"
20220802,4051653300272,4260705920324,"2,000","10,99","-88,000","21,98"
20220803,4051653300272,4260705920324,"2,000","10,99","-90,000","21,98"
20220804,4051653300272,4260705920324,"2,000","10,99","-92,000","21,98"
20220805,4051653300272,4260705920324,"4,000","10,99","-96,000","43,96"
20220806,4051653300272,4260705920324,"4,000","10,99","-100,000","43,96"
20230109,4051653300272,4260705920324,"2,000","10,99","-2,000","21,98"
20230110,4051653300272,4260705920324,"1,000","10,99","-3,000","10,99"
20230111,4051653300272,4260705920324,"1,000","10,99","-4,000","10,99"
20230112,4051653300272,4260705920324,"2,000","10,99","-6,000","21,98"
20230113,4051653300272,4260705920324,"2,000","10,99","-8,000","21,98"
20230114,4051653300272,4260705920324,"2,000","10,99","-10,000","21,98"
20220815,4051653300272,4260705920324,"4,000","10,99","-103,000","43,96"
20220816,4051653300272,4260705920324,"3,000","10,99","-91,000","32,97"
20220817,4051653300272,4260705920324,"3,000","10,99","-94,000","32,97"
20220818,4051653300272,4260705920324,"1,000","10,99","-95,000","10,99"
20220819,4051653300272,4260705920324,"3,000","10,99","-98,000","32,97"
20220820,4051653300272,4260705920324,"3,000","10,99","-101,000","32,97"
20221024,4051653300272,4260705920324,"2,000","10,99","-12,000","21,98"
20221025,4051653300272,4260705920324,"2,000","10,99","-4,000","21,98"
20221026,4051653300272,4260705920324,"1,000","10,99","-5,000","10,99"
20221027,4051653300272,4260705920324,"3,000","10,99","-8,000","32,97"
20221028,4051653300272,4260705920324,"3,000","10,99","-11,000","32,97"
20221029,4051653300272,4260705920324,"3,000","10,99","-14,000","32,97"
20221004,4051653300272,4260705920324,"3,000","10,99","-3,000","32,97"
20221005,4051653300272,4260705920324,"3,000","10,99","-6,000","32,97"
20221006,4051653300272,4260705920324,"3,000","10,99","-9,000","32,97"
20221007,4051653300272,4260705920324,"4,000","10,99","-13,000","43,96"
20221008,4051653300272,4260705920324,"3,000","10,99","-16,000","32,97"
20220718,4051653300272,4260705920324,"1,000","10,99","-101,000","10,99"
20220719,4051653300272,4260705920324,"3,000","10,99","-88,000","32,97"
20220720,4051653300272,4260705920324,"2,000","10,99","-90,000","21,98"
20220721,4051653300272,4260705920324,"1,000","10,99","-91,000","10,99"
20220722,4051653300272,4260705920324,"2,000","10,99","-93,000","21,98"
20220723,4051653300272,4260705920324,"3,000","10,99","-96,000","32,97"
20230116,4051653300272,4260705920324,"1,000","10,99","-11,000","10,99"
20230117,4051653300272,4260705920324,"2,000","10,99","-13,000","21,98"
20230118,4051653300272,4260705920324,"1,000","10,99","-4,000","10,99"
20230119,4051653300272,4260705920324,"2,000","10,99","-6,000","21,98"
20230120,4051653300272,4260705920324,"2,000","10,99","-8,000","21,98"
20230121,4051653300272,4260705920324,"2,000","10,99","-10,000","21,98"
20221107,4051653300272,4260705920324,"2,000","10,99","-12,000","21,98"
20221108,4051653300272,4260705920324,"2,000","10,99","-4,000","21,98"
20221109,4051653300272,4260705920324,"2,000","10,99","-6,000","21,98"
20221111,4051653300272,4260705920324,"2,000","10,99","-8,000","21,98"
20221112,4051653300272,4260705920324,"2,000","10,99","-10,000","21,98"
20230102,4051653300272,4260705920324,"2,000","10,99","-2,000","21,98"
20230103,4051653300272,4260705920324,"2,000","10,99","-4,000","21,98"
20230104,4051653300272,4260705920324,"2,000","10,99","-6,000","21,98"
20230105,4051653300272,4260705920324,"1,000","10,99","-7,000","10,99"
20230106,4051653300272,4260705920324,"2,000","10,99","-9,000","21,98"
20230107,4051653300272,4260705920324,"2,000","10,99","-11,000","21,98"
20220725,4051653300272,4260705920324,"1,000","10,99","-97,000","10,99"
20220726,4051653300272,4260705920324,"2,000","10,99","-87,000","21,98"
20220727,4051653300272,4260705920324,"1,000","10,99","-88,000","10,99"
20220728,4051653300272,4260705920324,"3,000","10,99","-91,000","32,97"
20220729,4051653300272,4260705920324,"3,000","10,99","-94,000","32,97"
20220730,4051653300272,4260705920324,"4,000","10,99","-98,000","43,96"
20220905,4051653300272,4260705920324,"3,000","10,99","-103,000","32,97"
20220906,4051653300272,4260705920324,"2,000","10,99","-89,000","21,98"
20220907,4051653300272,4260705920324,"3,000","10,99","-92,000","32,97"
20220908,4051653300272,4260705920324,"3,000","10,99","-95,000","32,97"
20220909,4051653300272,4260705920324,"3,000","10,99","-98,000","32,97"
20220910,4051653300272,4260705920324,"3,000","10,99","-101,000","32,97"
20220627,4051653300272,4260705920324,"2,000","9,99","-103,000","19,98"
20220628,4051653300272,4260705920324,"3,000","9,99","-89,000","29,97"
20220629,4051653300272,4260705920324,"2,000","9,99","-91,000","19,98"
20220630,4051653300272,4260705920324,"3,000","9,99","-94,000","29,97"
20220701,4051653300272,4260705920324,"3,000","9,99","-97,000","29,97"
20220702,4051653300272,4260705920324,"4,000","9,99","-101,000","39,96"
20221128,4051653300272,4260705920324,"1,000","10,99","-13,000","10,99"
20221129,4051653300272,4260705920324,"2,000","10,99","-3,000","21,98"
20221130,4051653300272,4260705920324,"2,000","10,99","-5,000","21,98"
20221201,4051653300272,4260705920324,"2,000","10,99","-7,000","21,98"
20221202,4051653300272,4260705920324,"2,000","10,99","-9,000","21,98"
20221203,4051653300272,4260705920324,"2,000","10,99","-11,000","21,98"
20221206,4051653300272,4260705920324,"1,000","10,99","-1,000","10,99"
20221207,4051653300272,4260705920324,"2,000","10,99","-3,000","21,98"
20221209,4051653300272,4260705920324,"2,000","10,99","-5,000","21,98"
20221210,4051653300272,4260705920324,"2,000","10,99","-7,000","21,98"
20220926,4051653300272,4260705920324,"2,000","10,99","-97,000","21,98"
20220927,4051653300272,4260705920324,"3,000","10,99","-89,000","32,97"
20220928,4051653300272,4260705920324,"1,000","10,99","-90,000","10,99"
20220929,4051653300272,4260705920324,"2,000","10,99","-92,000","21,98"
20220930,4051653300272,4260705920324,"4,000","10,99","-88,000","43,96"
20221001,4051653300272,4260705920324,"4,000","10,99","-92,000","43,96"
20221121,4051653300272,4260705920324,"2,000","10,99","-13,000","21,98"
20221122,4051653300272,4260705920324,"2,000","10,99","-4,000","21,98"
20221123,4051653300272,4260705920324,"1,000","10,99","-5,000","10,99"
20221124,4051653300272,4260705920324,"2,000","10,99","-7,000","21,98"
20221125,4051653300272,4260705920324,"2,000","10,99","-9,000","21,98"
20221126,4051653300272,4260705920324,"3,000","10,99","-12,000","32,97"
20221018,4051653300272,4260705920324,"1,000","10,99","-1,000","10,99"
20221019,4051653300272,4260705920324,"2,000","10,99","-3,000","21,98"
20221020,4051653300272,4260705920324,"2,000","10,99","-5,000","21,98"
20221021,4051653300272,4260705920324,"2,000","10,99","-7,000","21,98"
20221022,4051653300272,4260705920324,"3,000","10,99","-10,000","32,97"
20220822,4051653300272,4260705920324,"2,000","10,99","-103,000","21,98"
20220823,4051653300272,4260705920324,"4,000","10,99","-90,000","43,96"
20220824,4051653300272,4260705920324,"4,000","10,99","-94,000","43,96"
20220825,4051653300272,4260705920324,"3,000","10,99","-97,000","32,97"
20220826,4051653300272,4260705920324,"4,000","10,99","-101,000","43,96"
20220827,4051653300272,4260705920324,"3,000","10,99","-104,000","32,97"
20230123,4051653300272,4260705920324,"2,000","10,99","-2,000","21,98"
20230124,4051653300272,4260705920324,"1,000","10,99","-3,000","10,99"
20230125,4051653300272,4260705920324,"1,000","10,99","-4,000","10,99"
20230126,4051653300272,4260705920324,"2,000","10,99","-6,000","21,98"
20230127,4051653300272,4260705920324,"2,000","10,99","-8,000","21,98"
20230128,4051653300272,4260705920324,"2,000","10,99","-10,000","21,98"
