Data/merged_raw.csv
Date,StoreID,ProductID,Quantity,Price,Quantity_perWeek,Price_Total_perOrder
20220912,4051653300272,4260705920331,"1,000","8,69","-24,000","8,69"
20220913,4051653300272,4260705920331,"1,000","8,69","-20,000","8,69"
20220915,4051653300272,4260705920331,"1,000","8,69","-21,000","8,69"
20220916,4051653300272,4260705920331,"1,000","8,69","-22,000","8,69"
20220917,4051653300272,4260705920331,"1,000","8,69","-23,000","8,69"
20220829,4051653300272,4260705920331,"2,000","8,69","-26,000","17,38"
20220830,4051653300272,4260705920331,"1,000","8,69","-21,000","8,69"
20220831,4051653300272,4260705920331,"3,000","8,69","-24,000","26,07"
20220901,4051653300272,4260705920331,"1,000","8,69","-25,000","8,69"
20220902,4051653300272,4260705920331,"1,000","8,69","-26,000","8,69"
20220903,4051653300272,4260705920331,"1,000","8,69","-27,000","8,69"
20220711,4051653300272,4260705920331,"1,000","8,69","-25,000","8,69"
20220713,4051653300272,4260705920331,"1,000","8,69","-20,000","8,69"
20220715,4051653300272,4260705920331,"1,000","8,69","-21,000","8,69"
20220716,4051653300272,4260705920331,"1,000","8,69","-22,000","8,69"
20221227,4051653300272,4260705920331,"1,000","8,69","-1,000","8,69"
20221230,4051653300272,4260705920331,"1,000","8,69","-2,000","8,69"
20220808,4051653300272,4260705920331,"1,000","8,69","-24,000","8,69"
20220809,4051653300272,4260705920331,"1,000","8,69","-20,000","8,69"
20220810,4051653300272,4260705920331,"1,000","8,69","-21,000","8,69"
20220811,4051653300272,4260705920331,"1,000","8,69","-22,000","8,69"
20220812,4051653300272,4260705920331,"1,000","8,69","-23,000","8,69"
20221212,4051653300272,4260705920331,"1,000","8,69","-3,000","8,69"
20221213,4051653300272,4260705920331,"1,000","8,69","-2,000","8,69"
20221214,4051653300272,4260705920331,"1,000","8,69","-3,000","8,69"
20221215,4051653300272,4260705920331,"1,000","8,69","-4,000","8,69"
20221216,4051653300272,4260705920331,"1,000","8,69","-5,000","8,69"
20221217,4051653300272,4260705920331,"1,000","8,69","-6,000","8,69"
20220513,4051653300272,4260705920331,"1,000","8,49","-1,000","8,49"
20220514,4051653300272,4260705920331,"1,000","8,49","-2,000","8,49"
20220518,4051653300272,4260705920331,"1,000","8,49","-3,000","8,49"
20220520,4051653300272,4260705920331,"1,000","8,49","-4,000","8,49"
20220525,4051653300272,4260705920331,"1,000","8,49","-5,000","8,49"
20220527,4051653300272,4260705920331,"1,000","8,49","-6,000","8,49"
20220528,4051653300272,4260705920331,"1,000","8,49","-7,000","8,49"
20220531,4051653300272,4260705920331,"1,000","8,49","-8,000","8,49"
20220602,4051653300272,4260705920331,"1,000","8,49","-9,000","8,49"
20220603,4051653300272,4260705920331,"1,000","8,49","-10,000","8,49"
20220604,4051653300272,4260705920331,"1,000","8,49","-11,000","8,49"
20220608,4051653300272,4260705920331,"1,000","8,49","-12,000","8,49"
20220610,4051653300272,4260705920331,"1,000","8,49","-13,000","8,49"
20220611,4051653300272,4260705920331,"1,000","8,49","-14,000","8,49"
20220614,4051653300272,4260705920331,"1,000","8,49","-15,000","8,49"
20220615,4051653300272,4260705920331,"1,000","8,49","-16,000","8,49"
20220616,4051653300272,4260705920331,"1,000","8,49","-17,000","8,49"
20220618,4051653300272,4260705920331,"1,000","8,49","-18,000","8,49"
20230202,4051653300272,4260705920331,"1,000","8,69","-1,000","8,69"
20230204,4051653300272,4260705920331,"1,000","8,69","-2,000","8,69"
20221012,4051653300272,4260705920331,"1,000","8,69","-1,000","8,69"
20221013,4051653300272,4260705920331,"1,000","8,69","-2,000","8,69"
20221219,4051653300272,4260705920331,"1,000","8,69","-7,000","8,69"
20221221,4051653300272,4260705920331,"1,000","8,69","-2,000","8,69"
20221222,4051653300272,4260705920331,"1,000","8,69","-3,000","8,69"
20221223,4051653300272,4260705920331,"1,000","8,69","-4,000","8,69"
20220705,4051653300272,4260705920331,"1,000","8,69","-19,000","8,69"
20220706,4051653300272,4260705920331,"1,000","8,69","-20,000","8,69"
20220708,4051653300272,4260705920331,"1,000","8,69","-21,000","8,69"
20220709,4051653300272,4260705920331,"3,000","8,69","-24,000","26,07"
20220919,4051653300272,4260705920331,"1,000","8,69","-24,000","8,69"
20220922,4051653300272,4260705920331,"1,000","8,69","-20,000","8,69"
20220620,4051653300272,4260705920331,"1,000","8,49","-19,000","8,49"
20220621,4051653300272,4260705920331,"1,000","8,49","-20,000","8,49"
20220622,4051653300272,4260705920331,"1,000","8,49","-21,000","8,49"
20220623,4051653300272,4260705920331,"1,000","8,49","-22,000","8,49"
20220624,4051653300272,4260705920331,"1,000","8,49","-23,000","8,49"
20220625,4051653300272,4260705920331,"1,000","8,49","-24,000","8,49"
20221114,4051653300272,4260705920331,"1,000","8,69","-4,000","8,69"
20221115,4051653300272,4260705920331,"1,000","8,69","-2,000","8,69"
20221116,4051653300272,4260705920331,"1,000","8,69","-3,000","8,69"
20221117,4051653300272,4260705920331,"1,000","8,69","-4,000","8,69"
20221118,4051653300272,4260705920331,"1,000","8,69","-5,000","8,69"
20221119,4051653300272,4260705920331,"1,000","8,69","-6,000","8,69"
20221101,4051653300272,4260705920331,"1,000","8,69","-1,000","8,69"
20221102,4051653300272,4260705920331,"1,000","8,69","-2,000","8,69"
20221103,4051653300272,4260705920331,"1,000","8,69","-3,000","8,69"
20221104,4051653300272,4260705920331,"1,000","8,69","-4,000","8,69"
20221105,4051653300272,4260705920331,"1,000","8,69","-5,000","8,69"
20220802,4051653300272,4260705920331,"1,000","8,69","-19,000","8,69"
20220803,4051653300272,4260705920331,"1,000","8,69","-20,000","8,69"
20220804,4051653300272,4260705920331,"1,000","8,69","-21,000","8,69"
20220805,4051653300272,4260705920331,"1,000","8,69","-22,000","8,69"
20220806,4051653300272,4260705920331,"1,000","8,69","-23,000","8,69"
20230109,4051653300272,4260705920331,"1,000","8,69","-1,000","8,69"
20230110,4051653300272,4260705920331,"1,000","8,69","-2,000","8,69"
20220815,4051653300272,4260705920331,"1,000","8,69","-24,000","8,69"
20220817,4051653300272,4260705920331,"1,000","8,69","-20,000","8,69"
20221024,4051653300272,4260705920331,"1,000","8,69","-6,000","8,69"
20221004,4051653300272,4260705920331,"1,000","8,69","-1,000","8,69"
20221005,4051653300272,4260705920331,"1,000","8,69","-2,000","8,69"
20221006,4051653300272,4260705920331,"1,000","8,69","-3,000","8,69"
20221007,4051653300272,4260705920331,"1,000","8,69","-4,000","8,69"
20220720,4051653300272,4260705920331,"1,000","8,69","-19,000","8,69"
20220721,4051653300272,4260705920331,"1,000","8,69","-20,000","8,69"
20220722,4051653300272,4260705920331,"1,000","8,69","-21,000","8,69"
20220723,4051653300272,4260705920331,"1,000","8,69","-22,000","8,69"
20230117,4051653300272,4260705920331,"1,000","8,69","-3,000","8,69"
20230120,4051653300272,4260705920331,"1,000","8,69","-2,000","8,69"
20230121,4051653300272,4260705920331,"1,000","8,69","-3,000","8,69"
20221110,4051653300272,4260705920331,"1,000","8,69","-1,000","8,69"
20221111,4051653300272,4260705920331,"1,000","8,69","-2,000","8,69"
20221112,4051653300272,4260705920331,"1,000","8,69","-3,000","8,69"
20230102,4051653300272,4260705920331,"1,000","8,69","-1,000","8,69"
20230103,4051653300272,4260705920331,"1,000","8,69","-2,000","8,69"
20230104,4051653300272,4260705920331,"1,000","8,69","-3,000","8,69"
20230105,4051653300272,4260705920331,"1,000","8,69","-4,000","8,69"
20230106,4051653300272,4260705920331,"1,000","8,69","-5,000","8,69"
20230107,4051653300272,4260705920331,"1,000","8,69","-6,000","8,69"
20220727,4051653300272,4260705920331,"1,000","8,69","-19,000","8,69"
20220729,4051653300272,4260705920331,"1,000","8,69","-20,000","8,69"
20220730,4051653300272,4260705920331,"1,000","8,69","-21,000","8,69"
20220905,4051653300272,4260705920331,"1,000","8,69","-28,000","8,69"
20220907,4051653300272,4260705920331,"1,000","8,69","-20,000","8,69"
20220908,4051653300272,4260705920331,"1,000","8,69","-21,000","8,69"
20220909,4051653300272,4260705920331,"1,000","8,69","-22,000","8,69"
20220910,4051653300272,4260705920331,"1,000","8,69","-23,000","8,69"
20220627,4051653300272,4260705920331,"1,000","8,49","-25,000","8,49"
20220628,4051653300272,4260705920331,"1,000","8,49","-20,000","8,49"
20220629,4051653300272,4260705920331,"1,000","8,49","-21,000","8,49"
20220630,4051653300272,4260705920331,"1,000","8,49","-22,000","8,49"
20220701,4051653300272,4260705920331,"1,000","8,49","-23,000","8,49"
20221129,4051653300272,4260705920331,"1,000","8,69","-1,000","8,69"
20221130,4051653300272,4260705920331,"1,000","8,69","-2,000","8,69"
20221202,4051653300272,4260705920331,"1,000","8,69","-3,000","8,69"
20221203,4051653300272,4260705920331,"1,000","8,69","-4,000","8,69"
20221205,4051653300272,4260705920331,"1,000","8,69","-5,000","8,69"
20221209,4051653300272,4260705920331,"1,000","8,69","-2,000","8,69"
20220926,4051653300272,4260705920331,"1,000","8,69","-21,000","8,69"
20220927,4051653300272,4260705920331,"1,000","8,69","-20,000","8,69"
20220928,4051653300272,4260705920331,"1,000","8,69","-21,000","8,69"
20220930,4051653300272,4260705920331,"1,000","8,69","-19,000","8,69"
20221001,4051653300272,4260705920331,"1,000","8,69","-20,000","8,69"
20221121,4051653300272,4260705920331,"1,000","8,69","-7,000","8,69"
20221124,4051653300272,4260705920331,"1,000","8,69","-2,000","8,69"
20221125,4051653300272,4260705920331,"1,000","8,69","-3,000","8,69"
20221126,4051653300272,4260705920331,"1,000","8,69","-4,000","8,69"
20221018,4051653300272,4260705920331,"1,000","8,69","-1,000","8,69"
20221019,4051653300272,4260705920331,"1,000","8,69","-2,000","8,69"
20221020,4051653300272,4260705920331,"1,000","8,69","-3,000","8,69"
20221021,4051653300272,4260705920331,"1,000","8,69","-4,000","8,69"
20221022,4051653300272,4260705920331,"1,000","8,69","-5,000","8,69"
20220822,4051653300272,4260705920331,"1,000","8,69","-21,000","8,69"
20220823,4051653300272,4260705920331,"1,000","8,69","-20,000","8,69"
20220824,4051653300272,4260705920331,"1,000","8,69","-21,000","8,69"
20220825,4051653300272,4260705920331,"1,000","8,69","-22,000","8,69"
20220826,4051653300272,4260705920331,"1,000","8,69","-23,000","8,69"
20220827,4051653300272,4260705920331,"1,000","8,69","-24,000","8,69"
20230123,4051653300272,4260705920331,"1,000","8,69","-1,000","8,69"
20230124,4051653300272,4260705920331,"1,000","8,69","-2,000","8,69"
20230125,4051653300272,4260705920331,"1,000","8,69","-3,000","8,69"
20230128,4051653300272,4260705920331,"1,000","8,69","-4,000","8,69"
