Data/merged_raw.csv
Date,StoreID,ProductID,Quantity,Price,Quantity_perWeek,Price_Total_perOrder
20220912,4051653300272,4260705920416,"1,000","5,99","-89,000","5,99"
20220913,4051653300272,4260705920416,"2,000","5,99","-80,000","11,98"
20220914,4051653300272,4260705920416,"2,000","5,99","-82,000","11,98"
20220915,4051653300272,4260705920416,"1,000","5,99","-83,000","5,99"
20220916,4051653300272,4260705920416,"1,000","5,99","-84,000","5,99"
20220917,4051653300272,4260705920416,"2,000","5,99","-86,000","11,98"
20220829,4051653300272,4260705920416,"1,000","5,99","-87,000","5,99"
20220830,4051653300272,4260705920416,"2,000","5,99","-80,000","11,98"
20220831,4051653300272,4260705920416,"2,000","5,99","-82,000","11,98"
20220901,4051653300272,4260705920416,"2,000","5,99","-84,000","11,98"
20220902,4051653300272,4260705920416,"2,000","5,99","-86,000","11,98"
20220903,4051653300272,4260705920416,"2,000","5,99","-88,000","11,98"
20220711,4051653300272,4260705920416,"2,000","5,99","-92,000","11,98"
20220712,4051653300272,4260705920416,"2,000","5,99","-81,000","11,98"
20220713,4051653300272,4260705920416,"2,000","5,99","-83,000","11,98"
20220714,4051653300272,4260705920416,"2,000","5,99","-85,000","11,98"
20220715,4051653300272,4260705920416,"2,000","5,99","-87,000","11,98"
20220716,4051653300272,4260705920416,"2,000","5,99","-89,000","11,98"
20221227,4051653300272,4260705920416,"1,000","7,19","-1,000","7,19"
20221230,4051653300272,4260705920416,"2,000","7,19","-3,000","14,38"
20220808,4051653300272,4260705920416,"2,000","5,99","-87,000","11,98"
20220809,4051653300272,4260705920416,"2,000","5,99","-81,000","11,98"
20220810,4051653300272,4260705920416,"2,000","5,99","-83,000","11,98"
20220811,4051653300272,4260705920416,"2,000","5,99","-85,000","11,98"
20220812,4051653300272,4260705920416,"2,000","5,99","-87,000","11,98"
20220813,4051653300272,4260705920416,"2,000","5,99","-89,000","11,98"
20221213,4051653300272,4260705920416,"1,000","7,19","-1,000","7,19"
20221214,4051653300272,4260705920416,"1,000","7,19","-2,000","7,19"
20221215,4051653300272,4260705920416,"1,000","7,19","-3,000","7,19"
20221216,4051653300272,4260705920416,"2,000","7,19","-5,000","14,38"
20221217,4051653300272,4260705920416,"2,000","7,19","-7,000","14,38"
20220509,4051653300272,4260705920416,"2,000","5,99","-2,000","11,98"
20220510,4051653300272,4260705920416,"2,000","5,99","-4,000","11,98"
20220511,4051653300272,4260705920416,"3,000","5,99","-7,000","17,97"
20220512,4051653300272,4260705920416,"2,000","5,99","-9,000","11,98"
20220513,4051653300272,4260705920416,"2,000","5,99","-11,000","11,98"
20220514,4051653300272,4260705920416,"3,000","5,99","-14,000","17,97"
20220516,4051653300272,4260705920416,"2,000","5,99","-16,000","11,98"
20220517,4051653300272,4260705920416,"2,000","5,99","-18,000","11,98"
20220518,4051653300272,4260705920416,"2,000","5,99","-20,000","11,98"
20220519,4051653300272,4260705920416,"2,000","5,99","-22,000","11,98"
20220520,4051653300272,4260705920416,"3,000","5,99","-25,000","17,97"
20220521,4051653300272,4260705920416,"3,000","5,99","-28,000","17,97"
20220523,4051653300272,4260705920416,"2,000","5,99","-30,000","11,98"
20220524,4051653300272,4260705920416,"2,000","5,99","-32,000","11,98"
20220525,4051653300272,4260705920416,"3,000","5,99","-35,000","17,97"
20220527,4051653300272,4260705920416,"3,000","5,99","-38,000","17,97"
20220528,4051653300272,4260705920416,"3,000","5,99","-41,000","17,97"
20220530,4051653300272,4260705920416,"2,000","5,99","-43,000","11,98"
20220531,4051653300272,4260705920416,"2,000","5,99","-45,000","11,98"
20220601,4051653300272,4260705920416,"2,000","5,99","-47,000","11,98"
20220602,4051653300272,4260705920416,"2,000","5,99","-49,000","11,98"
20220603,4051653300272,4260705920416,"3,000","5,99","-52,000","17,97"
20220604,4051653300272,4260705920416,"2,000","5,99","-54,000","11,98"
20220607,4051653300272,4260705920416,"2,000","5,99","-56,000","11,98"
20220608,4051653300272,4260705920416,"2,000","5,99","-58,000","11,98"
20220609,4051653300272,4260705920416,"2,000","5,99","-60,000","11,98"
20220610,4051653300272,4260705920416,"2,000","5,99","-62,000","11,98"
20220611,4051653300272,4260705920416,"3,000","5,99","-65,000","17,97"
20220613,4051653300272,4260705920416,"2,000","5,99","-67,000","11,98"
20220614,4051653300272,4260705920416,"2,000","5,99","-69,000","11,98"
20220615,4051653300272,4260705920416,"2,000","5,99","-71,000","11,98"
20220616,4051653300272,4260705920416,"2,000","5,99","-73,000","11,98"
20220617,4051653300272,4260705920416,"2,000","5,99","-75,000","11,98"
20220618,4051653300272,4260705920416,"2,000","5,99","-77,000","11,98"
20230130,4051653300272,4260705920416,"2,000","7,19","-2,000","14,38"
20230131,4051653300272,4260705920416,"2,000","7,19","-4,000","14,38"
20230201,4051653300272,4260705920416,"1,000","7,19","-5,000","7,19"
20230202,4051653300272,4260705920416,"2,000","7,19","-7,000","14,38"
20230203,4051653300272,4260705920416,"2,000","7,19","-9,000","14,38"
20230204,4051653300272,4260705920416,"1,000","7,19","-10,000","7,19"
20221010,4051653300272,4260705920416,"1,000","5,99","-9,000","5,99"
20221011,4051653300272,4260705920416,"2,000","5,99","-3,000","11,98"
20221012,4051653300272,4260705920416,"2,000","5,99","-5,000","11,98"
20221013,4051653300272,4260705920416,"1,000","5,99","-6,000","5,99"
20221014,4051653300272,4260705920416,"2,000","5,99","-8,000","11,98"
20221015,4051653300272,4260705920416,"2,000","5,99","-10,000","11,98"
20221219,4051653300272,4260705920416,"1,000","7,19","-8,000","7,19"
20221220,4051653300272,4260705920416,"1,000","7,19","-2,000","7,19"
20221221,4051653300272,4260705920416,"1,000","7,19","-3,000","7,19"
20221222,4051653300272,4260705920416,"1,000","7,19","-4,000","7,19"
20221223,4051653300272,4260705920416,"2,000","7,19","-6,000","14,38"
20220704,4051653300272,4260705920416,"2,000","5,99","-94,000","11,98"
20220705,4051653300272,4260705920416,"2,000","5,99","-81,000","11,98"
20220706,4051653300272,4260705920416,"1,000","5,99","-82,000","5,99"
20220707,4051653300272,4260705920416,"2,000","5,99","-84,000","11,98"
20220708,4051653300272,4260705920416,"2,000","5,99","-86,000","11,98"
20220709,4051653300272,4260705920416,"4,000","5,99","-90,000","23,96"
20220919,4051653300272,4260705920416,"2,000","5,99","-88,000","11,98"
20220920,4051653300272,4260705920416,"2,000","5,99","-81,000","11,98"
20220921,4051653300272,4260705920416,"2,000","5,99","-83,000","11,98"
20220922,4051653300272,4260705920416,"2,000","5,99","-85,000","11,98"
20220923,4051653300272,4260705920416,"2,000","5,99","-87,000","11,98"
20220924,4051653300272,4260705920416,"2,000","5,99","-89,000","11,98"
20220620,4051653300272,4260705920416,"2,000","5,99","-79,000","11,98"
20220621,4051653300272,4260705920416,"2,000","5,99","-81,000","11,98"
20220622,4051653300272,4260705920416,"2,000","5,99","-83,000","11,98"
20220623,4051653300272,4260705920416,"2,000","5,99","-85,000","11,98"
20220624,4051653300272,4260705920416,"2,000","5,99","-87,000","11,98"
20220625,4051653300272,4260705920416,"2,000","5,99","-89,000","11,98"
20221114,4051653300272,4260705920416,"2,000","7,19","-10,000","14,38"
20221116,4051653300272,4260705920416,"2,000","7,19","-4,000","14,38"
20221117,4051653300272,4260705920416,"2,000","7,19","-6,000","14,38"
20221118,4051653300272,4260705920416,"1,000","7,19","-7,000","7,19"
20221101,4051653300272,4260705920416,"1,000","7,19","-1,000","7,19"
20221102,4051653300272,4260705920416,"1,000","7,19","-2,000","7,19"
20221103,4051653300272,4260705920416,"1,000","7,19","-3,000","7,19"
20221104,4051653300272,4260705920416,"1,000","7,19","-4,000","7,19"
20221105,4051653300272,4260705920416,"2,000","7,19","-6,000","14,38"
20220801,4051653300272,4260705920416,"2,000","5,99","-89,000","11,98"
20220802,4051653300272,4260705920416,"2,000","5,99","-81,000","11,98"
20220803,4051653300272,4260705920416,"2,000","5,99","-83,000","11,98"
20220805,4051653300272,4260705920416,"2,000","5,99","-85,000","11,98"
20230109,4051653300272,4260705920416,"1,000","7,19","-1,000","7,19"
20230110,4051653300272,4260705920416,"1,000","7,19","-2,000","7,19"
20230111,4051653300272,4260705920416,"2,000","7,19","-4,000","14,38"
20230112,4051653300272,4260705920416,"1,000","7,19","-5,000","7,19"
20230113,4051653300272,4260705920416,"2,000","7,19","-7,000","14,38"
20230114,4051653300272,4260705920416,"2,000","7,19","-9,000","14,38"
20220815,4051653300272,4260705920416,"2,000","5,99","-91,000","11,98"
20220816,4051653300272,4260705920416,"2,000","5,99","-81,000","11,98"
20220817,4051653300272,4260705920416,"2,000","5,99","-83,000","11,98"
20220818,4051653300272,4260705920416,"2,000","5,99","-85,000","11,98"
20220819,4051653300272,4260705920416,"2,000","5,99","-87,000","11,98"
20220820,4051653300272,4260705920416,"2,000","5,99","-89,000","11,98"
20221025,4051653300272,4260705920416,"1,000","7,19","-1,000","7,19"
20221026,4051653300272,4260705920416,"1,000","7,19","-2,000","7,19"
20221027,4051653300272,4260705920416,"1,000","7,19","-3,000","7,19"
20221028,4051653300272,4260705920416,"2,000","7,19","-5,000","14,38"
20221029,4051653300272,4260705920416,"2,000","7,19","-7,000","14,38"
20221004,4051653300272,4260705920416,"1,000","5,99","-1,000","5,99"
20221005,4051653300272,4260705920416,"1,000","5,99","-2,000","5,99"
20221006,4051653300272,4260705920416,"2,000","5,99","-4,000","11,98"
20221007,4051653300272,4260705920416,"2,000","5,99","-6,000","11,98"
20221008,4051653300272,4260705920416,"2,000","5,99","-8,000","11,98"
20220718,4051653300272,4260705920416,"1,000","5,99","-90,000","5,99"
20220719,4051653300272,4260705920416,"2,000","5,99","-80,000","11,98"
20220720,4051653300272,4260705920416,"2,000","5,99","-82,000","11,98"
20220721,4051653300272,4260705920416,"2,000","5,99","-84,000","11,98"
20220722,4051653300272,4260705920416,"2,000","5,99","-86,000","11,98"
20220723,4051653300272,4260705920416,"1,000","5,99","-87,000","5,99"
20230116,4051653300272,4260705920416,"2,000","7,19","-11,000","14,38"
20230117,4051653300272,4260705920416,"2,000","7,19","-13,000","14,38"
20230118,4051653300272,4260705920416,"2,000","7,19","-6,000","14,38"
20230119,4051653300272,4260705920416,"1,000","7,19","-7,000","7,19"
20230120,4051653300272,4260705920416,"2,000","7,19","-9,000","14,38"
20230121,4051653300272,4260705920416,"2,000","7,19","-11,000","14,38"
20221107,4051653300272,4260705920416,"2,000","7,19","-8,000","14,38"
20221108,4051653300272,4260705920416,"2,000","7,19","-4,000","14,38"
20221109,4051653300272,4260705920416,"1,000","7,19","-5,000","7,19"
20221110,4051653300272,4260705920416,"1,000","7,19","-6,000","7,19"
20221111,4051653300272,4260705920416,"1,000","7,19","-7,000","7,19"
20221112,4051653300272,4260705920416,"1,000","7,19","-8,000","7,19"
20230102,4051653300272,4260705920416,"1,000","7,19","-1,000","7,19"
20230103,4051653300272,4260705920416,"1,000","7,19","-2,000","7,19"
20230104,4051653300272,4260705920416,"1,000","7,19","-3,000","7,19"
20230105,4051653300272,4260705920416,"1,000","7,19","-4,000","7,19"
20230106,4051653300272,4260705920416,"1,000","7,19","-5,000","7,19"
20230107,4051653300272,4260705920416,"1,000","7,19","-6,000","7,19"
20220725,4051653300272,4260705920416,"2,000","5,99","-89,000","11,98"
20220726,4051653300272,4260705920416,"2,000","5,99","-81,000","11,98"
20220727,4051653300272,4260705920416,"1,000","5,99","-82,000","5,99"
20220728,4051653300272,4260705920416,"1,000","5,99","-83,000","5,99"
20220729,4051653300272,4260705920416,"1,000","5,99","-84,000","5,99"
20220730,4051653300272,4260705920416,"3,000","5,99","-87,000","17,97"
20220905,4051653300272,4260705920416,"2,000","5,99","-90,000","11,98"
20220906,4051653300272,4260705920416,"2,000","5,99","-81,000","11,98"
20220907,4051653300272,4260705920416,"1,000","5,99","-82,000","5,99"
20220908,4051653300272,4260705920416,"1,000","5,99","-83,000","5,99"
20220909,4051653300272,4260705920416,"2,000","5,99","-85,000","11,98"
20220910,4051653300272,4260705920416,"3,000","5,99","-88,000","17,97"
20220627,4051653300272,4260705920416,"2,000","5,99","-91,000","11,98"
20220628,4051653300272,4260705920416,"4,000","5,99","-83,000","23,96"
20220629,4051653300272,4260705920416,"2,000","5,99","-85,000","11,98"
20220630,4051653300272,4260705920416,"2,000","5,99","-87,000","11,98"
20220701,4051653300272,4260705920416,"3,000","5,99","-90,000","17,97"
20220702,4051653300272,4260705920416,"2,000","5,99","-92,000","11,98"
20221128,4051653300272,4260705920416,"1,000","7,19","-10,000","7,19"
20221129,4051653300272,4260705920416,"1,000","7,19","-2,000","7,19"
20221130,4051653300272,4260705920416,"1,000","7,19","-3,000","7,19"
20221201,4051653300272,4260705920416,"1,000","7,19","-4,000","7,19"
20221202,4051653300272,4260705920416,"1,000","7,19","-5,000","7,19"
20221203,4051653300272,4260705920416,"2,000","7,19","-7,000","14,38"
20221205,4051653300272,4260705920416,"1,000","7,19","-8,000","7,19"
20221206,4051653300272,4260705920416,"1,000","7,19","-2,000","7,19"
20221207,4051653300272,4260705920416,"1,000","7,19","-3,000","7,19"
20221208,4051653300272,4260705920416,"1,000","7,19","-4,000","7,19"
20221209,4051653300272,4260705920416,"1,000","7,19","-5,000","7,19"
20221210,4051653300272,4260705920416,"2,000","7,19","-7,000","14,38"
20220926,4051653300272,4260705920416,"2,000","5,99","-91,000","11,98"
20220927,4051653300272,4260705920416,"2,000","5,99","-81,000","11,98"
20220928,4051653300272,4260705920416,"2,000","5,99","-83,000","11,98"
20220929,4051653300272,4260705920416,"2,000","5,99","-85,000","11,98"
20220930,4051653300272,4260705920416,"3,000","5,99","-80,000","17,97"
20221001,4051653300272,4260705920416,"1,000","5,99","-81,000","5,99"
20221121,4051653300272,4260705920416,"2,000","7,19","-9,000","14,38"
20221122,4051653300272,4260705920416,"1,000","7,19","-3,000","7,19"
20221123,4051653300272,4260705920416,"1,000","7,19","-4,000","7,19"
20221124,4051653300272,4260705920416,"2,000","7,19","-6,000","14,38"
20221125,4051653300272,4260705920416,"1,000","7,19","-7,000","7,19"
20221126,4051653300272,4260705920416,"2,000","7,19","-9,000","14,38"
20221017,4051653300272,4260705920416,"2,000","5,99","-12,000","11,98"
20221018,4051653300272,4260705920416,"1,000","5,99","-3,000","5,99"
20221019,4051653300272,4260705920416,"1,000","5,99","-4,000","5,99"
20221020,4051653300272,4260705920416,"1,000","7,19","-5,000","7,19"
20221021,4051653300272,4260705920416,"2,000","7,19","-7,000","14,38"
20221022,4051653300272,4260705920416,"2,000","7,19","-9,000","14,38"
20220822,4051653300272,4260705920416,"2,000","5,99","-91,000","11,98"
20220823,4051653300272,4260705920416,"2,000","5,99","-81,000","11,98"
20220824,4051653300272,4260705920416,"1,000","5,99","-82,000","5,99"
20220825,4051653300272,4260705920416,"1,000","5,99","-83,000","5,99"
20220826,4051653300272,4260705920416,"1,000","5,99","-84,000","5,99"
20220827,4051653300272,4260705920416,"2,000","5,99","-86,000","11,98"
20230123,4051653300272,4260705920416,"2,000","7,19","-2,000","14,38"
20230124,4051653300272,4260705920416,"2,000","7,19","-4,000","14,38"
20230125,4051653300272,4260705920416,"2,000","7,19","-6,000","14,38"
20230126,4051653300272,4260705920416,"1,000","7,19","-7,000","7,19"
20230127,4051653300272,4260705920416,"2,000","7,19","-9,000","14,38"
20230128,4051653300272,4260705920416,"1,000","7,19","-10,000","7,19"
