Data/merged_raw.csv
Date,StoreID,ProductID,Quantity,Price,Quantity_perWeek,Price_Total_perOrder
20220913,4051653300272,4260705920003,"1,000","3,39","-23,000","3,39"
20220914,4051653300272,4260705920003,"1,000","3,39","-24,000","3,39"
20220829,4051653300272,4260705920003,"1,000","3,39","-26,000","3,39"
20220830,4051653300272,4260705920003,"1,000","3,39","-24,000","3,39"
20220831,4051653300272,4260705920003,"1,000","3,39","-25,000","3,39"
20220901,4051653300272,4260705920003,"1,000","3,39","-26,000","3,39"
20220902,4051653300272,4260705920003,"1,000","3,39","-27,000","3,39"
20220903,4051653300272,4260705920003,"1,000","3,39","-28,000","3,39"
20220711,4051653300272,4260705920003,"1,000","3,39","-25,000","3,39"
20220712,4051653300272,4260705920003,"1,000","3,39","-24,000","3,39"
20220713,4051653300272,4260705920003,"1,000","3,39","-25,000","3,39"
20220715,4051653300272,4260705920003,"1,000","3,39","-26,000","3,39"
20220716,4051653300272,4260705920003,"1,000","3,39","-27,000","3,39"
20220810,4051653300272,4260705920003,"1,000","3,39","-23,000","3,39"
20220811,4051653300272,4260705920003,"1,000","3,39","-24,000","3,39"
20220812,4051653300272,4260705920003,"1,000","3,39","-25,000","3,39"
20220813,4051653300272,4260705920003,"1,000","3,39","-26,000","3,39"
20220513,4051653300272,4260705920003,"1,000","3,29","-1,000","3,29"
20220514,4051653300272,4260705920003,"1,000","3,29","-2,000","3,29"
20220516,4051653300272,4260705920003,"1,000","3,29","-3,000","3,29"
20220517,4051653300272,4260705920003,"1,000","3,29","-4,000","3,29"
20220520,4051653300272,4260705920003,"1,000","3,29","-5,000","3,29"
20220521,4051653300272,4260705920003,"1,000","3,29","-6,000","3,29"
20220524,4051653300272,4260705920003,"1,000","3,29","-7,000","3,29"
20220528,4051653300272,4260705920003,"1,000","3,29","-8,000","3,29"
20220530,4051653300272,4260705920003,"1,000","3,29","-9,000","3,29"
20220531,4051653300272,4260705920003,"1,000","3,29","-10,000","3,29"
20220601,4051653300272,4260705920003,"1,000","3,29","-11,000","3,29"
20220604,4051653300272,4260705920003,"1,000","3,29","-12,000","3,29"
20220607,4051653300272,4260705920003,"1,000","3,29","-13,000","3,29"
20220608,4051653300272,4260705920003,"1,000","3,29","-14,000","3,29"
20220609,4051653300272,4260705920003,"1,000","3,29","-15,000","3,29"
20220610,4051653300272,4260705920003,"1,000","3,29","-16,000","3,29"
20220611,4051653300272,4260705920003,"1,000","3,29","-17,000","3,29"
20220613,4051653300272,4260705920003,"1,000","3,29","-18,000","3,29"
20220614,4051653300272,4260705920003,"1,000","3,29","-19,000","3,29"
20220615,4051653300272,4260705920003,"1,000","3,29","-20,000","3,29"
20220616,4051653300272,4260705920003,"1,000","3,29","-21,000","3,29"
20220618,4051653300272,4260705920003,"1,000","3,29","-22,000","3,29"
20221011,4051653300272,4260705920003,"1,000","3,39","-1,000","3,39"
20221012,4051653300272,4260705920003,"1,000","3,39","-2,000","3,39"
20220705,4051653300272,4260705920003,"1,000","3,39","-23,000","3,39"
20220709,4051653300272,4260705920003,"1,000","3,39","-24,000","3,39"
20220620,4051653300272,4260705920003,"1,000","3,29","-23,000","3,29"
20220621,4051653300272,4260705920003,"1,000","3,29","-24,000","3,29"
20220622,4051653300272,4260705920003,"1,000","3,29","-25,000","3,29"
20220623,4051653300272,4260705920003,"1,000","3,29","-26,000","3,29"
20220624,4051653300272,4260705920003,"1,000","3,29","-27,000","3,29"
20221118,4051653300272,4260705920003,"2,000","3,39","-2,000","6,78"
20220803,4051653300272,4260705920003,"1,000","3,39","-23,000","3,39"
20220804,4051653300272,4260705920003,"1,000","3,39","-24,000","3,39"
20220805,4051653300272,4260705920003,"1,000","3,39","-25,000","3,39"
20220819,4051653300272,4260705920003,"1,000","3,39","-23,000","3,39"
20220820,4051653300272,4260705920003,"2,000","3,39","-25,000","6,78"
20221024,4051653300272,4260705920003,"1,000","3,39","-4,000","3,39"
20221027,4051653300272,4260705920003,"1,000","3,39","-2,000","3,39"
20221029,4051653300272,4260705920003,"1,000","3,39","-3,000","3,39"
20221004,4051653300272,4260705920003,"1,000","3,39","-1,000","3,39"
20221006,4051653300272,4260705920003,"1,000","3,39","-2,000","3,39"
20221007,4051653300272,4260705920003,"1,000","3,39","-3,000","3,39"
20221008,4051653300272,4260705920003,"1,000","3,39","-4,000","3,39"
20220718,4051653300272,4260705920003,"1,000","3,39","-28,000","3,39"
20220719,4051653300272,4260705920003,"1,000","3,39","-24,000","3,39"
20220720,4051653300272,4260705920003,"1,000","3,39","-25,000","3,39"
20220722,4051653300272,4260705920003,"1,000","3,39","-26,000","3,39"
20220723,4051653300272,4260705920003,"1,000","3,39","-27,000","3,39"
20220730,4051653300272,4260705920003,"1,000","3,39","-23,000","3,39"
20220905,4051653300272,4260705920003,"1,000","3,39","-29,000","3,39"
20220906,4051653300272,4260705920003,"1,000","3,39","-24,000","3,39"
20220909,4051653300272,4260705920003,"1,000","3,39","-25,000","3,39"
20220910,4051653300272,4260705920003,"1,000","3,39","-26,000","3,39"
20220627,4051653300272,4260705920003,"1,000","3,29","-28,000","3,29"
20220629,4051653300272,4260705920003,"1,000","3,29","-24,000","3,29"
20220630,4051653300272,4260705920003,"1,000","3,29","-25,000","3,29"
20220702,4051653300272,4260705920003,"1,000","3,29","-26,000","3,29"
20220929,4051653300272,4260705920003,"1,000","3,39","-23,000","3,39"
20221001,4051653300272,4260705920003,"1,000","3,39","-23,000","3,39"
20221017,4051653300272,4260705920003,"1,000","3,39","-3,000","3,39"
20221020,4051653300272,4260705920003,"1,000","3,39","-2,000","3,39"
20221021,4051653300272,4260705920003,"1,000","3,39","-3,000","3,39"
20220823,4051653300272,4260705920003,"1,000","3,39","-23,000","3,39"
20220824,4051653300272,4260705920003,"1,000","3,39","-24,000","3,39"
20220827,4051653300272,4260705920003,"1,000","3,39","-25,000","3,39"
20220913,4051653300272,4260705920058,"1,000","3,59","-38,000","3,59"
20220914,4051653300272,4260705920058,"1,000","3,59","-39,000","3,59"
20220915,4051653300272,4260705920058,"1,000","3,59","-40,000","3,59"
20220829,4051653300272,4260705920058,"2,000","3,59","-43,000","7,18"
20220830,4051653300272,4260705920058,"1,000","3,59","-40,000","3,59"
20220831,4051653300272,4260705920058,"1,000","3,59","-41,000","3,59"
20220901,4051653300272,4260705920058,"1,000","3,59","-42,000","3,59"
20220902,4051653300272,4260705920058,"1,000","3,59","-43,000","3,59"
20220903,4051653300272,4260705920058,"1,000","3,59","-44,000","3,59"
20220712,4051653300272,4260705920058,"1,000","3,59","-38,000","3,59"
20220713,4051653300272,4260705920058,"1,000","3,59","-39,000","3,59"
20220714,4051653300272,4260705920058,"1,000","3,59","-40,000","3,59"
20221228,4051653300272,4260705920058,"1,000","3,59","-1,000","3,59"
20221230,4051653300272,4260705920058,"1,000","3,59","-2,000","3,59"
20221231,4051653300272,4260705920058,"1,000","3,59","-3,000","3,59"
20220808,4051653300272,4260705920058,"1,000","3,59","-40,000","3,59"
20220809,4051653300272,4260705920058,"1,000","3,59","-39,000","3,59"
20220810,4051653300272,4260705920058,"1,000","3,59","-40,000","3,59"
20220811,4051653300272,4260705920058,"1,000","3,59","-41,000","3,59"
20221212,4051653300272,4260705920058,"1,000","3,59","-5,000","3,59"
20221213,4051653300272,4260705920058,"1,000","3,59","-2,000","3,59"
20221214,4051653300272,4260705920058,"1,000","3,59","-3,000","3,59"
20221216,4051653300272,4260705920058,"1,000","3,59","-4,000","3,59"
20221217,4051653300272,4260705920058,"1,000","3,59","-5,000","3,59"
20220509,4051653300272,4260705920058,"1,000","3,49","-1,000","3,49"
20220510,4051653300272,4260705920058,"1,000","3,49","-2,000","3,49"
20220511,4051653300272,4260705920058,"2,000","3,49","-4,000","6,98"
20220513,4051653300272,4260705920058,"1,000","3,49","-5,000","3,49"
20220514,4051653300272,4260705920058,"1,000","3,49","-6,000","3,49"
20220516,4051653300272,4260705920058,"1,000","3,49","-7,000","3,49"
20220517,4051653300272,4260705920058,"1,000","3,49","-8,000","3,49"
20220518,4051653300272,4260705920058,"1,000","3,49","-9,000","3,49"
20220519,4051653300272,4260705920058,"1,000","3,49","-10,000","3,49"
20220520,4051653300272,4260705920058,"2,000","3,49","-12,000","6,98"
20220521,4051653300272,4260705920058,"2,000","3,49","-14,000","6,98"
20220523,4051653300272,4260705920058,"1,000","3,49","-15,000","3,49"
20220524,4051653300272,4260705920058,"1,000","3,49","-16,000","3,49"
20220525,4051653300272,4260705920058,"2,000","3,49","-18,000","6,98"
20220527,4051653300272,4260705920058,"2,000","3,49","-20,000","6,98"
20220528,4051653300272,4260705920058,"2,000","3,49","-22,000","6,98"
20220530,4051653300272,4260705920058,"1,000","3,49","-23,000","3,49"
20220531,4051653300272,4260705920058,"1,000","3,49","-24,000","3,49"
20220601,4051653300272,4260705920058,"1,000","3,49","-25,000","3,49"
20220603,4051653300272,4260705920058,"1,000","3,49","-26,000","3,49"
20220604,4051653300272,4260705920058,"1,000","3,49","-27,000","3,49"
20220607,4051653300272,4260705920058,"1,000","3,49","-28,000","3,49"
20220609,4051653300272,4260705920058,"1,000","3,49","-29,000","3,49"
20220610,4051653300272,4260705920058,"1,000","3,49","-30,000","3,49"
20220611,4051653300272,4260705920058,"1,000","3,49","-31,000","3,49"
20220613,4051653300272,4260705920058,"1,000","3,49","-32,000","3,49"
20220614,4051653300272,4260705920058,"1,000","3,49","-33,000","3,49"
20220615,4051653300272,4260705920058,"1,000","3,49","-34,000","3,49"
20220616,4051653300272,4260705920058,"1,000","3,49","-35,000","3,49"
20220617,4051653300272,4260705920058,"1,000","3,49","-36,000","3,49"
20220618,4051653300272,4260705920058,"1,000","3,49","-37,000","3,49"
20221013,4051653300272,4260705920058,"1,000","3,59","-1,000","3,59"
20221014,4051653300272,4260705920058,"1,000","3,59","-2,000","3,59"
20221015,4051653300272,4260705920058,"1,000","3,59","-3,000","3,59"
20221220,4051653300272,4260705920058,"1,000","3,59","-1,000","3,59"
20221221,4051653300272,4260705920058,"1,000","3,59","-2,000","3,59"
20221223,4051653300272,4260705920058,"1,000","3,59","-3,000","3,59"
20220704,4051653300272,4260705920058,"1,000","3,59","-42,000","3,59"
20220705,4051653300272,4260705920058,"1,000","3,59","-39,000","3,59"
20220706,4051653300272,4260705920058,"1,000","3,59","-40,000","3,59"
20220707,4051653300272,4260705920058,"2,000","3,59","-42,000","7,18"
20220709,4051653300272,4260705920058,"2,000","3,59","-44,000","7,18"
20220622,4051653300272,4260705920058,"1,000","3,49","-38,000","3,49"
20220624,4051653300272,4260705920058,"1,000","3,49","-39,000","3,49"
20220625,4051653300272,4260705920058,"1,000","3,49","-40,000","3,49"
20221118,4051653300272,4260705920058,"2,000","3,59","-2,000","7,18"
20221119,4051653300272,4260705920058,"1,000","3,59","-3,000","3,59"
20221101,4051653300272,4260705920058,"1,000","3,59","-1,000","3,59"
20221102,4051653300272,4260705920058,"1,000","3,59","-2,000","3,59"
20221103,4051653300272,4260705920058,"1,000","3,59","-3,000","3,59"
20221104,4051653300272,4260705920058,"1,000","3,59","-4,000","3,59"
20220804,4051653300272,4260705920058,"2,000","3,59","-39,000","7,18"
20220817,4051653300272,4260705920058,"1,000","3,59","-38,000","3,59"
20220818,4051653300272,4260705920058,"1,000","3,59","-39,000","3,59"
20221025,4051653300272,4260705920058,"1,000","3,59","-1,000","3,59"
20221028,4051653300272,4260705920058,"1,000","3,59","-2,000","3,59"
20221029,4051653300272,4260705920058,"1,000","3,59","-3,000","3,59"
20221004,4051653300272,4260705920058,"1,000","3,59","-1,000","3,59"
20221006,4051653300272,4260705920058,"1,000","3,59","-2,000","3,59"
20221008,4051653300272,4260705920058,"1,000","3,59","-3,000","3,59"
20220719,4051653300272,4260705920058,"1,000","3,59","-38,000","3,59"
20220720,4051653300272,4260705920058,"1,000","3,59","-39,000","3,59"
20220721,4051653300272,4260705920058,"1,000","3,59","-40,000","3,59"
20220722,4051653300272,4260705920058,"1,000","3,59","-41,000","3,59"
20220723,4051653300272,4260705920058,"1,000","3,59","-42,000","3,59"
20221111,4051653300272,4260705920058,"1,000","3,59","-1,000","3,59"
20230102,4051653300272,4260705920058,"1,000","3,59","-1,000","3,59"
20230106,4051653300272,4260705920058,"1,000","3,59","-2,000","3,59"
20230107,4051653300272,4260705920058,"1,000","3,59","-3,000","3,59"
20220725,4051653300272,4260705920058,"1,000","3,59","-43,000","3,59"
20220726,4051653300272,4260705920058,"1,000","3,59","-39,000","3,59"
20220727,4051653300272,4260705920058,"1,000","3,59","-40,000","3,59"
20220730,4051653300272,4260705920058,"1,000","3,59","-41,000","3,59"
20220905,4051653300272,4260705920058,"1,000","3,59","-45,000","3,59"
20220907,4051653300272,4260705920058,"1,000","3,59","-39,000","3,59"
20220908,4051653300272,4260705920058,"1,000","3,59","-40,000","3,59"
20220909,4051653300272,4260705920058,"1,000","3,59","-41,000","3,59"
20220910,4051653300272,4260705920058,"2,000","3,59","-43,000","7,18"
20220628,4051653300272,4260705920058,"1,000","3,49","-38,000","3,49"
20220629,4051653300272,4260705920058,"1,000","3,49","-39,000","3,49"
20220701,4051653300272,4260705920058,"1,000","3,49","-40,000","3,49"
20220702,4051653300272,4260705920058,"1,000","3,49","-41,000","3,49"
20221202,4051653300272,4260705920058,"1,000","3,59","-1,000","3,59"
20221203,4051653300272,4260705920058,"1,000","3,59","-2,000","3,59"
20221205,4051653300272,4260705920058,"1,000","3,59","-3,000","3,59"
20221206,4051653300272,4260705920058,"1,000","3,59","-2,000","3,59"
20221207,4051653300272,4260705920058,"1,000","3,59","-3,000","3,59"
20221209,4051653300272,4260705920058,"1,000","3,59","-4,000","3,59"
20220929,4051653300272,4260705920058,"1,000","3,59","-38,000","3,59"
20220930,4051653300272,4260705920058,"1,000","3,59","-38,000","3,59"
20221001,4051653300272,4260705920058,"1,000","3,59","-39,000","3,59"
20221125,4051653300272,4260705920058,"1,000","3,59","-1,000","3,59"
20221126,4051653300272,4260705920058,"1,000","3,59","-2,000","3,59"
20221021,4051653300272,4260705920058,"1,000","3,59","-1,000","3,59"
20221022,4051653300272,4260705920058,"1,000","3,59","-2,000","3,59"
20220822,4051653300272,4260705920058,"1,000","3,59","-40,000","3,59"
20220825,4051653300272,4260705920058,"1,000","3,59","-39,000","3,59"
20220826,4051653300272,4260705920058,"1,000","3,59","-40,000","3,59"
20220827,4051653300272,4260705920058,"1,000","3,59","-41,000","3,59"
