Data/merged_raw.csv
Date,StoreID,ProductID,Quantity,Price,Quantity_perWeek,Price_Total_perOrder
20220913,4051653300272,4260705920119,"1,000","7,99","-46,000","7,99"
20220914,4051653300272,4260705920119,"1,000","7,99","-47,000","7,99"
20220915,4051653300272,4260705920119,"1,000","7,99","-48,000","7,99"
20220916,4051653300272,4260705920119,"2,000","7,99","-50,000","15,98"
20220917,4051653300272,4260705920119,"2,000","7,99","-52,000","15,98"
20220829,4051653300272,4260705920119,"1,000","7,99","-52,000","7,99"
20220830,4051653300272,4260705920119,"1,000","7,99","-47,000","7,99"
20220831,4051653300272,4260705920119,"1,000","7,99","-48,000","7,99"
20220901,4051653300272,4260705920119,"1,000","7,99","-49,000","7,99"
20220902,4051653300272,4260705920119,"1,000","7,99","-50,000","7,99"
20220711,4051653300272,4260705920119,"1,000","7,99","-54,000","7,99"
20220712,4051653300272,4260705920119,"1,000","7,99","-48,000","7,99"
20220713,4051653300272,4260705920119,"1,000","7,99","-49,000","7,99"
20220714,4051653300272,4260705920119,"1,000","7,99","-50,000","7,99"
20220715,4051653300272,4260705920119,"1,000","7,99","-51,000","7,99"
20220716,4051653300272,4260705920119,"1,000","7,99","-52,000","7,99"
20221227,4051653300272,4260705920119,"1,000","7,99","-1,000","7,99"
20221228,4051653300272,4260705920119,"1,000","7,99","-2,000","7,99"
20221229,4051653300272,4260705920119,"1,000","7,99","-3,000","7,99"
20221230,4051653300272,4260705920119,"1,000","7,99","-4,000","7,99"
20221231,4051653300272,4260705920119,"1,000","7,99","-5,000","7,99"
20220808,4051653300272,4260705920119,"1,000","7,99","-53,000","7,99"
20220809,4051653300272,4260705920119,"1,000","7,99","-47,000","7,99"
20220810,4051653300272,4260705920119,"1,000","7,99","-48,000","7,99"
20220811,4051653300272,4260705920119,"1,000","7,99","-49,000","7,99"
20220812,4051653300272,4260705920119,"1,000","7,99","-50,000","7,99"
20220813,4051653300272,4260705920119,"1,000","7,99","-51,000","7,99"
20221216,4051653300272,4260705920119,"1,000","7,99","-1,000","7,99"
20221217,4051653300272,4260705920119,"1,000","7,99","-2,000","7,99"
20220509,4051653300272,4260705920119,"1,000","7,89","-1,000","7,89"
20220510,4051653300272,4260705920119,"1,000","7,89","-2,000","7,89"
20220511,4051653300272,4260705920119,"2,000","7,89","-4,000","15,78"
20220512,4051653300272,4260705920119,"1,000","7,89","-5,000","7,89"
20220513,4051653300272,4260705920119,"1,000","7,89","-6,000","7,89"
20220514,4051653300272,4260705920119,"2,000","7,89","-8,000","15,78"
20220516,4051653300272,4260705920119,"1,000","7,89","-9,000","7,89"
20220517,4051653300272,4260705920119,"1,000","7,89","-10,000","7,89"
20220518,4051653300272,4260705920119,"1,000","7,89","-11,000","7,89"
20220519,4051653300272,4260705920119,"1,000","7,89","-12,000","7,89"
20220520,4051653300272,4260705920119,"2,000","7,89","-14,000","15,78"
20220521,4051653300272,4260705920119,"2,000","7,89","-16,000","15,78"
20220523,4051653300272,4260705920119,"1,000","7,89","-17,000","7,89"
20220524,4051653300272,4260705920119,"1,000","7,89","-18,000","7,89"
20220525,4051653300272,4260705920119,"2,000","7,89","-20,000","15,78"
20220527,4051653300272,4260705920119,"2,000","7,89","-22,000","15,78"
20220528,4051653300272,4260705920119,"2,000","7,89","-24,000","15,78"
20220530,4051653300272,4260705920119,"1,000","7,89","-25,000","7,89"
20220531,4051653300272,4260705920119,"1,000","7,89","-26,000","7,89"
20220601,4051653300272,4260705920119,"1,000","7,89","-27,000","7,89"
20220602,4051653300272,4260705920119,"1,000","7,89","-28,000","7,89"
20220603,4051653300272,4260705920119,"2,000","7,89","-30,000","15,78"
20220604,4051653300272,4260705920119,"2,000","7,89","-32,000","15,78"
20220607,4051653300272,4260705920119,"1,000","7,89","-33,000","7,89"
20220608,4051653300272,4260705920119,"1,000","7,89","-34,000","7,89"
20220609,4051653300272,4260705920119,"1,000","7,89","-35,000","7,89"
20220610,4051653300272,4260705920119,"2,000","7,89","-37,000","15,78"
20220611,4051653300272,4260705920119,"2,000","7,89","-39,000","15,78"
20220613,4051653300272,4260705920119,"1,000","7,89","-40,000","7,89"
20220614,4051653300272,4260705920119,"1,000","7,89","-41,000","7,89"
20220616,4051653300272,4260705920119,"1,000","7,89","-42,000","7,89"
20220617,4051653300272,4260705920119,"2,000","7,89","-44,000","15,78"
20220618,4051653300272,4260705920119,"1,000","7,89","-45,000","7,89"
20230131,4051653300272,4260705920119,"1,000","7,99","-1,000","7,99"
20230202,4051653300272,4260705920119,"1,000","7,99","-2,000","7,99"
20230203,4051653300272,4260705920119,"1,000","7,99","-3,000","7,99"
20221010,4051653300272,4260705920119,"1,000","7,99","-5,000","7,99"
20221011,4051653300272,4260705920119,"1,000","7,99","-2,000","7,99"
20221012,4051653300272,4260705920119,"1,000","7,99","-3,000","7,99"
20221013,4051653300272,4260705920119,"1,000","7,99","-4,000","7,99"
20221014,4051653300272,4260705920119,"1,000","7,99","-5,000","7,99"
20221219,4051653300272,4260705920119,"1,000","7,99","-3,000","7,99"
20221220,4051653300272,4260705920119,"1,000","7,99","-2,000","7,99"
20221221,4051653300272,4260705920119,"1,000","7,99","-3,000","7,99"
20221222,4051653300272,4260705920119,"1,000","7,99","-4,000","7,99"
20221223,4051653300272,4260705920119,"1,000","7,99","-5,000","7,99"
20220704,4051653300272,4260705920119,"1,000","7,99","-56,000","7,99"
20220705,4051653300272,4260705920119,"1,000","7,99","-47,000","7,99"
20220706,4051653300272,4260705920119,"1,000","7,99","-48,000","7,99"
20220707,4051653300272,4260705920119,"2,000","7,99","-50,000","15,98"
20220708,4051653300272,4260705920119,"1,000","7,99","-51,000","7,99"
20220709,4051653300272,4260705920119,"2,000","7,99","-53,000","15,98"
20220919,4051653300272,4260705920119,"1,000","7,99","-53,000","7,99"
20220920,4051653300272,4260705920119,"1,000","7,99","-47,000","7,99"
20220921,4051653300272,4260705920119,"1,000","7,99","-48,000","7,99"
20220923,4051653300272,4260705920119,"2,000","7,99","-50,000","15,98"
20220622,4051653300272,4260705920119,"1,000","7,89","-46,000","7,89"
20220623,4051653300272,4260705920119,"1,000","7,89","-47,000","7,89"
20220624,4051653300272,4260705920119,"1,000","7,89","-48,000","7,89"
20221115,4051653300272,4260705920119,"1,000","7,99","-1,000","7,99"
20221117,4051653300272,4260705920119,"1,000","7,99","-2,000","7,99"
20221118,4051653300272,4260705920119,"1,000","7,99","-3,000","7,99"
20221119,4051653300272,4260705920119,"1,000","7,99","-4,000","7,99"
20221101,4051653300272,4260705920119,"1,000","7,99","-1,000","7,99"
20221102,4051653300272,4260705920119,"1,000","7,99","-2,000","7,99"
20221103,4051653300272,4260705920119,"1,000","7,99","-3,000","7,99"
20221104,4051653300272,4260705920119,"1,000","7,99","-4,000","7,99"
20221105,4051653300272,4260705920119,"1,000","7,99","-5,000","7,99"
20220801,4051653300272,4260705920119,"1,000","7,99","-52,000","7,99"
20220802,4051653300272,4260705920119,"1,000","7,99","-47,000","7,99"
20220803,4051653300272,4260705920119,"1,000","7,99","-48,000","7,99"
20220804,4051653300272,4260705920119,"1,000","7,99","-49,000","7,99"
20220805,4051653300272,4260705920119,"1,000","7,99","-50,000","7,99"
20220806,4051653300272,4260705920119,"2,000","7,99","-52,000","15,98"
20230109,4051653300272,4260705920119,"1,000","7,99","-1,000","7,99"
20230110,4051653300272,4260705920119,"1,000","7,99","-2,000","7,99"
20230111,4051653300272,4260705920119,"1,000","7,99","-3,000","7,99"
20230112,4051653300272,4260705920119,"1,000","7,99","-4,000","7,99"
20230113,4051653300272,4260705920119,"1,000","7,99","-5,000","7,99"
20230114,4051653300272,4260705920119,"1,000","7,99","-6,000","7,99"
20220815,4051653300272,4260705920119,"1,000","7,99","-52,000","7,99"
20220816,4051653300272,4260705920119,"1,000","7,99","-47,000","7,99"
20220819,4051653300272,4260705920119,"1,000","7,99","-48,000","7,99"
20220820,4051653300272,4260705920119,"4,000","7,99","-52,000","31,96"
20221024,4051653300272,4260705920119,"1,000","7,99","-5,000","7,99"
20221025,4051653300272,4260705920119,"1,000","7,99","-2,000","7,99"
20221026,4051653300272,4260705920119,"1,000","7,99","-3,000","7,99"
20221027,4051653300272,4260705920119,"1,000","7,99","-4,000","7,99"
20221028,4051653300272,4260705920119,"1,000","7,99","-5,000","7,99"
20221029,4051653300272,4260705920119,"1,000","7,99","-6,000","7,99"
20221005,4051653300272,4260705920119,"1,000","7,99","-1,000","7,99"
20221006,4051653300272,4260705920119,"1,000","7,99","-2,000","7,99"
20221007,4051653300272,4260705920119,"1,000","7,99","-3,000","7,99"
20221008,4051653300272,4260705920119,"1,000","7,99","-4,000","7,99"
20220718,4051653300272,4260705920119,"1,000","7,99","-53,000","7,99"
20220719,4051653300272,4260705920119,"1,000","7,99","-47,000","7,99"
20220720,4051653300272,4260705920119,"1,000","7,99","-48,000","7,99"
20220721,4051653300272,4260705920119,"1,000","7,99","-49,000","7,99"
20220723,4051653300272,4260705920119,"1,000","7,99","-50,000","7,99"
20230116,4051653300272,4260705920119,"1,000","7,99","-7,000","7,99"
20230117,4051653300272,4260705920119,"1,000","7,99","-8,000","7,99"
20230118,4051653300272,4260705920119,"1,000","7,99","-3,000","7,99"
20230119,4051653300272,4260705920119,"1,000","7,99","-4,000","7,99"
20230120,4051653300272,4260705920119,"1,000","7,99","-5,000","7,99"
20221107,4051653300272,4260705920119,"1,000","7,99","-6,000","7,99"
20221108,4051653300272,4260705920119,"1,000","7,99","-2,000","7,99"
20221109,4051653300272,4260705920119,"1,000","7,99","-3,000","7,99"
20221110,4051653300272,4260705920119,"1,000","7,99","-4,000","7,99"
20221111,4051653300272,4260705920119,"1,000","7,99","-5,000","7,99"
20221112,4051653300272,4260705920119,"3,000","7,99","-8,000","23,97"
20230102,4051653300272,4260705920119,"1,000","7,99","-1,000","7,99"
20230104,4051653300272,4260705920119,"1,000","7,99","-2,000","7,99"
20230105,4051653300272,4260705920119,"1,000","7,99","-3,000","7,99"
20230106,4051653300272,4260705920119,"1,000","7,99","-4,000","7,99"
20220725,4051653300272,4260705920119,"1,000","7,99","-51,000","7,99"
20220726,4051653300272,4260705920119,"1,000","7,99","-47,000","7,99"
20220727,4051653300272,4260705920119,"1,000","7,99","-48,000","7,99"
20220728,4051653300272,4260705920119,"1,000","7,99","-49,000","7,99"
20220729,4051653300272,4260705920119,"2,000","7,99","-51,000","15,98"
20220905,4051653300272,4260705920119,"1,000","7,99","-51,000","7,99"
20220906,4051653300272,4260705920119,"1,000","7,99","-47,000","7,99"
20220908,4051653300272,4260705920119,"1,000","7,99","-48,000","7,99"
20220909,4051653300272,4260705920119,"1,000","7,99","-49,000","7,99"
20220910,4051653300272,4260705920119,"1,000","7,99","-50,000","7,99"
20220627,4051653300272,4260705920119,"1,000","7,89","-49,000","7,89"
20220628,4051653300272,4260705920119,"2,000","7,89","-48,000","15,78"
20220629,4051653300272,4260705920119,"1,000","7,89","-49,000","7,89"
20220630,4051653300272,4260705920119,"1,000","7,89","-50,000","7,89"
20220701,4051653300272,4260705920119,"3,000","7,89","-53,000","23,67"
20220702,4051653300272,4260705920119,"2,000","7,89","-55,000","15,78"
20221129,4051653300272,4260705920119,"1,000","7,99","-1,000","7,99"
20220926,4051653300272,4260705920119,"1,000","7,99","-51,000","7,99"
20220927,4051653300272,4260705920119,"1,000","7,99","-47,000","7,99"
20220928,4051653300272,4260705920119,"1,000","7,99","-48,000","7,99"
20220929,4051653300272,4260705920119,"1,000","7,99","-49,000","7,99"
20220930,4051653300272,4260705920119,"2,000","7,99","-47,000","15,98"
20221001,4051653300272,4260705920119,"2,000","7,99","-49,000","15,98"
20221121,4051653300272,4260705920119,"1,000","7,99","-5,000","7,99"
20221122,4051653300272,4260705920119,"1,000","7,99","-2,000","7,99"
20221123,4051653300272,4260705920119,"1,000","7,99","-3,000","7,99"
20221124,4051653300272,4260705920119,"1,000","7,99","-4,000","7,99"
20221125,4051653300272,4260705920119,"1,000","7,99","-5,000","7,99"
20221126,4051653300272,4260705920119,"1,000","7,99","-6,000","7,99"
20221017,4051653300272,4260705920119,"1,000","7,99","-6,000","7,99"
20221020,4051653300272,4260705920119,"1,000","7,99","-2,000","7,99"
20221021,4051653300272,4260705920119,"1,000","7,99","-3,000","7,99"
20221022,4051653300272,4260705920119,"1,000","7,99","-4,000","7,99"
20220822,4051653300272,4260705920119,"1,000","7,99","-53,000","7,99"
20220823,4051653300272,4260705920119,"1,000","7,99","-47,000","7,99"
20220824,4051653300272,4260705920119,"1,000","7,99","-48,000","7,99"
20220825,4051653300272,4260705920119,"1,000","7,99","-49,000","7,99"
20220826,4051653300272,4260705920119,"1,000","7,99","-50,000","7,99"
20220827,4051653300272,4260705920119,"1,000","7,99","-51,000","7,99"
20230123,4051653300272,4260705920119,"1,000","7,99","-1,000","7,99"
20230124,4051653300272,4260705920119,"1,000","7,99","-2,000","7,99"
20230125,4051653300272,4260705920119,"1,000","7,99","-3,000","7,99"
20230126,4051653300272,4260705920119,"1,000","7,99","-4,000","7,99"
20230127,4051653300272,4260705920119,"1,000","7,99","-5,000","7,99"
