Data/merged_raw.csv
Date,StoreID,ProductID,Quantity,Price,Quantity_perWeek,Price_Total_perOrder
20220913,4051653300272,4260705920140,"1,000","8,19","-27,000","8,19"
20220914,4051653300272,4260705920140,"1,000","8,19","-28,000","8,19"
20220916,4051653300272,4260705920140,"1,000","8,19","-29,000","8,19"
20220830,4051653300272,4260705920140,"1,000","8,19","-27,000","8,19"
20220831,4051653300272,4260705920140,"1,000","8,19","-28,000","8,19"
20220902,4051653300272,4260705920140,"1,000","8,19","-29,000","8,19"
20220711,4051653300272,4260705920140,"1,000","8,19","-28,000","8,19"
20220712,4051653300272,4260705920140,"1,000","8,19","-28,000","8,19"
20220713,4051653300272,4260705920140,"1,000","8,19","-29,000","8,19"
20220714,4051653300272,4260705920140,"1,000","8,19","-30,000","8,19"
20220715,4051653300272,4260705920140,"1,000","8,19","-31,000","8,19"
20221228,4051653300272,4260705920140,"1,000","8,19","-1,000","8,19"
20221229,4051653300272,4260705920140,"1,000","8,19","-2,000","8,19"
20221230,4051653300272,4260705920140,"1,000","8,19","-3,000","8,19"
20221231,4051653300272,4260705920140,"1,000","8,19","-4,000","8,19"
20220808,4051653300272,4260705920140,"1,000","8,19","-33,000","8,19"
20220809,4051653300272,4260705920140,"1,000","8,19","-28,000","8,19"
20220810,4051653300272,4260705920140,"1,000","8,19","-29,000","8,19"
20220811,4051653300272,4260705920140,"1,000","8,19","-30,000","8,19"
20220812,4051653300272,4260705920140,"1,000","8,19","-31,000","8,19"
20220813,4051653300272,4260705920140,"1,000","8,19","-32,000","8,19"
20221215,4051653300272,4260705920140,"1,000","8,19","-1,000","8,19"
20221217,4051653300272,4260705920140,"1,000","8,19","-2,000","8,19"
20220510,4051653300272,4260705920140,"1,000","7,99","-1,000","7,99"
20220511,4051653300272,4260705920140,"1,000","7,99","-2,000","7,99"
20220512,4051653300272,4260705920140,"1,000","7,99","-3,000","7,99"
20220513,4051653300272,4260705920140,"1,000","7,99","-4,000","7,99"
20220514,4051653300272,4260705920140,"1,000","7,99","-5,000","7,99"
20220519,4051653300272,4260705920140,"1,000","7,99","-6,000","7,99"
20220520,4051653300272,4260705920140,"1,000","7,99","-7,000","7,99"
20220521,4051653300272,4260705920140,"1,000","7,99","-8,000","7,99"
20220523,4051653300272,4260705920140,"1,000","7,99","-9,000","7,99"
20220524,4051653300272,4260705920140,"1,000","7,99","-10,000","7,99"
20220525,4051653300272,4260705920140,"2,000","7,99","-12,000","15,98"
20220527,4051653300272,4260705920140,"2,000","7,99","-14,000","15,98"
20220528,4051653300272,4260705920140,"1,000","7,99","-15,000","7,99"
20220531,4051653300272,4260705920140,"1,000","7,99","-16,000","7,99"
20220601,4051653300272,4260705920140,"1,000","7,99","-17,000","7,99"
20220603,4051653300272,4260705920140,"1,000","7,99","-18,000","7,99"
20220609,4051653300272,4260705920140,"1,000","7,99","-19,000","7,99"
20220610,4051653300272,4260705920140,"1,000","7,99","-20,000","7,99"
20220611,4051653300272,4260705920140,"2,000","7,99","-22,000","15,98"
20220614,4051653300272,4260705920140,"1,000","7,99","-23,000","7,99"
20220616,4051653300272,4260705920140,"1,000","7,99","-24,000","7,99"
20220617,4051653300272,4260705920140,"2,000","7,99","-26,000","15,98"
20230131,4051653300272,4260705920140,"1,000","8,19","-1,000","8,19"
20221010,4051653300272,4260705920140,"1,000","8,19","-2,000","8,19"
20221011,4051653300272,4260705920140,"1,000","8,19","-2,000","8,19"
20221012,4051653300272,4260705920140,"1,000","8,19","-3,000","8,19"
20221013,4051653300272,4260705920140,"1,000","8,19","-4,000","8,19"
20221014,4051653300272,4260705920140,"1,000","8,19","-5,000","8,19"
20221222,4051653300272,4260705920140,"1,000","8,19","-1,000","8,19"
20221223,4051653300272,4260705920140,"1,000","8,19","-2,000","8,19"
20220709,4051653300272,4260705920140,"1,000","8,19","-27,000","8,19"
20220919,4051653300272,4260705920140,"1,000","8,19","-30,000","8,19"
20220921,4051653300272,4260705920140,"1,000","8,19","-28,000","8,19"
20220922,4051653300272,4260705920140,"1,000","8,19","-29,000","8,19"
20220923,4051653300272,4260705920140,"1,000","8,19","-30,000","8,19"
20220622,4051653300272,4260705920140,"1,000","7,99","-27,000","7,99"
20220623,4051653300272,4260705920140,"1,000","7,99","-28,000","7,99"
20220624,4051653300272,4260705920140,"1,000","7,99","-29,000","7,99"
20220625,4051653300272,4260705920140,"1,000","7,99","-30,000","7,99"
20221118,4051653300272,4260705920140,"1,000","8,19","-1,000","8,19"
20220801,4051653300272,4260705920140,"1,000","8,19","-29,000","8,19"
20220802,4051653300272,4260705920140,"1,000","8,19","-28,000","8,19"
20220804,4051653300272,4260705920140,"1,000","8,19","-29,000","8,19"
20220805,4051653300272,4260705920140,"1,000","8,19","-30,000","8,19"
20220806,4051653300272,4260705920140,"2,000","8,19","-32,000","16,38"
20230109,4051653300272,4260705920140,"1,000","8,19","-1,000","8,19"
20230111,4051653300272,4260705920140,"1,000","8,19","-2,000","8,19"
20230112,4051653300272,4260705920140,"1,000","8,19","-3,000","8,19"
20230113,4051653300272,4260705920140,"1,000","8,19","-4,000","8,19"
20230114,4051653300272,4260705920140,"1,000","8,19","-5,000","8,19"
20220816,4051653300272,4260705920140,"1,000","8,19","-27,000","8,19"
20220817,4051653300272,4260705920140,"1,000","8,19","-28,000","8,19"
20220819,4051653300272,4260705920140,"1,000","8,19","-29,000","8,19"
20220820,4051653300272,4260705920140,"1,000","8,19","-30,000","8,19"
20221025,4051653300272,4260705920140,"1,000","8,19","-1,000","8,19"
20221028,4051653300272,4260705920140,"1,000","8,19","-2,000","8,19"
20221029,4051653300272,4260705920140,"1,000","8,19","-3,000","8,19"
20221008,4051653300272,4260705920140,"1,000","8,19","-1,000","8,19"
20220718,4051653300272,4260705920140,"1,000","8,19","-32,000","8,19"
20220719,4051653300272,4260705920140,"1,000","8,19","-28,000","8,19"
20220720,4051653300272,4260705920140,"1,000","8,19","-29,000","8,19"
20220721,4051653300272,4260705920140,"1,000","8,19","-30,000","8,19"
20220722,4051653300272,4260705920140,"1,000","8,19","-31,000","8,19"
20230116,4051653300272,4260705920140,"1,000","8,19","-6,000","8,19"
20230117,4051653300272,4260705920140,"1,000","8,19","-7,000","8,19"
20230119,4051653300272,4260705920140,"1,000","8,19","-3,000","8,19"
20230120,4051653300272,4260705920140,"1,000","8,19","-4,000","8,19"
20230102,4051653300272,4260705920140,"1,000","8,19","-1,000","8,19"
20230103,4051653300272,4260705920140,"1,000","8,19","-2,000","8,19"
20230104,4051653300272,4260705920140,"2,000","8,19","-4,000","16,38"
20230106,4051653300272,4260705920140,"1,000","8,19","-5,000","8,19"
20220728,4051653300272,4260705920140,"1,000","8,19","-27,000","8,19"
20220730,4051653300272,4260705920140,"1,000","8,19","-28,000","8,19"
20220905,4051653300272,4260705920140,"1,000","8,19","-30,000","8,19"
20220908,4051653300272,4260705920140,"1,000","8,19","-28,000","8,19"
20220909,4051653300272,4260705920140,"1,000","8,19","-29,000","8,19"
20220628,4051653300272,4260705920140,"1,000","7,99","-27,000","7,99"
20220629,4051653300272,4260705920140,"1,000","7,99","-28,000","7,99"
20220630,4051653300272,4260705920140,"1,000","7,99","-29,000","7,99"
20220701,4051653300272,4260705920140,"1,000","7,99","-30,000","7,99"
20221207,4051653300272,4260705920140,"1,000","8,19","-1,000","8,19"
20221208,4051653300272,4260705920140,"1,000","8,19","-2,000","8,19"
20221209,4051653300272,4260705920140,"1,000","8,19","-3,000","8,19"
20221210,4051653300272,4260705920140,"1,000","8,19","-4,000","8,19"
20220926,4051653300272,4260705920140,"1,000","8,19","-31,000","8,19"
20220927,4051653300272,4260705920140,"1,000","8,19","-28,000","8,19"
20220929,4051653300272,4260705920140,"1,000","8,19","-29,000","8,19"
20220930,4051653300272,4260705920140,"1,000","8,19","-27,000","8,19"
20221001,4051653300272,4260705920140,"2,000","8,19","-29,000","16,38"
20221124,4051653300272,4260705920140,"1,000","8,19","-1,000","8,19"
20221125,4051653300272,4260705920140,"1,000","8,19","-2,000","8,19"
20221017,4051653300272,4260705920140,"1,000","8,19","-6,000","8,19"
20221019,4051653300272,4260705920140,"1,000","8,19","-2,000","8,19"
20221021,4051653300272,4260705920140,"1,000","8,19","-3,000","8,19"
20221022,4051653300272,4260705920140,"1,000","8,19","-4,000","8,19"
20220822,4051653300272,4260705920140,"1,000","8,19","-31,000","8,19"
20220823,4051653300272,4260705920140,"1,000","8,19","-28,000","8,19"
20220827,4051653300272,4260705920140,"1,000","8,19","-29,000","8,19"
20230123,4051653300272,4260705920140,"1,000","8,19","-1,000","8,19"
20230124,4051653300272,4260705920140,"1,000","8,19","-2,000","8,19"
20230125,4051653300272,4260705920140,"1,000","8,19","-3,000","8,19"
