Data/merged_raw.csv
Date,StoreID,ProductID,Quantity,Price,Quantity_perWeek,Price_Total_perOrder
20220913,4051653300272,4260705920164,"1,000","7,49","-54,000","7,49"
20220916,4051653300272,4260705920164,"4,000","7,49","-58,000","29,96"
20220917,4051653300272,4260705920164,"2,000","7,49","-60,000","14,98"
20220829,4051653300272,4260705920164,"1,000","7,49","-58,000","7,49"
20220830,4051653300272,4260705920164,"1,000","7,49","-55,000","7,49"
20220831,4051653300272,4260705920164,"1,000","7,49","-56,000","7,49"
20220903,4051653300272,4260705920164,"1,000","7,49","-57,000","7,49"
20220712,4051653300272,4260705920164,"2,000","7,49","-55,000","14,98"
20220713,4051653300272,4260705920164,"1,000","7,49","-56,000","7,49"
20220714,4051653300272,4260705920164,"2,000","7,49","-58,000","14,98"
20220715,4051653300272,4260705920164,"1,000","7,49","-59,000","7,49"
20221227,4051653300272,4260705920164,"1,000","7,49","-1,000","7,49"
20221228,4051653300272,4260705920164,"1,000","7,49","-2,000","7,49"
20221230,4051653300272,4260705920164,"1,000","7,49","-3,000","7,49"
20220809,4051653300272,4260705920164,"2,000","7,49","-55,000","14,98"
20220810,4051653300272,4260705920164,"1,000","7,49","-56,000","7,49"
20220812,4051653300272,4260705920164,"2,000","7,49","-58,000","14,98"
20220813,4051653300272,4260705920164,"1,000","7,49","-59,000","7,49"
20221212,4051653300272,4260705920164,"1,000","7,49","-6,000","7,49"
20221214,4051653300272,4260705920164,"1,000","7,49","-2,000","7,49"
20221215,4051653300272,4260705920164,"1,000","7,49","-3,000","7,49"
20221216,4051653300272,4260705920164,"1,000","7,49","-4,000","7,49"
20221217,4051653300272,4260705920164,"2,000","7,49","-6,000","14,98"
20220509,4051653300272,4260705920164,"1,000","7,39","-1,000","7,39"
20220510,4051653300272,4260705920164,"1,000","7,39","-2,000","7,39"
20220512,4051653300272,4260705920164,"1,000","7,39","-3,000","7,39"
20220514,4051653300272,4260705920164,"2,000","7,39","-5,000","14,78"
20220516,4051653300272,4260705920164,"1,000","7,39","-6,000","7,39"
20220517,4051653300272,4260705920164,"2,000","7,39","-8,000","14,78"
20220518,4051653300272,4260705920164,"2,000","7,39","-10,000","14,78"
20220519,4051653300272,4260705920164,"1,000","7,39","-11,000","7,39"
20220520,4051653300272,4260705920164,"3,000","7,39","-14,000","22,17"
20220523,4051653300272,4260705920164,"1,000","7,39","-15,000","7,39"
20220524,4051653300272,4260705920164,"2,000","7,39","-17,000","14,78"
20220525,4051653300272,4260705920164,"3,000","7,39","-20,000","22,17"
20220527,4051653300272,4260705920164,"3,000","7,39","-23,000","22,17"
20220528,4051653300272,4260705920164,"3,000","7,39","-26,000","22,17"
20220530,4051653300272,4260705920164,"1,000","7,39","-27,000","7,39"
20220531,4051653300272,4260705920164,"1,000","7,39","-28,000","7,39"
20220601,4051653300272,4260705920164,"2,000","7,39","-30,000","14,78"
20220602,4051653300272,4260705920164,"2,000","7,39","-32,000","14,78"
20220604,4051653300272,4260705920164,"2,000","7,39","-34,000","14,78"
20220607,4051653300272,4260705920164,"2,000","7,39","-36,000","14,78"
20220608,4051653300272,4260705920164,"1,000","7,39","-37,000","7,39"
20220609,4051653300272,4260705920164,"2,000","7,39","-39,000","14,78"
20220610,4051653300272,4260705920164,"2,000","7,39","-41,000","14,78"
20220611,4051653300272,4260705920164,"3,000","7,39","-44,000","22,17"
20220613,4051653300272,4260705920164,"1,000","7,39","-45,000","7,39"
20220614,4051653300272,4260705920164,"2,000","7,39","-47,000","14,78"
20220615,4051653300272,4260705920164,"2,000","7,39","-49,000","14,78"
20220616,4051653300272,4260705920164,"2,000","7,39","-51,000","14,78"
20220617,4051653300272,4260705920164,"1,000","7,39","-52,000","7,39"
20220618,4051653300272,4260705920164,"1,000","7,39","-53,000","7,39"
20230130,4051653300272,4260705920164,"1,000","7,49","-1,000","7,49"
20230131,4051653300272,4260705920164,"1,000","7,49","-2,000","7,49"
20230201,4051653300272,4260705920164,"1,000","7,49","-3,000","7,49"
20230202,4051653300272,4260705920164,"1,000","7,49","-4,000","7,49"
20230203,4051653300272,4260705920164,"1,000","7,49","-5,000","7,49"
20230204,4051653300272,4260705920164,"1,000","7,49","-6,000","7,49"
20221010,4051653300272,4260705920164,"1,000","7,49","-5,000","7,49"
20221011,4051653300272,4260705920164,"2,000","7,49","-3,000","14,98"
20221014,4051653300272,4260705920164,"2,000","7,49","-5,000","14,98"
20221015,4051653300272,4260705920164,"1,000","7,49","-6,000","7,49"
20221219,4051653300272,4260705920164,"1,000","7,49","-7,000","7,49"
20221220,4051653300272,4260705920164,"1,000","7,49","-2,000","7,49"
20221221,4051653300272,4260705920164,"1,000","7,49","-3,000","7,49"
20221222,4051653300272,4260705920164,"1,000","7,49","-4,000","7,49"
20221223,4051653300272,4260705920164,"1,000","7,49","-5,000","7,49"
20220704,4051653300272,4260705920164,"2,000","7,49","-64,000","14,98"
20220706,4051653300272,4260705920164,"1,000","7,49","-56,000","7,49"
20220707,4051653300272,4260705920164,"2,000","7,49","-58,000","14,98"
20220708,4051653300272,4260705920164,"3,000","7,49","-61,000","22,47"
20220709,4051653300272,4260705920164,"1,000","7,49","-62,000","7,49"
20220919,4051653300272,4260705920164,"1,000","7,49","-61,000","7,49"
20220920,4051653300272,4260705920164,"1,000","7,49","-55,000","7,49"
20220921,4051653300272,4260705920164,"1,000","7,49","-56,000","7,49"
20220922,4051653300272,4260705920164,"1,000","7,49","-57,000","7,49"
20220923,4051653300272,4260705920164,"3,000","7,49","-60,000","22,47"
20220924,4051653300272,4260705920164,"1,000","7,49","-61,000","7,49"
20220620,4051653300272,4260705920164,"1,000","7,39","-54,000","7,39"
20220621,4051653300272,4260705920164,"2,000","7,39","-56,000","14,78"
20220622,4051653300272,4260705920164,"2,000","7,39","-58,000","14,78"
20220623,4051653300272,4260705920164,"1,000","7,39","-59,000","7,39"
20220624,4051653300272,4260705920164,"2,000","7,39","-61,000","14,78"
20220625,4051653300272,4260705920164,"2,000","7,39","-63,000","14,78"
20221116,4051653300272,4260705920164,"1,000","7,49","-1,000","7,49"
20221117,4051653300272,4260705920164,"1,000","7,49","-2,000","7,49"
20221118,4051653300272,4260705920164,"2,000","7,49","-4,000","14,98"
20221119,4051653300272,4260705920164,"1,000","7,49","-5,000","7,49"
20221101,4051653300272,4260705920164,"1,000","7,49","-1,000","7,49"
20221102,4051653300272,4260705920164,"1,000","7,49","-2,000","7,49"
20221103,4051653300272,4260705920164,"1,000","7,49","-3,000","7,49"
20221104,4051653300272,4260705920164,"1,000","7,49","-4,000","7,49"
20221105,4051653300272,4260705920164,"1,000","7,49","-5,000","7,49"
20220801,4051653300272,4260705920164,"2,000","7,49","-60,000","14,98"
20220802,4051653300272,4260705920164,"2,000","7,49","-57,000","14,98"
20220803,4051653300272,4260705920164,"1,000","7,49","-58,000","7,49"
20220804,4051653300272,4260705920164,"2,000","7,49","-60,000","14,98"
20220805,4051653300272,4260705920164,"1,000","7,49","-61,000","7,49"
20220806,4051653300272,4260705920164,"1,000","7,49","-62,000","7,49"
20230109,4051653300272,4260705920164,"1,000","7,49","-1,000","7,49"
20230110,4051653300272,4260705920164,"1,000","7,49","-2,000","7,49"
20230111,4051653300272,4260705920164,"1,000","7,49","-3,000","7,49"
20230112,4051653300272,4260705920164,"1,000","7,49","-4,000","7,49"
20230113,4051653300272,4260705920164,"1,000","7,49","-5,000","7,49"
20230114,4051653300272,4260705920164,"1,000","7,49","-6,000","7,49"
20220815,4051653300272,4260705920164,"1,000","7,49","-60,000","7,49"
20220816,4051653300272,4260705920164,"1,000","7,49","-55,000","7,49"
20220817,4051653300272,4260705920164,"1,000","7,49","-56,000","7,49"
20220818,4051653300272,4260705920164,"1,000","7,49","-57,000","7,49"
20220819,4051653300272,4260705920164,"1,000","7,49","-58,000","7,49"
20220820,4051653300272,4260705920164,"1,000","7,49","-59,000","7,49"
20221025,4051653300272,4260705920164,"1,000","7,49","-1,000","7,49"
20221026,4051653300272,4260705920164,"2,000","7,49","-3,000","14,98"
20221027,4051653300272,4260705920164,"1,000","7,49","-4,000","7,49"
20221028,4051653300272,4260705920164,"1,000","7,49","-5,000","7,49"
20221029,4051653300272,4260705920164,"2,000","7,49","-7,000","14,98"
20221005,4051653300272,4260705920164,"1,000","7,49","-1,000","7,49"
20221007,4051653300272,4260705920164,"2,000","7,49","-3,000","14,98"
20221008,4051653300272,4260705920164,"1,000","7,49","-4,000","7,49"
20220718,4051653300272,4260705920164,"1,000","7,49","-60,000","7,49"
20220719,4051653300272,4260705920164,"2,000","7,49","-56,000","14,98"
20220720,4051653300272,4260705920164,"2,000","7,49","-58,000","14,98"
20220721,4051653300272,4260705920164,"1,000","7,49","-59,000","7,49"
20220722,4051653300272,4260705920164,"2,000","7,49","-61,000","14,98"
20220723,4051653300272,4260705920164,"2,000","7,49","-63,000","14,98"
20230116,4051653300272,4260705920164,"1,000","7,49","-7,000","7,49"
20230117,4051653300272,4260705920164,"1,000","7,49","-8,000","7,49"
20230118,4051653300272,4260705920164,"1,000","7,49","-3,000","7,49"
20230119,4051653300272,4260705920164,"1,000","7,49","-4,000","7,49"
20230120,4051653300272,4260705920164,"1,000","7,49","-5,000","7,49"
20221107,4051653300272,4260705920164,"1,000","7,49","-6,000","7,49"
20221108,4051653300272,4260705920164,"1,000","7,49","-2,000","7,49"
20221109,4051653300272,4260705920164,"1,000","7,49","-3,000","7,49"
20221110,4051653300272,4260705920164,"1,000","7,49","-4,000","7,49"
20221111,4051653300272,4260705920164,"1,000","7,49","-5,000","7,49"
20221112,4051653300272,4260705920164,"1,000","7,49","-6,000","7,49"
20230102,4051653300272,4260705920164,"1,000","7,49","-1,000","7,49"
20230103,4051653300272,4260705920164,"1,000","7,49","-2,000","7,49"
20230104,4051653300272,4260705920164,"1,000","7,49","-3,000","7,49"
20230105,4051653300272,4260705920164,"1,000","7,49","-4,000","7,49"
20230106,4051653300272,4260705920164,"1,000","7,49","-5,000","7,49"
20230107,4051653300272,4260705920164,"1,000","7,49","-6,000","7,49"
20220726,4051653300272,4260705920164,"2,000","7,49","-55,000","14,98"
20220727,4051653300272,4260705920164,"2,000","7,49","-57,000","14,98"
20220729,4051653300272,4260705920164,"1,000","7,49","-58,000","7,49"
20220906,4051653300272,4260705920164,"1,000","7,49","-54,000","7,49"
20220907,4051653300272,4260705920164,"1,000","7,49","-55,000","7,49"
20220908,4051653300272,4260705920164,"2,000","7,49","-57,000","14,98"
20220909,4051653300272,4260705920164,"3,000","7,49","-60,000","22,47"
20220910,4051653300272,4260705920164,"2,000","7,49","-62,000","14,98"
20220627,4051653300272,4260705920164,"1,000","7,39","-64,000","7,39"
20220628,4051653300272,4260705920164,"1,000","7,39","-55,000","7,39"
20220629,4051653300272,4260705920164,"2,000","7,39","-57,000","14,78"
20220630,4051653300272,4260705920164,"2,000","7,39","-59,000","14,78"
20220701,4051653300272,4260705920164,"2,000","7,39","-61,000","14,78"
20220702,4051653300272,4260705920164,"1,000","7,39","-62,000","7,39"
20221129,4051653300272,4260705920164,"1,000","7,49","-1,000","7,49"
20221201,4051653300272,4260705920164,"1,000","7,49","-2,000","7,49"
20221202,4051653300272,4260705920164,"1,000","7,49","-3,000","7,49"
20221203,4051653300272,4260705920164,"1,000","7,49","-4,000","7,49"
20221205,4051653300272,4260705920164,"1,000","7,49","-5,000","7,49"
20221206,4051653300272,4260705920164,"1,000","7,49","-2,000","7,49"
20221207,4051653300272,4260705920164,"1,000","7,49","-3,000","7,49"
20221208,4051653300272,4260705920164,"1,000","7,49","-4,000","7,49"
20221209,4051653300272,4260705920164,"1,000","7,49","-5,000","7,49"
20220926,4051653300272,4260705920164,"1,000","7,49","-62,000","7,49"
20220927,4051653300272,4260705920164,"1,000","7,49","-55,000","7,49"
20220928,4051653300272,4260705920164,"2,000","7,49","-57,000","14,98"
20220929,4051653300272,4260705920164,"2,000","7,49","-59,000","14,98"
20220930,4051653300272,4260705920164,"3,000","7,49","-56,000","22,47"
20221001,4051653300272,4260705920164,"3,000","7,49","-59,000","22,47"
20221121,4051653300272,4260705920164,"1,000","7,49","-6,000","7,49"
20221123,4051653300272,4260705920164,"1,000","7,49","-2,000","7,49"
20221124,4051653300272,4260705920164,"1,000","7,49","-3,000","7,49"
20221125,4051653300272,4260705920164,"1,000","7,49","-4,000","7,49"
20221126,4051653300272,4260705920164,"1,000","7,49","-5,000","7,49"
20221017,4051653300272,4260705920164,"1,000","7,49","-7,000","7,49"
20221018,4051653300272,4260705920164,"2,000","7,49","-3,000","14,98"
20221019,4051653300272,4260705920164,"1,000","7,49","-4,000","7,49"
20221020,4051653300272,4260705920164,"1,000","7,49","-5,000","7,49"
20221022,4051653300272,4260705920164,"2,000","7,49","-7,000","14,98"
20220822,4051653300272,4260705920164,"2,000","7,49","-61,000","14,98"
20220823,4051653300272,4260705920164,"1,000","7,49","-56,000","7,49"
20220827,4051653300272,4260705920164,"1,000","7,49","-57,000","7,49"
20230123,4051653300272,4260705920164,"1,000","7,49","-1,000","7,49"
20230124,4051653300272,4260705920164,"1,000","7,49","-2,000","7,49"
20230125,4051653300272,4260705920164,"1,000","7,49","-3,000","7,49"
20230126,4051653300272,4260705920164,"1,000","7,49","-4,000","7,49"
20230127,4051653300272,4260705920164,"1,000","7,49","-5,000","7,49"
20230128,4051653300272,4260705920164,"1,000","7,49","-6,000","7,49"
