Data/merged_raw.csv
Date,StoreID,ProductID,Quantity,Price,Quantity_perWeek,Price_Total_perOrder
20220913,4051653300272,4260705920294,"4,000","15,99","-138,000","63,96"
20220914,4051653300272,4260705920294,"3,000","15,99","-141,000","47,97"
20220915,4051653300272,4260705920294,"2,000","15,99","-143,000","31,98"
20220917,4051653300272,4260705920294,"3,000","15,99","-146,000","47,97"
20220829,4051653300272,4260705920294,"4,000","15,99","-156,000","63,96"
20220830,4051653300272,4260705920294,"4,000","15,99","-142,000","63,96"
20220831,4051653300272,4260705920294,"3,000","15,99","-145,000","47,97"
20220901,4051653300272,4260705920294,"3,000","15,99","-148,000","47,97"
20220902,4051653300272,4260705920294,"4,000","15,99","-152,000","63,96"
20220711,4051653300272,4260705920294,"5,000","15,99","-163,000","79,95"
20220712,4051653300272,4260705920294,"4,000","15,99","-143,000","63,96"
20220713,4051653300272,4260705920294,"5,000","15,99","-148,000","79,95"
20220714,4051653300272,4260705920294,"4,000","15,99","-152,000","63,96"
20220715,4051653300272,4260705920294,"4,000","15,99","-156,000","63,96"
20221227,4051653300272,4260705920294,"2,000","15,99","-2,000","31,98"
20221228,4051653300272,4260705920294,"3,000","15,99","-5,000","47,97"
20221229,4051653300272,4260705920294,"3,000","15,99","-8,000","47,97"
20221230,4051653300272,4260705920294,"4,000","15,99","-12,000","63,96"
20221231,4051653300272,4260705920294,"2,000","15,99","-14,000","31,98"
20220808,4051653300272,4260705920294,"1,000","15,99","-156,000","15,99"
20220809,4051653300272,4260705920294,"4,000","15,99","-139,000","63,96"
20220810,4051653300272,4260705920294,"4,000","15,99","-143,000","63,96"
20220811,4051653300272,4260705920294,"3,000","15,99","-146,000","47,97"
20220812,4051653300272,4260705920294,"5,000","15,99","-151,000","79,95"
20220813,4051653300272,4260705920294,"2,000","15,99","-153,000","31,98"
20221212,4051653300272,4260705920294,"3,000","15,99","-16,000","47,97"
20221213,4051653300272,4260705920294,"3,000","15,99","-6,000","47,97"
20221214,4051653300272,4260705920294,"2,000","15,99","-8,000","31,98"
20221215,4051653300272,4260705920294,"3,000","15,99","-11,000","47,97"
20221216,4051653300272,4260705920294,"3,000","15,99","-14,000","47,97"
20221217,4051653300272,4260705920294,"4,000","15,99","-18,000","63,96"
20220509,4051653300272,4260705920294,"4,000","14,99","-4,000","59,96"
20220510,4051653300272,4260705920294,"2,000","14,99","-6,000","29,98"
20220511,4051653300272,4260705920294,"4,000","14,99","-10,000","59,96"
20220512,4051653300272,4260705920294,"4,000","14,99","-14,000","59,96"
20220513,4051653300272,4260705920294,"3,000","14,99","-17,000","44,97"
20220514,4051653300272,4260705920294,"6,000","14,99","-23,000","89,94"
20220516,4051653300272,4260705920294,"4,000","14,99","-27,000","59,96"
20220517,4051653300272,4260705920294,"5,000","14,99","-32,000","74,95"
20220518,4051653300272,4260705920294,"5,000","14,99","-37,000","74,95"
20220519,4051653300272,4260705920294,"5,000","14,99","-42,000","74,95"
20220520,4051653300272,4260705920294,"5,000","14,99","-47,000","74,95"
20220521,4051653300272,4260705920294,"3,000","14,99","-50,000","44,97"
20220523,4051653300272,4260705920294,"3,000","14,99","-53,000","44,97"
20220524,4051653300272,4260705920294,"2,000","14,99","-55,000","29,98"
20220525,4051653300272,4260705920294,"4,000","14,99","-59,000","59,96"
20220527,4051653300272,4260705920294,"5,000","14,99","-64,000","74,95"
20220528,4051653300272,4260705920294,"5,000","14,99","-69,000","74,95"
20220530,4051653300272,4260705920294,"3,000","14,99","-72,000","44,97"
20220531,4051653300272,4260705920294,"3,000","14,99","-75,000","44,97"
20220601,4051653300272,4260705920294,"3,000","14,99","-78,000","44,97"
20220602,4051653300272,4260705920294,"5,000","14,99","-83,000","74,95"
20220603,4051653300272,4260705920294,"5,000","14,99","-88,000","74,95"
20220604,4051653300272,4260705920294,"3,000","14,99","-91,000","44,97"
20220607,4051653300272,4260705920294,"5,000","14,99","-96,000","74,95"
20220608,4051653300272,4260705920294,"2,000","14,99","-98,000","29,98"
20220609,4051653300272,4260705920294,"3,000","14,99","-101,000","44,97"
20220610,4051653300272,4260705920294,"6,000","14,99","-107,000","89,94"
20220611,4051653300272,4260705920294,"6,000","14,99","-113,000","89,94"
20220613,4051653300272,4260705920294,"5,000","14,99","-118,000","74,95"
20220614,4051653300272,4260705920294,"3,000","14,99","-121,000","44,97"
20220615,4051653300272,4260705920294,"4,000","14,99","-125,000","59,96"
20220616,4051653300272,4260705920294,"4,000","14,99","-129,000","59,96"
20220617,4051653300272,4260705920294,"2,000","14,99","-131,000","29,98"
20220618,4051653300272,4260705920294,"3,000","14,99","-134,000","44,97"
20230130,4051653300272,4260705920294,"1,000","15,99","-1,000","15,99"
20230201,4051653300272,4260705920294,"2,000","15,99","-6,000","31,98"
20230202,4051653300272,4260705920294,"2,000","15,99","-8,000","31,98"
20230203,4051653300272,4260705920294,"4,000","15,99","-12,000","63,96"
20230204,4051653300272,4260705920294,"4,000","15,99","-16,000","63,96"
20221010,4051653300272,4260705920294,"2,000","15,99","-18,000","31,98"
20221011,4051653300272,4260705920294,"1,000","15,99","-3,000","15,99"
20221012,4051653300272,4260705920294,"2,000","15,99","-5,000","31,98"
20221013,4051653300272,4260705920294,"4,000","15,99","-9,000","63,96"
20221014,4051653300272,4260705920294,"4,000","15,99","-13,000","63,96"
20221015,4051653300272,4260705920294,"4,000","15,99","-17,000","63,96"
20221219,4051653300272,4260705920294,"3,000","15,99","-21,000","47,97"
20221220,4051653300272,4260705920294,"3,000","15,99","-6,000","47,97"
20221221,4051653300272,4260705920294,"3,000","15,99","-9,000","47,97"
20221222,4051653300272,4260705920294,"4,000","15,99","-13,000","63,96"
20221223,4051653300272,4260705920294,"3,000","15,99","-16,000","47,97"
20221224,4051653300272,4260705920294,"1,000","15,99","-17,000","15,99"
20220704,4051653300272,4260705920294,"5,000","15,99","-163,000","79,95"
20220705,4051653300272,4260705920294,"4,000","15,99","-143,000","63,96"
20220706,4051653300272,4260705920294,"3,000","15,99","-146,000","47,97"
20220707,4051653300272,4260705920294,"3,000","15,99","-149,000","47,97"
20220708,4051653300272,4260705920294,"3,000","15,99","-152,000","47,97"
20220709,4051653300272,4260705920294,"6,000","15,99","-158,000","95,94"
20220919,4051653300272,4260705920294,"3,000","15,99","-149,000","47,97"
20220920,4051653300272,4260705920294,"3,000","15,99","-140,000","47,97"
20220921,4051653300272,4260705920294,"4,000","15,99","-144,000","63,96"
20220922,4051653300272,4260705920294,"4,000","15,99","-148,000","63,96"
20220923,4051653300272,4260705920294,"1,000","15,99","-149,000","15,99"
20220924,4051653300272,4260705920294,"2,000","15,99","-151,000","31,98"
20220620,4051653300272,4260705920294,"5,000","14,99","-139,000","74,95"
20220621,4051653300272,4260705920294,"2,000","14,99","-141,000","29,98"
20220622,4051653300272,4260705920294,"3,000","14,99","-144,000","44,97"
20220623,4051653300272,4260705920294,"5,000","14,99","-149,000","74,95"
20220624,4051653300272,4260705920294,"3,000","14,99","-152,000","44,97"
20220625,4051653300272,4260705920294,"3,000","14,99","-155,000","44,97"
20221114,4051653300272,4260705920294,"3,000","15,99","-19,000","47,97"
20221115,4051653300272,4260705920294,"1,000","15,99","-4,000","15,99"
20221116,4051653300272,4260705920294,"1,000","15,99","-5,000","15,99"
20221117,4051653300272,4260705920294,"2,000","15,99","-7,000","31,98"
20221118,4051653300272,4260705920294,"4,000","15,99","-11,000","63,96"
20221119,4051653300272,4260705920294,"1,000","15,99","-12,000","15,99"
20221101,4051653300272,4260705920294,"3,000","15,99","-3,000","47,97"
20221102,4051653300272,4260705920294,"4,000","15,99","-7,000","63,96"
20221103,4051653300272,4260705920294,"2,000","15,99","-9,000","31,98"
20221104,4051653300272,4260705920294,"4,000","15,99","-13,000","63,96"
20221105,4051653300272,4260705920294,"4,000","15,99","-17,000","63,96"
20220801,4051653300272,4260705920294,"5,000","15,99","-157,000","79,95"
20220802,4051653300272,4260705920294,"3,000","15,99","-142,000","47,97"
20220803,4051653300272,4260705920294,"3,000","15,99","-145,000","47,97"
20220804,4051653300272,4260705920294,"2,000","15,99","-147,000","31,98"
20220805,4051653300272,4260705920294,"4,000","15,99","-151,000","63,96"
20220806,4051653300272,4260705920294,"4,000","15,99","-155,000","63,96"
20230109,4051653300272,4260705920294,"3,000","15,99","-3,000","47,97"
20230110,4051653300272,4260705920294,"1,000","15,99","-4,000","15,99"
20230111,4051653300272,4260705920294,"4,000","15,99","-8,000","63,96"
20230112,4051653300272,4260705920294,"3,000","15,99","-11,000","47,97"
20230113,4051653300272,4260705920294,"4,000","15,99","-15,000","63,96"
20230114,4051653300272,4260705920294,"4,000","15,99","-19,000","63,96"
20220815,4051653300272,4260705920294,"3,000","15,99","-156,000","47,97"
20220816,4051653300272,4260705920294,"3,000","15,99","-140,000","47,97"
20220817,4051653300272,4260705920294,"4,000","15,99","-144,000","63,96"
20220818,4051653300272,4260705920294,"4,000","15,99","-148,000","63,96"
20220819,4051653300272,4260705920294,"4,000","15,99","-152,000","63,96"
20220820,4051653300272,4260705920294,"5,000","15,99","-157,000","79,95"
20221025,4051653300272,4260705920294,"2,000","15,99","-2,000","31,98"
20221026,4051653300272,4260705920294,"4,000","15,99","-6,000","63,96"
20221027,4051653300272,4260705920294,"4,000","15,99","-10,000","63,96"
20221028,4051653300272,4260705920294,"4,000","15,99","-14,000","63,96"
20221029,4051653300272,4260705920294,"2,000","15,99","-16,000","31,98"
20221004,4051653300272,4260705920294,"3,000","15,99","-3,000","47,97"
20221005,4051653300272,4260705920294,"3,000","15,99","-6,000","47,97"
20221006,4051653300272,4260705920294,"4,000","15,99","-10,000","63,96"
20221007,4051653300272,4260705920294,"2,000","15,99","-12,000","31,98"
20221008,4051653300272,4260705920294,"4,000","15,99","-16,000","63,96"
20220718,4051653300272,4260705920294,"3,000","15,99","-159,000","47,97"
20220719,4051653300272,4260705920294,"4,000","15,99","-141,000","63,96"
20220720,4051653300272,4260705920294,"3,000","15,99","-144,000","47,97"
20220721,4051653300272,4260705920294,"2,000","15,99","-146,000","31,98"
20220722,4051653300272,4260705920294,"5,000","15,99","-151,000","79,95"
20220723,4051653300272,4260705920294,"5,000","15,99","-156,000","79,95"
20230116,4051653300272,4260705920294,"3,000","15,99","-22,000","47,97"
20230117,4051653300272,4260705920294,"2,000","15,99","-24,000","31,98"
20230118,4051653300272,4260705920294,"2,000","15,99","-7,000","31,98"
20230119,4051653300272,4260705920294,"3,000","15,99","-10,000","47,97"
20230120,4051653300272,4260705920294,"4,000","15,99","-14,000","63,96"
20230121,4051653300272,4260705920294,"2,000","15,99","-16,000","31,98"
20221108,4051653300272,4260705920294,"3,000","15,99","-3,000","47,97"
20221109,4051653300272,4260705920294,"4,000","15,99","-7,000","63,96"
20221110,4051653300272,4260705920294,"1,000","15,99","-8,000","15,99"
20221111,4051653300272,4260705920294,"4,000","15,99","-12,000","63,96"
20221112,4051653300272,4260705920294,"4,000","15,99","-16,000","63,96"
20230102,4051653300272,4260705920294,"2,000","15,99","-2,000","31,98"
20230103,4051653300272,4260705920294,"1,000","15,99","-3,000","15,99"
20230104,4051653300272,4260705920294,"4,000","15,99","-7,000","63,96"
20230105,4051653300272,4260705920294,"3,000","15,99","-10,000","47,97"
20230106,4051653300272,4260705920294,"5,000","15,99","-15,000","79,95"
20230107,4051653300272,4260705920294,"3,000","15,99","-18,000","47,97"
20220725,4051653300272,4260705920294,"3,000","15,99","-159,000","47,97"
20220726,4051653300272,4260705920294,"2,000","15,99","-139,000","31,98"
20220727,4051653300272,4260705920294,"3,000","15,99","-142,000","47,97"
20220728,4051653300272,4260705920294,"2,000","15,99","-144,000","31,98"
20220729,4051653300272,4260705920294,"4,000","15,99","-148,000","63,96"
20220730,4051653300272,4260705920294,"4,000","15,99","-152,000","63,96"
20220905,4051653300272,4260705920294,"4,000","15,99","-156,000","63,96"
20220906,4051653300272,4260705920294,"3,000","15,99","-141,000","47,97"
20220907,4051653300272,4260705920294,"2,000","15,99","-143,000","31,98"
20220908,4051653300272,4260705920294,"4,000","15,99","-147,000","63,96"
20220909,4051653300272,4260705920294,"5,000","15,99","-152,000","79,95"
20220910,4051653300272,4260705920294,"2,000","15,99","-154,000","31,98"
20220627,4051653300272,4260705920294,"4,000","14,99","-159,000","59,96"
20220628,4051653300272,4260705920294,"3,000","14,99","-141,000","44,97"
20220629,4051653300272,4260705920294,"3,000","14,99","-144,000","44,97"
20220630,4051653300272,4260705920294,"5,000","14,99","-149,000","74,95"
20220701,4051653300272,4260705920294,"5,000","14,99","-154,000","74,95"
20220702,4051653300272,4260705920294,"4,000","14,99","-158,000","59,96"
20221128,4051653300272,4260705920294,"2,000","15,99","-21,000","31,98"
20221129,4051653300272,4260705920294,"3,000","15,99","-5,000","47,97"
20221130,4051653300272,4260705920294,"3,000","15,99","-8,000","47,97"
20221201,4051653300272,4260705920294,"1,000","15,99","-9,000","15,99"
20221202,4051653300272,4260705920294,"4,000","15,99","-13,000","63,96"
20221203,4051653300272,4260705920294,"1,000","15,99","-14,000","15,99"
20221205,4051653300272,4260705920294,"3,000","15,99","-17,000","47,97"
20221206,4051653300272,4260705920294,"1,000","15,99","-4,000","15,99"
20221207,4051653300272,4260705920294,"2,000","15,99","-6,000","31,98"
20221208,4051653300272,4260705920294,"1,000","15,99","-7,000","15,99"
20221209,4051653300272,4260705920294,"3,000","15,99","-10,000","47,97"
20221210,4051653300272,4260705920294,"3,000","15,99","-13,000","47,97"
20220926,4051653300272,4260705920294,"4,000","15,99","-155,000","63,96"
20220927,4051653300272,4260705920294,"4,000","15,99","-142,000","63,96"
20220929,4051653300272,4260705920294,"2,000","15,99","-144,000","31,98"
20220930,4051653300272,4260705920294,"6,000","15,99","-140,000","95,94"
20221001,4051653300272,4260705920294,"4,000","15,99","-144,000","63,96"
20221121,4051653300272,4260705920294,"2,000","15,99","-14,000","31,98"
20221122,4051653300272,4260705920294,"3,000","15,99","-5,000","47,97"
20221123,4051653300272,4260705920294,"2,000","15,99","-7,000","31,98"
20221124,4051653300272,4260705920294,"4,000","15,99","-11,000","63,96"
20221125,4051653300272,4260705920294,"4,000","15,99","-15,000","63,96"
20221126,4051653300272,4260705920294,"4,000","15,99","-19,000","63,96"
20221017,4051653300272,4260705920294,"2,000","15,99","-19,000","31,98"
20221018,4051653300272,4260705920294,"2,000","15,99","-4,000","31,98"
20221019,4051653300272,4260705920294,"1,000","15,99","-5,000","15,99"
20221020,4051653300272,4260705920294,"4,000","15,99","-9,000","63,96"
20221021,4051653300272,4260705920294,"4,000","15,99","-13,000","63,96"
20221022,4051653300272,4260705920294,"4,000","15,99","-17,000","63,96"
20220822,4051653300272,4260705920294,"2,000","15,99","-159,000","31,98"
20220823,4051653300272,4260705920294,"1,000","15,99","-137,000","15,99"
20220824,4051653300272,4260705920294,"2,000","15,99","-139,000","31,98"
20220825,4051653300272,4260705920294,"4,000","15,99","-143,000","63,96"
20220826,4051653300272,4260705920294,"4,000","15,99","-147,000","63,96"
20220827,4051653300272,4260705920294,"5,000","15,99","-152,000","79,95"
20230123,4051653300272,4260705920294,"3,000","15,99","-3,000","47,97"
20230124,4051653300272,4260705920294,"1,000","15,99","-4,000","15,99"
20230125,4051653300272,4260705920294,"1,000","15,99","-5,000","15,99"
20230126,4051653300272,4260705920294,"2,000","15,99","-7,000","31,98"
20230127,4051653300272,4260705920294,"4,000","15,99","-11,000","63,96"
20230128,4051653300272,4260705920294,"3,000","15,99","-14,000","47,97"
