Data/merged_raw.csv
Date,StoreID,ProductID,Quantity,Price,Quantity_perWeek,Price_Total_perOrder
20220914,4051653300272,4260705920409,"1,000","17,49","-21,000","17,49"
20220915,4051653300272,4260705920409,"1,000","17,49","-22,000","17,49"
20220916,4051653300272,4260705920409,"2,000","17,49","-24,000","34,98"
20220831,4051653300272,4260705920409,"2,000","17,49","-22,000","34,98"
20220902,4051653300272,4260705920409,"1,000","17,49","-23,000","17,49"
20220903,4051653300272,4260705920409,"2,000","17,49","-25,000","34,98"
20220711,4051653300272,4260705920409,"1,000","17,49","-26,000","17,49"
20220712,4051653300272,4260705920409,"1,000","17,49","-22,000","17,49"
20220713,4051653300272,4260705920409,"2,000","17,49","-24,000","34,98"
20220714,4051653300272,4260705920409,"1,000","17,49","-25,000","17,49"
20220715,4051653300272,4260705920409,"1,000","17,49","-26,000","17,49"
20220525,4051653300272,4260705920409,"2,000","16,49","-2,000","32,98"
20220601,4051653300272,4260705920409,"2,000","16,49","-4,000","32,98"
20220602,4051653300272,4260705920409,"1,000","16,49","-5,000","16,49"
20220603,4051653300272,4260705920409,"1,000","16,49","-6,000","16,49"
20220604,4051653300272,4260705920409,"2,000","16,49","-8,000","32,98"
20220607,4051653300272,4260705920409,"1,000","16,49","-9,000","16,49"
20220609,4051653300272,4260705920409,"1,000","16,49","-10,000","16,49"
20220610,4051653300272,4260705920409,"2,000","16,49","-12,000","32,98"
20220611,4051653300272,4260705920409,"2,000","16,49","-14,000","32,98"
20220613,4051653300272,4260705920409,"1,000","16,49","-15,000","16,49"
20220614,4051653300272,4260705920409,"1,000","16,49","-16,000","16,49"
20220615,4051653300272,4260705920409,"1,000","16,49","-17,000","16,49"
20220616,4051653300272,4260705920409,"1,000","16,49","-18,000","16,49"
20220617,4051653300272,4260705920409,"2,000","16,49","-20,000","32,98"
20221011,4051653300272,4260705920409,"1,000","17,49","-1,000","17,49"
20221014,4051653300272,4260705920409,"1,000","17,49","-2,000","17,49"
20221015,4051653300272,4260705920409,"1,000","17,49","-3,000","17,49"
20220704,4051653300272,4260705920409,"2,000","17,49","-28,000","34,98"
20220706,4051653300272,4260705920409,"1,000","17,49","-23,000","17,49"
20220707,4051653300272,4260705920409,"1,000","17,49","-24,000","17,49"
20220709,4051653300272,4260705920409,"1,000","17,49","-25,000","17,49"
20220919,4051653300272,4260705920409,"1,000","17,49","-25,000","17,49"
20220920,4051653300272,4260705920409,"1,000","17,49","-22,000","17,49"
20220922,4051653300272,4260705920409,"1,000","17,49","-23,000","17,49"
20220620,4051653300272,4260705920409,"2,000","16,49","-22,000","32,98"
20220621,4051653300272,4260705920409,"1,000","16,49","-23,000","16,49"
20220622,4051653300272,4260705920409,"1,000","16,49","-24,000","16,49"
20220623,4051653300272,4260705920409,"2,000","16,49","-26,000","32,98"
20220624,4051653300272,4260705920409,"2,000","16,49","-28,000","32,98"
20220625,4051653300272,4260705920409,"2,000","16,49","-30,000","32,98"
20220817,4051653300272,4260705920409,"2,000","17,49","-22,000","34,98"
20221026,4051653300272,4260705920409,"1,000","17,49","-1,000","17,49"
20221029,4051653300272,4260705920409,"1,000","17,49","-2,000","17,49"
20221005,4051653300272,4260705920409,"1,000","17,49","-1,000","17,49"
20221006,4051653300272,4260705920409,"1,000","17,49","-2,000","17,49"
20221007,4051653300272,4260705920409,"1,000","17,49","-3,000","17,49"
20220727,4051653300272,4260705920409,"1,000","17,49","-21,000","17,49"
20220906,4051653300272,4260705920409,"1,000","17,49","-21,000","17,49"
20220907,4051653300272,4260705920409,"1,000","17,49","-22,000","17,49"
20220908,4051653300272,4260705920409,"2,000","17,49","-24,000","34,98"
20220909,4051653300272,4260705920409,"1,000","17,49","-25,000","17,49"
20220910,4051653300272,4260705920409,"1,000","17,49","-26,000","17,49"
20220627,4051653300272,4260705920409,"1,000","16,49","-31,000","16,49"
20220630,4051653300272,4260705920409,"1,000","16,49","-22,000","16,49"
20220701,4051653300272,4260705920409,"2,000","16,49","-24,000","32,98"
20220702,4051653300272,4260705920409,"2,000","16,49","-26,000","32,98"
20220927,4051653300272,4260705920409,"1,000","17,49","-21,000","17,49"
20220930,4051653300272,4260705920409,"1,000","17,49","-21,000","17,49"
20221018,4051653300272,4260705920409,"1,000","17,49","-1,000","17,49"
20221019,4051653300272,4260705920409,"1,000","17,49","-2,000","17,49"
20221020,4051653300272,4260705920409,"1,000","17,49","-3,000","17,49"
20221021,4051653300272,4260705920409,"1,000","17,49","-4,000","17,49"
20220824,4051653300272,4260705920409,"1,000","17,49","-21,000","17,49"
20220826,4051653300272,4260705920409,"2,000","17,49","-23,000","34,98"
20220827,4051653300272,4260705920409,"2,000","17,49","-25,000","34,98"
20220916,4051653300272,4260705920065,"1,000","5,79","-26,000","5,79"
20220917,4051653300272,4260705920065,"1,000","5,79","-27,000","5,79"
20220829,4051653300272,4260705920065,"1,000","5,79","-31,000","5,79"
20220830,4051653300272,4260705920065,"1,000","5,79","-27,000","5,79"
20220831,4051653300272,4260705920065,"1,000","5,79","-28,000","5,79"
20220901,4051653300272,4260705920065,"1,000","5,79","-29,000","5,79"
20220902,4051653300272,4260705920065,"1,000","5,79","-30,000","5,79"
20220903,4051653300272,4260705920065,"1,000","5,79","-31,000","5,79"
20220711,4051653300272,4260705920065,"1,000","5,79","-32,000","5,79"
20220712,4051653300272,4260705920065,"1,000","5,79","-27,000","5,79"
20220713,4051653300272,4260705920065,"1,000","5,79","-28,000","5,79"
20220715,4051653300272,4260705920065,"1,000","5,79","-29,000","5,79"
20220716,4051653300272,4260705920065,"1,000","5,79","-30,000","5,79"
20220511,4051653300272,4260705920065,"1,000","5,49","-1,000","5,49"
20220512,4051653300272,4260705920065,"1,000","5,49","-2,000","5,49"
20220513,4051653300272,4260705920065,"1,000","5,49","-3,000","5,49"
20220516,4051653300272,4260705920065,"1,000","5,49","-4,000","5,49"
20220517,4051653300272,4260705920065,"1,000","5,49","-5,000","5,49"
20220518,4051653300272,4260705920065,"1,000","5,49","-6,000","5,49"
20220519,4051653300272,4260705920065,"1,000","5,49","-7,000","5,49"
20220520,4051653300272,4260705920065,"1,000","5,49","-8,000","5,49"
20220521,4051653300272,4260705920065,"1,000","5,49","-9,000","5,49"
20220524,4051653300272,4260705920065,"1,000","5,49","-10,000","5,49"
20220525,4051653300272,4260705920065,"1,000","5,49","-11,000","5,49"
20220527,4051653300272,4260705920065,"1,000","5,49","-12,000","5,49"
20220528,4051653300272,4260705920065,"1,000","5,49","-13,000","5,49"
20220530,4051653300272,4260705920065,"1,000","5,49","-14,000","5,49"
20220601,4051653300272,4260705920065,"1,000","5,49","-15,000","5,49"
20220603,4051653300272,4260705920065,"1,000","5,49","-16,000","5,49"
20220604,4051653300272,4260705920065,"1,000","5,49","-17,000","5,49"
20220607,4051653300272,4260705920065,"1,000","5,49","-18,000","5,49"
20220611,4051653300272,4260705920065,"1,000","5,49","-19,000","5,49"
20220613,4051653300272,4260705920065,"1,000","5,49","-20,000","5,49"
20220614,4051653300272,4260705920065,"1,000","5,49","-21,000","5,49"
20220615,4051653300272,4260705920065,"1,000","5,49","-22,000","5,49"
20220616,4051653300272,4260705920065,"1,000","5,49","-23,000","5,49"
20220617,4051653300272,4260705920065,"1,000","5,49","-24,000","5,49"
20220618,4051653300272,4260705920065,"1,000","5,49","-25,000","5,49"
20230202,4051653300272,4260705920065,"1,000","5,69","-1,000","5,69"
20220704,4051653300272,4260705920065,"1,000","5,79","-31,000","5,79"
20220705,4051653300272,4260705920065,"1,000","5,79","-27,000","5,79"
20220706,4051653300272,4260705920065,"1,000","5,79","-28,000","5,79"
20220707,4051653300272,4260705920065,"1,000","5,79","-29,000","5,79"
20220708,4051653300272,4260705920065,"1,000","5,79","-30,000","5,79"
20220709,4051653300272,4260705920065,"1,000","5,79","-31,000","5,79"
20220923,4051653300272,4260705920065,"2,000","5,79","-27,000","11,58"
20220924,4051653300272,4260705920065,"1,000","5,79","-28,000","5,79"
20220620,4051653300272,4260705920065,"1,000","5,49","-26,000","5,49"
20220621,4051653300272,4260705920065,"1,000","5,49","-27,000","5,49"
20220622,4051653300272,4260705920065,"1,000","5,49","-28,000","5,49"
20220623,4051653300272,4260705920065,"1,000","5,49","-29,000","5,49"
20220624,4051653300272,4260705920065,"1,000","5,49","-30,000","5,49"
20220625,4051653300272,4260705920065,"1,000","5,49","-31,000","5,49"
20221118,4051653300272,4260705920065,"2,000","5,69","-2,000","11,38"
20221119,4051653300272,4260705920065,"1,000","5,69","-3,000","5,69"
20221102,4051653300272,4260705920065,"1,000","5,69","-1,000","5,69"
20221105,4051653300272,4260705920065,"1,000","5,69","-2,000","5,69"
20220817,4051653300272,4260705920065,"1,000","5,79","-26,000","5,79"
20220818,4051653300272,4260705920065,"1,000","5,79","-27,000","5,79"
20220820,4051653300272,4260705920065,"1,000","5,79","-28,000","5,79"
20221028,4051653300272,4260705920065,"1,000","5,69","-1,000","5,69"
20221029,4051653300272,4260705920065,"1,000","5,69","-2,000","5,69"
20221007,4051653300272,4260705920065,"1,000","5,79","-1,000","5,79"
20230118,4051653300272,4260705920065,"1,000","5,69","-1,000","5,69"
20220905,4051653300272,4260705920065,"1,000","5,79","-32,000","5,79"
20220907,4051653300272,4260705920065,"1,000","5,79","-27,000","5,79"
20220908,4051653300272,4260705920065,"1,000","5,79","-28,000","5,79"
20220909,4051653300272,4260705920065,"1,000","5,79","-29,000","5,79"
20220910,4051653300272,4260705920065,"1,000","5,79","-30,000","5,79"
20220627,4051653300272,4260705920065,"1,000","5,49","-32,000","5,49"
20220629,4051653300272,4260705920065,"1,000","5,49","-27,000","5,49"
20220630,4051653300272,4260705920065,"1,000","5,49","-28,000","5,49"
20220701,4051653300272,4260705920065,"1,000","5,49","-29,000","5,49"
20220702,4051653300272,4260705920065,"1,000","5,49","-30,000","5,49"
20220930,4051653300272,4260705920065,"1,000","5,79","-26,000","5,79"
20221001,4051653300272,4260705920065,"1,000","5,79","-27,000","5,79"
20221125,4051653300272,4260705920065,"1,000","5,69","-1,000","5,69"
20221126,4051653300272,4260705920065,"1,000","5,69","-2,000","5,69"
20221021,4051653300272,4260705920065,"1,000","5,69","-1,000","5,69"
20221022,4051653300272,4260705920065,"1,000","5,69","-2,000","5,69"
20220823,4051653300272,4260705920065,"1,000","5,79","-26,000","5,79"
20220824,4051653300272,4260705920065,"1,000","5,79","-27,000","5,79"
20220825,4051653300272,4260705920065,"1,000","5,79","-28,000","5,79"
20220826,4051653300272,4260705920065,"1,000","5,79","-29,000","5,79"
20220827,4051653300272,4260705920065,"1,000","5,79","-30,000","5,79"
20220916,4051653300272,4260705920089,"1,000","5,39","-20,000","5,39"
20220917,4051653300272,4260705920089,"1,000","5,39","-21,000","5,39"
20220829,4051653300272,4260705920089,"1,000","5,39","-25,000","5,39"
20220830,4051653300272,4260705920089,"1,000","5,39","-21,000","5,39"
20220831,4051653300272,4260705920089,"1,000","5,39","-22,000","5,39"
20220901,4051653300272,4260705920089,"1,000","5,39","-23,000","5,39"
20220711,4051653300272,4260705920089,"1,000","5,39","-26,000","5,39"
20220712,4051653300272,4260705920089,"1,000","5,39","-21,000","5,39"
20220714,4051653300272,4260705920089,"1,000","5,39","-22,000","5,39"
20220715,4051653300272,4260705920089,"1,000","5,39","-23,000","5,39"
20220808,4051653300272,4260705920089,"1,000","5,39","-22,000","5,39"
20220809,4051653300272,4260705920089,"1,000","5,39","-21,000","5,39"
20220810,4051653300272,4260705920089,"1,000","5,39","-22,000","5,39"
20220813,4051653300272,4260705920089,"1,000","5,39","-23,000","5,39"
20221212,4051653300272,4260705920089,"1,000","2,99","-3,000","2,99"
20220511,4051653300272,4260705920089,"1,000","5,19","-1,000","5,19"
20220513,4051653300272,4260705920089,"1,000","5,19","-2,000","5,19"
20220514,4051653300272,4260705920089,"1,000","5,19","-3,000","5,19"
20220516,4051653300272,4260705920089,"1,000","5,19","-4,000","5,19"
20220517,4051653300272,4260705920089,"1,000","5,19","-5,000","5,19"
20220518,4051653300272,4260705920089,"1,000","5,19","-6,000","5,19"
20220519,4051653300272,4260705920089,"1,000","5,19","-7,000","5,19"
20220520,4051653300272,4260705920089,"1,000","5,19","-8,000","5,19"
20220521,4051653300272,4260705920089,"1,000","5,19","-9,000","5,19"
20220524,4051653300272,4260705920089,"1,000","5,19","-10,000","5,19"
20220528,4051653300272,4260705920089,"1,000","5,19","-11,000","5,19"
20220531,4051653300272,4260705920089,"1,000","5,19","-12,000","5,19"
20220601,4051653300272,4260705920089,"1,000","5,19","-13,000","5,19"
20220602,4051653300272,4260705920089,"1,000","5,19","-14,000","5,19"
20220610,4051653300272,4260705920089,"1,000","5,19","-15,000","5,19"
20220611,4051653300272,4260705920089,"1,000","5,19","-16,000","5,19"
20220614,4051653300272,4260705920089,"1,000","5,19","-17,000","5,19"
20220616,4051653300272,4260705920089,"1,000","5,19","-18,000","5,19"
20220617,4051653300272,4260705920089,"1,000","5,19","-19,000","5,19"
20230130,4051653300272,4260705920089,"1,000","2,99","-1,000","2,99"
20230202,4051653300272,4260705920089,"1,000","2,99","-2,000","2,99"
20221220,4051653300272,4260705920089,"1,000","2,99","-1,000","2,99"
20220704,4051653300272,4260705920089,"2,000","5,39","-25,000","10,78"
20220705,4051653300272,4260705920089,"1,000","5,39","-22,000","5,39"
20220706,4051653300272,4260705920089,"1,000","5,39","-23,000","5,39"
20220707,4051653300272,4260705920089,"1,000","5,39","-24,000","5,39"
20220708,4051653300272,4260705920089,"1,000","5,39","-25,000","5,39"
20220622,4051653300272,4260705920089,"1,000","5,19","-20,000","5,19"
20220623,4051653300272,4260705920089,"1,000","5,19","-21,000","5,19"
20220624,4051653300272,4260705920089,"1,000","5,19","-22,000","5,19"
20221115,4051653300272,4260705920089,"1,000","2,99","-1,000","2,99"
20221116,4051653300272,4260705920089,"1,000","2,99","-2,000","2,99"
20221104,4051653300272,4260705920089,"1,000","2,99","-1,000","2,99"
20220801,4051653300272,4260705920089,"1,000","5,39","-20,000","5,39"
20220804,4051653300272,4260705920089,"1,000","5,39","-21,000","5,39"
20230109,4051653300272,4260705920089,"1,000","2,99","-1,000","2,99"
20220815,4051653300272,4260705920089,"1,000","5,39","-24,000","5,39"
20220819,4051653300272,4260705920089,"1,000","5,39","-21,000","5,39"
20220719,4051653300272,4260705920089,"1,000","5,39","-20,000","5,39"
20220722,4051653300272,4260705920089,"2,000","5,39","-22,000","10,78"
20230118,4051653300272,4260705920089,"2,000","2,99","-2,000","5,98"
20221107,4051653300272,4260705920089,"1,000","2,99","-2,000","2,99"
20221108,4051653300272,4260705920089,"1,000","2,99","-2,000","2,99"
20221109,4051653300272,4260705920089,"1,000","2,99","-3,000","2,99"
20220627,4051653300272,4260705920089,"1,000","5,19","-23,000","5,19"
20220629,4051653300272,4260705920089,"1,000","5,19","-21,000","5,19"
20220630,4051653300272,4260705920089,"1,000","5,19","-22,000","5,19"
20220702,4051653300272,4260705920089,"1,000","5,19","-23,000","5,19"
20221202,4051653300272,4260705920089,"1,000","2,99","-1,000","2,99"
20221207,4051653300272,4260705920089,"1,000","2,99","-1,000","2,99"
20221208,4051653300272,4260705920089,"1,000","2,99","-2,000","2,99"
20221001,4051653300272,4260705920089,"1,000","5,39","-20,000","5,39"
20221122,4051653300272,4260705920089,"1,000","2,99","-1,000","2,99"
20221125,4051653300272,4260705920089,"1,000","2,99","-2,000","2,99"
20220822,4051653300272,4260705920089,"1,000","5,39","-22,000","5,39"
20220823,4051653300272,4260705920089,"1,000","5,39","-21,000","5,39"
20220825,4051653300272,4260705920089,"1,000","5,39","-22,000","5,39"
20220826,4051653300272,4260705920089,"1,000","5,39","-23,000","5,39"
20220827,4051653300272,4260705920089,"1,000","5,39","-24,000","5,39"
20230123,4051653300272,4260705920089,"1,000","2,99","-1,000","2,99"
20230126,4051653300272,4260705920089,"1,000","2,99","-2,000","2,99"
20220917,4051653300272,4260705920133,"1,000","8,99","-2,000","8,99"
20221217,4051653300272,4260705920133,"1,000","8,99","-1,000","8,99"
20220520,4051653300272,4260705920133,"1,000","8,79","-1,000","8,79"
20230131,4051653300272,4260705920133,"1,000","8,99","-1,000","8,99"
20230114,4051653300272,4260705920133,"1,000","8,99","-1,000","8,99"
20230107,4051653300272,4260705920133,"1,000","8,99","-1,000","8,99"
20221203,4051653300272,4260705920133,"1,000","8,99","-1,000","8,99"
20221001,4051653300272,4260705920133,"1,000","8,99","-2,000","8,99"
20221125,4051653300272,4260705920133,"1,000","8,99","-1,000","8,99"
20220827,4051653300272,4260705920133,"1,000","8,99","-2,000","8,99"
20220912,4051653300319,4260705920027,"1,000","3,59","2,000","3,59"
20220913,4051653300319,4260705920027,"1,000","3,59","2,000","3,59"
20220914,4051653300319,4260705920027,"1,000","3,59","-2,000","3,59"
20220915,4051653300319,4260705920027,"1,000","3,59","-3,000","3,59"
20221212,4051653300319,4260705920027,"1,000","3,89","-5,000","3,89"
20221213,4051653300319,4260705920027,"1,000","3,89","-5,000","3,89"
20221214,4051653300319,4260705920027,"1,000","3,89","-6,000","3,89"
20221219,4051653300319,4260705920027,"1,000","3,89","-7,000","3,89"
20221220,4051653300319,4260705920027,"1,000","3,89","-5,000","3,89"
20221119,4051653300319,4260705920027,"1,000","3,89","-4,000","3,89"
20221105,4051653300319,4260705920027,"1,000","3,89","-4,000","3,89"
20221024,4051653300319,4260705920027,"1,000","3,89","-4,000","3,89"
20221205,4051653300319,4260705920027,"1,000","3,89","-4,000","3,89"
20220929,4051653300319,4260705920027,"1,000","3,59","-4,000","3,59"
20220930,4051653300319,4260705920027,"2,000","3,59","-6,000","7,18"
20221125,4051653300319,4260705920027,"1,000","3,89","-4,000","3,89"
