Data/merged_raw.csv
Date,StoreID,ProductID,Quantity,Price,Quantity_perWeek,Price_Total_perOrder
20220912,4051653300319,4260705920416,"2,000","5,99","4,000","11,98"
20220913,4051653300319,4260705920416,"2,000","5,99","4,000","11,98"
20220914,4051653300319,4260705920416,"2,000","5,99","-4,000","11,98"
20220915,4051653300319,4260705920416,"2,000","5,99","-6,000","11,98"
20220916,4051653300319,4260705920416,"1,000","5,99","-7,000","5,99"
20220917,4051653300319,4260705920416,"1,000","5,99","-8,000","5,99"
20221227,4051653300319,4260705920416,"2,000","7,19","-8,000","14,38"
20221215,4051653300319,4260705920416,"1,000","7,19","-7,000","7,19"
20221216,4051653300319,4260705920416,"1,000","7,19","-8,000","7,19"
20221217,4051653300319,4260705920416,"1,000","7,19","-9,000","7,19"
20230130,4051653300319,4260705920416,"1,000","7,19","-7,000","7,19"
20230204,4051653300319,4260705920416,"1,000","7,19","-8,000","7,19"
20221010,4051653300319,4260705920416,"1,000","5,99","-17,000","5,99"
20221011,4051653300319,4260705920416,"1,000","5,99","-8,000","5,99"
20221012,4051653300319,4260705920416,"2,000","5,99","-10,000","11,98"
20221013,4051653300319,4260705920416,"2,000","5,99","-12,000","11,98"
20221014,4051653300319,4260705920416,"1,000","5,99","-13,000","5,99"
20221015,4051653300319,4260705920416,"1,000","5,99","-14,000","5,99"
20221220,4051653300319,4260705920416,"1,000","7,19","-7,000","7,19"
20221221,4051653300319,4260705920416,"1,000","7,19","-8,000","7,19"
20221222,4051653300319,4260705920416,"1,000","7,19","-9,000","7,19"
20221223,4051653300319,4260705920416,"1,000","7,19","-10,000","7,19"
20220919,4051653300319,4260705920416,"1,000","5,99","-9,000","5,99"
20220920,4051653300319,4260705920416,"1,000","5,99","-8,000","5,99"
20220921,4051653300319,4260705920416,"2,000","5,99","-10,000","11,98"
20220922,4051653300319,4260705920416,"2,000","5,99","-12,000","11,98"
20220923,4051653300319,4260705920416,"1,000","5,99","-13,000","5,99"
20220924,4051653300319,4260705920416,"2,000","5,99","-15,000","11,98"
20221114,4051653300319,4260705920416,"1,000","7,19","-13,000","7,19"
20221115,4051653300319,4260705920416,"1,000","7,19","-8,000","7,19"
20221117,4051653300319,4260705920416,"2,000","7,19","-10,000","14,38"
20221119,4051653300319,4260705920416,"1,000","7,19","-11,000","7,19"
20221102,4051653300319,4260705920416,"1,000","7,19","-7,000","7,19"
20221104,4051653300319,4260705920416,"1,000","7,19","-8,000","7,19"
20221105,4051653300319,4260705920416,"2,000","7,19","-10,000","14,38"
20230109,4051653300319,4260705920416,"1,000","7,19","-7,000","7,19"
20230112,4051653300319,4260705920416,"1,000","7,19","-8,000","7,19"
20230113,4051653300319,4260705920416,"1,000","7,19","-9,000","7,19"
20230114,4051653300319,4260705920416,"1,000","7,19","-10,000","7,19"
20221024,4051653300319,4260705920416,"1,000","7,19","-13,000","7,19"
20221025,4051653300319,4260705920416,"1,000","7,19","-8,000","7,19"
20221026,4051653300319,4260705920416,"1,000","7,19","-9,000","7,19"
20221028,4051653300319,4260705920416,"1,000","7,19","-10,000","7,19"
20221029,4051653300319,4260705920416,"1,000","7,19","-11,000","7,19"
20221004,4051653300319,4260705920416,"2,000","5,99","-8,000","11,98"
20221005,4051653300319,4260705920416,"2,000","5,99","-10,000","11,98"
20221006,4051653300319,4260705920416,"2,000","5,99","-12,000","11,98"
20221007,4051653300319,4260705920416,"2,000","5,99","-14,000","11,98"
20221008,4051653300319,4260705920416,"2,000","5,99","-16,000","11,98"
20230117,4051653300319,4260705920416,"1,000","7,19","-11,000","7,19"
20230119,4051653300319,4260705920416,"1,000","7,19","-8,000","7,19"
20230120,4051653300319,4260705920416,"1,000","7,19","-9,000","7,19"
20221108,4051653300319,4260705920416,"1,000","7,19","-7,000","7,19"
20221109,4051653300319,4260705920416,"1,000","7,19","-8,000","7,19"
20221110,4051653300319,4260705920416,"1,000","7,19","-9,000","7,19"
20221111,4051653300319,4260705920416,"1,000","7,19","-10,000","7,19"
20221112,4051653300319,4260705920416,"2,000","7,19","-12,000","14,38"
20230102,4051653300319,4260705920416,"1,000","7,19","-7,000","7,19"
20230103,4051653300319,4260705920416,"1,000","7,19","-8,000","7,19"
20230106,4051653300319,4260705920416,"1,000","7,19","-9,000","7,19"
20230107,4051653300319,4260705920416,"1,000","7,19","-10,000","7,19"
20220909,4051653300319,4260705920416,"2,000","5,99","-2,000","11,98"
20220910,4051653300319,4260705920416,"1,000","5,99","-3,000","5,99"
20221130,4051653300319,4260705920416,"1,000","7,19","-7,000","7,19"
20221201,4051653300319,4260705920416,"1,000","7,19","-8,000","7,19"
20221205,4051653300319,4260705920416,"1,000","7,19","-9,000","7,19"
20221207,4051653300319,4260705920416,"1,000","7,19","-8,000","7,19"
20221208,4051653300319,4260705920416,"1,000","7,19","-9,000","7,19"
20221209,4051653300319,4260705920416,"1,000","7,19","-10,000","7,19"
20220926,4051653300319,4260705920416,"1,000","5,99","-16,000","5,99"
20220927,4051653300319,4260705920416,"2,000","5,99","-9,000","11,98"
20220928,4051653300319,4260705920416,"2,000","5,99","-11,000","11,98"
20220929,4051653300319,4260705920416,"2,000","5,99","-13,000","11,98"
20220930,4051653300319,4260705920416,"3,000","5,99","-16,000","17,97"
20221001,4051653300319,4260705920416,"2,000","5,99","-18,000","11,98"
20221121,4051653300319,4260705920416,"1,000","7,19","-12,000","7,19"
20221122,4051653300319,4260705920416,"1,000","7,19","-8,000","7,19"
20221123,4051653300319,4260705920416,"1,000","7,19","-9,000","7,19"
20221124,4051653300319,4260705920416,"1,000","7,19","-10,000","7,19"
20221125,4051653300319,4260705920416,"1,000","7,19","-11,000","7,19"
20221017,4051653300319,4260705920416,"1,000","5,99","-15,000","5,99"
20221018,4051653300319,4260705920416,"1,000","5,99","-8,000","5,99"
20221019,4051653300319,4260705920416,"1,000","5,99","-9,000","5,99"
20221020,4051653300319,4260705920416,"1,000","7,19","-10,000","7,19"
20221021,4051653300319,4260705920416,"1,000","7,19","-11,000","7,19"
20221022,4051653300319,4260705920416,"1,000","7,19","-12,000","7,19"
20230123,4051653300319,4260705920416,"1,000","7,19","-7,000","7,19"
20230124,4051653300319,4260705920416,"1,000","7,19","-8,000","7,19"
20230126,4051653300319,4260705920416,"1,000","7,19","-9,000","7,19"
20230127,4051653300319,4260705920416,"1,000","7,19","-10,000","7,19"
20230128,4051653300319,4260705920416,"1,000","7,19","-11,000","7,19"
20220913,4051653300319,4260705920072,"2,000","5,79","-2,000","11,58"
20220916,4051653300319,4260705920072,"2,000","5,79","-4,000","11,58"
20220917,4051653300319,4260705920072,"2,000","5,79","-6,000","11,58"
20221227,4051653300319,4260705920072,"1,000","5,99","-1,000","5,99"
20221214,4051653300319,4260705920072,"1,000","5,99","-1,000","5,99"
20221215,4051653300319,4260705920072,"1,000","5,99","-2,000","5,99"
20221216,4051653300319,4260705920072,"1,000","5,99","-3,000","5,99"
20230130,4051653300319,4260705920072,"1,000","5,99","-1,000","5,99"
20230202,4051653300319,4260705920072,"1,000","5,99","-2,000","5,99"
20230203,4051653300319,4260705920072,"1,000","5,99","-3,000","5,99"
20230204,4051653300319,4260705920072,"1,000","5,99","-4,000","5,99"
20221013,4051653300319,4260705920072,"1,000","5,79","-1,000","5,79"
20221014,4051653300319,4260705920072,"1,000","5,79","-2,000","5,79"
20221015,4051653300319,4260705920072,"1,000","5,79","-3,000","5,79"
20221221,4051653300319,4260705920072,"1,000","5,99","-1,000","5,99"
20221223,4051653300319,4260705920072,"1,000","5,99","-2,000","5,99"
20220920,4051653300319,4260705920072,"1,000","5,79","-1,000","5,79"
20220921,4051653300319,4260705920072,"1,000","5,79","-2,000","5,79"
20220922,4051653300319,4260705920072,"1,000","5,79","-3,000","5,79"
20220923,4051653300319,4260705920072,"1,000","5,79","-4,000","5,79"
20220924,4051653300319,4260705920072,"1,000","5,79","-5,000","5,79"
20221117,4051653300319,4260705920072,"1,000","5,99","-1,000","5,99"
20221119,4051653300319,4260705920072,"1,000","5,99","-2,000","5,99"
20221101,4051653300319,4260705920072,"2,000","5,99","-2,000","11,98"
20221103,4051653300319,4260705920072,"1,000","5,99","-3,000","5,99"
20221105,4051653300319,4260705920072,"2,000","5,99","-5,000","11,98"
20230109,4051653300319,4260705920072,"1,000","5,99","-1,000","5,99"
20230111,4051653300319,4260705920072,"1,000","5,99","-2,000","5,99"
20230112,4051653300319,4260705920072,"1,000","5,99","-3,000","5,99"
20230113,4051653300319,4260705920072,"1,000","5,99","-4,000","5,99"
20230114,4051653300319,4260705920072,"1,000","5,99","-5,000","5,99"
20221025,4051653300319,4260705920072,"1,000","5,99","-1,000","5,99"
20221026,4051653300319,4260705920072,"1,000","5,99","-2,000","5,99"
20221027,4051653300319,4260705920072,"1,000","5,99","-3,000","5,99"
20221028,4051653300319,4260705920072,"1,000","5,99","-4,000","5,99"
20221029,4051653300319,4260705920072,"1,000","5,99","-5,000","5,99"
20221004,4051653300319,4260705920072,"1,000","5,79","-1,000","5,79"
20221005,4051653300319,4260705920072,"1,000","5,79","-2,000","5,79"
20221006,4051653300319,4260705920072,"1,000","5,79","-3,000","5,79"
20221007,4051653300319,4260705920072,"2,000","5,79","-5,000","11,58"
20221008,4051653300319,4260705920072,"2,000","5,79","-7,000","11,58"
20230117,4051653300319,4260705920072,"1,000","5,99","-6,000","5,99"
20230119,4051653300319,4260705920072,"1,000","5,99","-2,000","5,99"
20230120,4051653300319,4260705920072,"1,000","5,99","-3,000","5,99"
20230121,4051653300319,4260705920072,"1,000","5,99","-4,000","5,99"
20221108,4051653300319,4260705920072,"1,000","5,99","-1,000","5,99"
20221109,4051653300319,4260705920072,"1,000","5,99","-2,000","5,99"
20221110,4051653300319,4260705920072,"1,000","5,99","-3,000","5,99"
20221112,4051653300319,4260705920072,"1,000","5,99","-4,000","5,99"
20230105,4051653300319,4260705920072,"1,000","5,99","-1,000","5,99"
20230107,4051653300319,4260705920072,"1,000","5,99","-2,000","5,99"
20220910,4051653300319,4260705920072,"1,000","5,79","-1,000","5,79"
20221128,4051653300319,4260705920072,"1,000","5,99","-4,000","5,99"
20221129,4051653300319,4260705920072,"1,000","5,99","-2,000","5,99"
20221130,4051653300319,4260705920072,"1,000","5,99","-3,000","5,99"
20221201,4051653300319,4260705920072,"1,000","5,99","-4,000","5,99"
20221202,4051653300319,4260705920072,"1,000","5,99","-5,000","5,99"
20221205,4051653300319,4260705920072,"1,000","5,99","-6,000","5,99"
20221206,4051653300319,4260705920072,"1,000","5,99","-2,000","5,99"
20221207,4051653300319,4260705920072,"1,000","5,99","-3,000","5,99"
20221209,4051653300319,4260705920072,"1,000","5,99","-4,000","5,99"
20221210,4051653300319,4260705920072,"1,000","5,99","-5,000","5,99"
20220926,4051653300319,4260705920072,"1,000","5,79","-6,000","5,79"
20220927,4051653300319,4260705920072,"1,000","5,79","-2,000","5,79"
20220928,4051653300319,4260705920072,"1,000","5,79","-3,000","5,79"
20220930,4051653300319,4260705920072,"3,000","5,79","-6,000","17,37"
20221001,4051653300319,4260705920072,"2,000","5,79","-8,000","11,58"
20221121,4051653300319,4260705920072,"1,000","5,99","-3,000","5,99"
20221122,4051653300319,4260705920072,"1,000","5,99","-2,000","5,99"
20221123,4051653300319,4260705920072,"1,000","5,99","-3,000","5,99"
20221018,4051653300319,4260705920072,"1,000","5,79","-1,000","5,79"
20221019,4051653300319,4260705920072,"1,000","5,79","-2,000","5,79"
20221020,4051653300319,4260705920072,"2,000","5,99","-4,000","11,98"
20221021,4051653300319,4260705920072,"1,000","5,99","-5,000","5,99"
20221022,4051653300319,4260705920072,"1,000","5,99","-6,000","5,99"
20230124,4051653300319,4260705920072,"1,000","5,99","-1,000","5,99"
20230127,4051653300319,4260705920072,"1,000","5,99","-2,000","5,99"
20230128,4051653300319,4260705920072,"1,000","5,99","-3,000","5,99"
20220913,4051653300319,4260705920249,"1,000","4,29","5,000","4,29"
20220914,4051653300319,4260705920249,"2,000","4,29","-3,000","8,58"
20220916,4051653300319,4260705920249,"2,000","4,29","-5,000","8,58"
20220917,4051653300319,4260705920249,"2,000","4,29","-7,000","8,58"
20221227,4051653300319,4260705920249,"1,000","4,69","-7,000","4,69"
20221212,4051653300319,4260705920249,"1,000","4,69","-12,000","4,69"
20221214,4051653300319,4260705920249,"1,000","4,69","-8,000","4,69"
20221217,4051653300319,4260705920249,"1,000","4,69","-9,000","4,69"
20230131,4051653300319,4260705920249,"1,000","4,69","-7,000","4,69"
20230202,4051653300319,4260705920249,"1,000","4,69","-8,000","4,69"
20230203,4051653300319,4260705920249,"1,000","4,69","-9,000","4,69"
20221010,4051653300319,4260705920249,"3,000","4,29","-15,000","12,87"
20221012,4051653300319,4260705920249,"2,000","4,29","-11,000","8,58"
20221014,4051653300319,4260705920249,"1,000","4,29","-12,000","4,29"
20221015,4051653300319,4260705920249,"2,000","4,29","-14,000","8,58"
20221219,4051653300319,4260705920249,"1,000","4,69","-10,000","4,69"
20221221,4051653300319,4260705920249,"1,000","4,69","-8,000","4,69"
20221222,4051653300319,4260705920249,"1,000","4,69","-9,000","4,69"
20221223,4051653300319,4260705920249,"1,000","4,69","-10,000","4,69"
20220921,4051653300319,4260705920249,"1,000","4,29","-7,000","4,29"
20220922,4051653300319,4260705920249,"2,000","4,29","-9,000","8,58"
20220923,4051653300319,4260705920249,"2,000","4,29","-11,000","8,58"
20220924,4051653300319,4260705920249,"1,000","4,29","-12,000","4,29"
20221115,4051653300319,4260705920249,"1,000","4,69","-7,000","4,69"
20221117,4051653300319,4260705920249,"1,000","4,69","-8,000","4,69"
20221101,4051653300319,4260705920249,"1,000","4,69","-7,000","4,69"
20221102,4051653300319,4260705920249,"1,000","4,69","-8,000","4,69"
20221104,4051653300319,4260705920249,"3,000","4,69","-11,000","14,07"
20221105,4051653300319,4260705920249,"3,000","4,69","-14,000","14,07"
20230109,4051653300319,4260705920249,"1,000","4,69","-7,000","4,69"
20230114,4051653300319,4260705920249,"1,000","4,69","-8,000","4,69"
20221024,4051653300319,4260705920249,"2,000","4,69","-12,000","9,38"
20221027,4051653300319,4260705920249,"1,000","4,69","-9,000","4,69"
20221028,4051653300319,4260705920249,"1,000","4,69","-10,000","4,69"
20221029,4051653300319,4260705920249,"1,000","4,69","-11,000","4,69"
20221005,4051653300319,4260705920249,"2,000","4,29","-8,000","8,58"
20221006,4051653300319,4260705920249,"2,000","4,29","-10,000","8,58"
20221008,4051653300319,4260705920249,"2,000","4,29","-12,000","8,58"
20230118,4051653300319,4260705920249,"1,000","4,69","-7,000","4,69"
20230119,4051653300319,4260705920249,"1,000","4,69","-8,000","4,69"
20230120,4051653300319,4260705920249,"1,000","4,69","-9,000","4,69"
20221107,4051653300319,4260705920249,"1,000","4,69","-15,000","4,69"
20221108,4051653300319,4260705920249,"1,000","4,69","-8,000","4,69"
20221110,4051653300319,4260705920249,"1,000","4,69","-9,000","4,69"
20221111,4051653300319,4260705920249,"3,000","4,69","-12,000","14,07"
20221112,4051653300319,4260705920249,"2,000","4,69","-14,000","9,38"
20230104,4051653300319,4260705920249,"1,000","4,69","-7,000","4,69"
20230106,4051653300319,4260705920249,"1,000","4,69","-8,000","4,69"
20230107,4051653300319,4260705920249,"1,000","4,69","-9,000","4,69"
20221129,4051653300319,4260705920249,"1,000","4,69","-7,000","4,69"
20221201,4051653300319,4260705920249,"1,000","4,69","-8,000","4,69"
20221203,4051653300319,4260705920249,"1,000","4,69","-9,000","4,69"
20221205,4051653300319,4260705920249,"1,000","4,69","-10,000","4,69"
20221207,4051653300319,4260705920249,"1,000","4,69","-8,000","4,69"
20221208,4051653300319,4260705920249,"1,000","4,69","-9,000","4,69"
20221209,4051653300319,4260705920249,"1,000","4,69","-10,000","4,69"
20221210,4051653300319,4260705920249,"1,000","4,69","-11,000","4,69"
20220926,4051653300319,4260705920249,"2,000","4,29","-14,000","8,58"
20220927,4051653300319,4260705920249,"2,000","4,29","-10,000","8,58"
20220929,4051653300319,4260705920249,"1,000","4,29","-11,000","4,29"
20220930,4051653300319,4260705920249,"1,000","4,29","-12,000","4,29"
20221001,4051653300319,4260705920249,"1,000","4,29","-13,000","4,29"
20221122,4051653300319,4260705920249,"1,000","4,69","-7,000","4,69"
20221123,4051653300319,4260705920249,"1,000","4,69","-8,000","4,69"
20221125,4051653300319,4260705920249,"1,000","4,69","-9,000","4,69"
20221017,4051653300319,4260705920249,"1,000","4,29","-15,000","4,29"
20221018,4051653300319,4260705920249,"1,000","4,29","-8,000","4,29"
20221021,4051653300319,4260705920249,"1,000","4,69","-9,000","4,69"
20221022,4051653300319,4260705920249,"1,000","4,69","-10,000","4,69"
20230123,4051653300319,4260705920249,"1,000","4,69","-7,000","4,69"
20230124,4051653300319,4260705920249,"1,000","4,69","-8,000","4,69"
20230126,4051653300319,4260705920249,"1,000","4,69","-9,000","4,69"
20230128,4051653300319,4260705920249,"1,000","4,69","-10,000","4,69"
