Data/merged_raw.csv
Date,StoreID,ProductID,Quantity,Price,Quantity_perWeek,Price_Total_perOrder
20220914,4051653300319,4260705920034,"1,000","3,39","-1,000","3,39"
20220915,4051653300319,4260705920034,"1,000","3,39","-2,000","3,39"
20221227,4051653300319,4260705920034,"1,000","3,89","-4,000","3,89"
20221213,4051653300319,4260705920034,"1,000","3,89","-4,000","3,89"
20230201,4051653300319,4260705920034,"1,000","3,89","-4,000","3,89"
20230202,4051653300319,4260705920034,"1,000","3,89","-5,000","3,89"
20221010,4051653300319,4260705920034,"1,000","3,39","-6,000","3,39"
20221014,4051653300319,4260705920034,"1,000","3,39","-5,000","3,39"
20221219,4051653300319,4260705920034,"1,000","3,89","-5,000","3,89"
20221220,4051653300319,4260705920034,"1,000","3,89","-5,000","3,89"
20221114,4051653300319,4260705920034,"1,000","3,89","-9,000","3,89"
20221116,4051653300319,4260705920034,"1,000","3,89","-5,000","3,89"
20221103,4051653300319,4260705920034,"1,000","3,89","-4,000","3,89"
20221105,4051653300319,4260705920034,"1,000","3,89","-5,000","3,89"
20221025,4051653300319,4260705920034,"1,000","3,89","-4,000","3,89"
20221028,4051653300319,4260705920034,"1,000","3,89","-5,000","3,89"
20221029,4051653300319,4260705920034,"1,000","3,89","-6,000","3,89"
20221005,4051653300319,4260705920034,"1,000","3,39","-4,000","3,39"
20221008,4051653300319,4260705920034,"1,000","3,39","-5,000","3,39"
20230116,4051653300319,4260705920034,"1,000","3,89","-4,000","3,89"
20221107,4051653300319,4260705920034,"1,000","3,89","-6,000","3,89"
20221108,4051653300319,4260705920034,"1,000","3,89","-5,000","3,89"
20221109,4051653300319,4260705920034,"1,000","3,89","-6,000","3,89"
20221110,4051653300319,4260705920034,"1,000","3,89","-7,000","3,89"
20221112,4051653300319,4260705920034,"1,000","3,89","-8,000","3,89"
20221128,4051653300319,4260705920034,"1,000","3,89","-7,000","3,89"
20221130,4051653300319,4260705920034,"1,000","3,89","-5,000","3,89"
20221201,4051653300319,4260705920034,"1,000","3,89","-6,000","3,89"
20221205,4051653300319,4260705920034,"1,000","3,89","-7,000","3,89"
20221207,4051653300319,4260705920034,"1,000","3,89","-5,000","3,89"
20221208,4051653300319,4260705920034,"1,000","3,89","-6,000","3,89"
20220929,4051653300319,4260705920034,"1,000","3,39","-4,000","3,39"
20220930,4051653300319,4260705920034,"1,000","3,39","-5,000","3,39"
20221001,4051653300319,4260705920034,"1,000","3,39","-6,000","3,39"
20221122,4051653300319,4260705920034,"1,000","3,89","-4,000","3,89"
20221123,4051653300319,4260705920034,"1,000","3,89","-5,000","3,89"
20221126,4051653300319,4260705920034,"1,000","3,89","-6,000","3,89"
20221022,4051653300319,4260705920034,"1,000","3,89","-4,000","3,89"
20230123,4051653300319,4260705920034,"1,000","3,89","-4,000","3,89"
20230124,4051653300319,4260705920034,"1,000","3,89","-5,000","3,89"
20230126,4051653300319,4260705920034,"1,000","3,89","-6,000","3,89"
20220917,4051653300319,4260705920065,"1,000","5,79","-1,000","5,79"
20221014,4051653300319,4260705920065,"1,000","5,79","-6,000","5,79"
20221015,4051653300319,4260705920065,"1,000","5,79","-7,000","5,79"
20220923,4051653300319,4260705920065,"1,000","5,79","-6,000","5,79"
20220924,4051653300319,4260705920065,"1,000","5,79","-7,000","5,79"
20221104,4051653300319,4260705920065,"3,000","5,69","-8,000","17,07"
20221105,4051653300319,4260705920065,"2,000","5,69","-10,000","11,38"
20221028,4051653300319,4260705920065,"1,000","5,69","-6,000","5,69"
20221029,4051653300319,4260705920065,"1,000","5,69","-7,000","5,69"
20221007,4051653300319,4260705920065,"1,000","5,79","-6,000","5,79"
20221008,4051653300319,4260705920065,"1,000","5,79","-7,000","5,79"
20221111,4051653300319,4260705920065,"3,000","5,69","-8,000","17,07"
20221112,4051653300319,4260705920065,"1,000","5,69","-9,000","5,69"
20221021,4051653300319,4260705920065,"1,000","5,69","-6,000","5,69"
20221022,4051653300319,4260705920065,"1,000","5,69","-7,000","5,69"
20220829,4051653300272,4260705920188,"1,000","7,49","-11,000","7,49"
20220830,4051653300272,4260705920188,"1,000","7,49","-9,000","7,49"
20220712,4051653300272,4260705920188,"1,000","7,49","-8,000","7,49"
20220713,4051653300272,4260705920188,"1,000","7,49","-9,000","7,49"
20220517,4051653300272,4260705920188,"1,000","7,39","-1,000","7,39"
20220519,4051653300272,4260705920188,"1,000","7,39","-2,000","7,39"
20220523,4051653300272,4260705920188,"1,000","7,39","-3,000","7,39"
20220524,4051653300272,4260705920188,"1,000","7,39","-4,000","7,39"
20220531,4051653300272,4260705920188,"1,000","7,39","-5,000","7,39"
20220601,4051653300272,4260705920188,"1,000","7,39","-6,000","7,39"
20220609,4051653300272,4260705920188,"1,000","7,39","-7,000","7,39"
20220705,4051653300272,4260705920188,"1,000","7,49","-8,000","7,49"
20220706,4051653300272,4260705920188,"1,000","7,49","-9,000","7,49"
20220707,4051653300272,4260705920188,"1,000","7,49","-10,000","7,49"
20220623,4051653300272,4260705920188,"1,000","7,39","-8,000","7,39"
20220624,4051653300272,4260705920188,"2,000","7,39","-10,000","14,78"
20220817,4051653300272,4260705920188,"1,000","7,49","-8,000","7,49"
20220905,4051653300272,4260705920188,"1,000","7,49","-10,000","7,49"
20220906,4051653300272,4260705920188,"1,000","7,49","-9,000","7,49"
20220627,4051653300272,4260705920188,"1,000","7,39","-11,000","7,39"
20220628,4051653300272,4260705920188,"2,000","7,39","-10,000","14,78"
20220630,4051653300272,4260705920188,"1,000","7,39","-11,000","7,39"
20220823,4051653300272,4260705920188,"1,000","7,49","-8,000","7,49"
20220826,4051653300272,4260705920188,"1,000","7,49","-9,000","7,49"
20220827,4051653300272,4260705920188,"1,000","7,49","-10,000","7,49"
20220829,4051653300272,4260705920263,"1,000","52,99","-2,000","52,99"
20220903,4051653300272,4260705920263,"1,000","52,99","-3,000","52,99"
20221231,4051653300272,4260705920263,"1,000","52,99","-1,000","52,99"
20220520,4051653300272,4260705920263,"1,000","49,99","-1,000","49,99"
20221015,4051653300272,4260705920263,"1,000","52,99","-1,000","52,99"
20220820,4051653300272,4260705920263,"1,000","52,99","-2,000","52,99"
20221028,4051653300272,4260705920263,"1,000","52,99","-1,000","52,99"
20221022,4051653300272,4260705920263,"1,000","52,99","-1,000","52,99"
20220713,4051653300272,4260705920171,"1,000","8,29","-19,000","8,29"
20220714,4051653300272,4260705920171,"1,000","8,29","-20,000","8,29"
20220509,4051653300272,4260705920171,"1,000","7,99","-1,000","7,99"
20220510,4051653300272,4260705920171,"1,000","7,99","-2,000","7,99"
20220512,4051653300272,4260705920171,"1,000","7,99","-3,000","7,99"
20220513,4051653300272,4260705920171,"1,000","7,99","-4,000","7,99"
20220514,4051653300272,4260705920171,"1,000","7,99","-5,000","7,99"
20220525,4051653300272,4260705920171,"1,000","7,99","-6,000","7,99"
20220602,4051653300272,4260705920171,"1,000","7,99","-7,000","7,99"
20220603,4051653300272,4260705920171,"1,000","7,99","-8,000","7,99"
20220604,4051653300272,4260705920171,"1,000","7,99","-9,000","7,99"
20220607,4051653300272,4260705920171,"1,000","7,99","-10,000","7,99"
20220608,4051653300272,4260705920171,"1,000","7,99","-11,000","4,79"
20220609,4051653300272,4260705920171,"2,000","7,99","-13,000","15,98"
20220610,4051653300272,4260705920171,"1,000","7,99","-14,000","7,99"
20220611,4051653300272,4260705920171,"3,000","7,99","-17,000","23,97"
20230131,4051653300272,4260705920171,"1,000","8,29","-1,000","8,29"
20230202,4051653300272,4260705920171,"1,000","8,29","-2,000","8,29"
20220709,4051653300272,4260705920171,"1,000","8,29","-19,000","8,29"
20220923,4051653300272,4260705920171,"1,000","8,29","-18,000","8,29"
20221118,4051653300272,4260705920171,"1,000","8,29","-1,000","8,29"
20220802,4051653300272,4260705920171,"1,000","8,29","-19,000","8,29"
20220806,4051653300272,4260705920171,"1,000","8,29","-20,000","8,29"
20221029,4051653300272,4260705920171,"1,000","8,29","-1,000","8,29"
20220628,4051653300272,4260705920171,"1,000","7,99","-19,000","7,99"
20220813,4051653300272,4260705920287,"1,000","45,99","-3,000","45,99"
20221215,4051653300272,4260705920287,"1,000","45,99","-1,000","45,99"
20220528,4051653300272,4260705920287,"1,000","43,99","-1,000","43,99"
20220610,4051653300272,4260705920287,"1,000","43,99","-2,000","43,99"
20230202,4051653300272,4260705920287,"1,000","45,99","-1,000","45,99"
20221104,4051653300272,4260705920287,"1,000","45,99","-1,000","45,99"
20220804,4051653300272,4260705920287,"1,000","45,99","-3,000","45,99"
20220820,4051653300272,4260705920287,"1,000","45,99","-3,000","45,99"
20221007,4051653300272,4260705920287,"1,000","45,99","-1,000","45,99"
20220910,4051653300272,4260705920287,"1,000","45,99","-3,000","45,99"
